10-30 13:02:53.623 11883 11430 W PhenotypeFlagCommitter: 	at pbc.run(Unknown Source:7)
10-30 13:02:53.623 11883 11430 W PhenotypeFlagCommitter: 	... 1 more
10-30 13:02:53.623 11883 12373 I AsyncOpDispatcher: 51-GetConfigurationSnapshotOperationCall
10-30 13:02:53.635 11883 12373 I AsyncOpDispatcher: 51-CommitToConfigurationOperationCall
10-30 13:02:53.642 11883 12762 E aghj    : Phenotype API error. Event a <
10-30 13:02:53.642 11883 12762 E aghj    :   a: ""
10-30 13:02:53.642 11883 12762 E aghj    :   b: 0
10-30 13:02:53.642 11883 12762 E aghj    :   e: ""
10-30 13:02:53.642 11883 12762 E aghj    :   f: ""
10-30 13:02:53.642 11883 12762 E aghj    :   g: 0
10-30 13:02:53.642 11883 12762 E aghj    :   h: 0
10-30 13:02:53.642 11883 12762 E aghj    :   i: ""
10-30 13:02:53.642 11883 12762 E aghj    :   j: 0
10-30 13:02:53.642 11883 12762 E aghj    : >
10-30 13:02:53.642 11883 12762 E aghj    : e: # bjyw@f512994d
10-30 13:02:53.642 11883 12762 E aghj    : , EventCode: 5 -- metadata{ service_id: 51 }
10-30 13:02:53.642 11883 12762 E aghj    : aggc: 29500: Empty (package not registered?) or malformed snapshot token: 
10-30 13:02:53.642 11883 12762 E aghj    : 	at aghm.a(:com.google.android.gms@12689019@12.6.89 (040300-198638573):8)
10-30 13:02:53.642 11883 12762 E aghj    : 	at aghl.b(:com.google.android.gms@12689019@12.6.89 (040300-198638573):1)
10-30 13:02:53.642 11883 12762 E aghj    : 	at aghj.a(:com.google.android.gms@12689019@12.6.89 (040300-198638573):40)
10-30 13:02:53.642 11883 12762 E aghj    : 	at aghj.a(:com.google.android.gms@12689019@12.6.89 (040300-198638573):108)
10-30 13:02:53.642 11883 12762 E aghj    : 	at oqt.run(:com.google.android.gms@12689019@12.6.89 (040300-198638573):40)
10-30 13:02:53.642 11883 12762 E aghj    : 	at azva.run(:com.google.android.gms@12689019@12.6.89 (040300-198638573):2)
10-30 13:02:53.642 11883 12762 E aghj    : 	at ovb.run(:com.google.android.gms@12689019@12.6.89 (040300-198638573):27)
10-30 13:02:53.642 11883 12762 E aghj    : 	at java.util.concurrent.ThreadPoolExecutor.runWorker(ThreadPoolExecutor.java:1162)
10-30 13:02:53.642 11883 12762 E aghj    : 	at java.util.concurrent.ThreadPoolExecutor$Worker.run(ThreadPoolExecutor.java:636)
10-30 13:02:53.642 11883 12762 E aghj    : 	at pbc.run(Unknown Source:7)
10-30 13:02:53.642 11883 12762 E aghj    : 	at java.lang.Thread.run(Thread.java:764)
10-30 13:02:53.643 11883 12762 E AsyncOperation: serviceID=51, operation=CommitToConfigurationOperationCall
10-30 13:02:53.643 11883 12762 E AsyncOperation: OperationException[Status{statusCode=Empty (package not registered?) or malformed snapshot token: , resolution=null}]
10-30 13:02:53.643 11883 12762 E AsyncOperation: 	at aghj.a(:com.google.android.gms@12689019@12.6.89 (040300-198638573):53)
10-30 13:02:53.643 11883 12762 E AsyncOperation: 	at aghj.a(:com.google.android.gms@12689019@12.6.89 (040300-198638573):108)
10-30 13:02:53.643 11883 12762 E AsyncOperation: 	at oqt.run(:com.google.android.gms@12689019@12.6.89 (040300-198638573):40)
10-30 13:02:53.643 11883 12762 E AsyncOperation: 	at azva.run(:com.google.android.gms@12689019@12.6.89 (040300-198638573):2)
10-30 13:02:53.643 11883 12762 E AsyncOperation: 	at ovb.run(:com.google.android.gms@12689019@12.6.89 (040300-198638573):27)
10-30 13:02:53.643 11883 12762 E AsyncOperation: 	at java.util.concurrent.ThreadPoolExecutor.runWorker(ThreadPoolExecutor.java:1162)
10-30 13:02:53.643 11883 12762 E AsyncOperation: 	at java.util.concurrent.ThreadPoolExecutor$Worker.run(ThreadPoolExecutor.java:636)
10-30 13:02:53.643 11883 12762 E AsyncOperation: 	at pbc.run(Unknown Source:7)
10-30 13:02:53.643 11883 12762 E AsyncOperation: 	at java.lang.Thread.run(Thread.java:764)
10-30 13:02:53.644 11883 11430 W PhenotypeFlagCommitter: Committing snapshot for com.google.android.gms.playlog.uploader failed, retrying
10-30 13:02:53.644 11883 11430 W PhenotypeFlagCommitter: java.util.concurrent.ExecutionException: nsa: 29500: Empty (package not registered?) or malformed snapshot token: 
10-30 13:02:53.644 11883 11430 W PhenotypeFlagCommitter: 	at anhv.b(:com.google.android.gms@12689019@12.6.89 (040300-198638573):4)
10-30 13:02:53.644 11883 11430 W PhenotypeFlagCommitter: 	at anhv.a(:com.google.android.gms@12689019@12.6.89 (040300-198638573):27)
10-30 13:02:53.644 11883 11430 W PhenotypeFlagCommitter: 	at agfm.a(:com.google.android.gms@12689019@12.6.89 (040300-198638573):28)
10-30 13:02:53.644 11883 11430 W PhenotypeFlagCommitter: 	at agfm.a(:com.google.android.gms@12689019@12.6.89 (040300-198638573):33)
10-30 13:02:53.644 11883 11430 W PhenotypeFlagCommitter: 	at com.google.android.gms.clearcut.uploader.QosUploaderChimeraService.c(:com.google.android.gms@12689019@12.6.89 (040300-198638573):5)
10-30 13:02:53.644 11883 11430 W PhenotypeFlagCommitter: 	at com.google.android.gms.clearcut.uploader.QosUploaderChimeraService.a(:com.google.android.gms@12689019@12.6.89 (040300-198638573):19)
10-30 13:02:53.644 11883 11430 W PhenotypeFlagCommitter: 	at com.google.android.gms.clearcut.uploader.QosUploaderChimeraService.a(:com.google.android.gms@12689019@12.6.89 (040300-198638573):8)
10-30 13:02:53.644 11883 11430 W PhenotypeFlagCommitter: 	at vqa.run(:com.google.android.gms@12689019@12.6.89 (040300-198638573):1)
10-30 13:02:53.644 11883 11430 W PhenotypeFlagCommitter: 	at java.util.concurrent.ThreadPoolExecutor.runWorker(ThreadPoolExecutor.java:1162)
10-30 13:02:53.644 11883 11430 W PhenotypeFlagCommitter: 	at java.util.concurrent.ThreadPoolExecutor$Worker.run(ThreadPoolExecutor.java:636)
10-30 13:02:53.644 11883 11430 W PhenotypeFlagCommitter: 	at java.lang.Thread.run(Thread.java:764)
10-30 13:02:53.644 11883 11430 W PhenotypeFlagCommitter: Caused by: nsa: 29500: Empty (package not registered?) or malformed snapshot token: 
10-30 13:02:53.644 11883 11430 W PhenotypeFlagCommitter: 	at nxj.a(:com.google.android.gms@12689019@12.6.89 (040300-198638573):3)
10-30 13:02:53.644 11883 11430 W PhenotypeFlagCommitter: 	at agez.e(:com.google.android.gms@12689019@12.6.89 (040300-198638573):3)
10-30 13:02:53.644 11883 11430 W PhenotypeFlagCommitter: 	at aghl.a(:com.google.android.gms@12689019@12.6.89 (040300-198638573):8)
10-30 13:02:53.644 11883 11430 W PhenotypeFlagCommitter: 	at oqp.a(:com.google.android.gms@12689019@12.6.89 (040300-198638573):6)
10-30 13:02:53.644 11883 11430 W PhenotypeFlagCommitter: 	at oqt.run(:com.google.android.gms@12689019@12.6.89 (040300-198638573):44)
10-30 13:02:53.644 11883 11430 W PhenotypeFlagCommitter: 	at azva.run(:com.google.android.gms@12689019@12.6.89 (040300-198638573):2)
10-30 13:02:53.644 11883 11430 W PhenotypeFlagCommitter: 	at ovb.run(:com.google.android.gms@12689019@12.6.89 (040300-198638573):27)
10-30 13:02:53.644 11883 11430 W PhenotypeFlagCommitter: 	at java.util.concurrent.ThreadPoolExecutor.runWorker(ThreadPoolExecutor.java:1162)
10-30 13:02:53.644 11883 11430 W PhenotypeFlagCommitter: 	at java.util.concurrent.ThreadPoolExecutor$Worker.run(ThreadPoolExecutor.java:636)
10-30 13:02:53.644 11883 11430 W PhenotypeFlagCommitter: 	at pbc.run(Unknown Source:7)
10-30 13:02:53.644 11883 11430 W PhenotypeFlagCommitter: 	... 1 more
10-30 13:02:53.645 11883 11430 W PhenotypeFlagCommitter: No more attempts remaining, giving up for com.google.android.gms.playlog.uploader
10-30 13:02:53.675 11883 11430 E NetworkScheduler.ATC: Trying to release unacquired lock: com.google.android.gms/.clearcut.uploader.QosUploaderService
10-30 13:02:54.787 11094 11160 E PlayCommon: [54489] com.google.android.play.b.g.a(850): Failed to connect to server: java.net.SocketTimeoutException: failed to connect to play.googleapis.com/172.217.24.42 (port 443) from /10.0.0.14 (port 41444) after 10000ms
10-30 13:02:54.884 11094 11160 I PlayCommon: [54489] com.google.android.play.b.g.f(547): Preparing logs for uploading
10-30 13:02:54.890 11094 11160 I PlayCommon: [54489] com.google.android.play.b.x.a(45): Connecting to server for timestamp: https://play.googleapis.com/play/log/timestamp
10-30 13:02:54.891 11094 11160 W System  : ClassLoader referenced unknown path: system/framework/mediatek-cta.jar
10-30 13:02:54.894 11094 11160 I System.out: e:java.lang.ClassNotFoundException: com.mediatek.cta.CtaHttp
10-30 13:02:54.897 11030 11621 W libc-netbsd: [getaddrinfo]: hostname=play.googleapis.com; servname=(null); netid=1627; mark=788059; ai_flags=1024; ai_family=0
10-30 13:02:54.898 11030 11621 W libc-netbsd: default dns: query_ipv6=0, query_ipv4=1
10-30 13:02:54.936 11030 11621 W libc-netbsd: res_queryN name = play.googleapis.com succeed
10-30 13:02:54.940 11094 11160 W libc-netbsd: getaddrinfo: play.googleapis.com get result from proxy gai_error = 0
10-30 13:02:54.941 11094 11160 W System  : ClassLoader referenced unknown path: system/framework/mediatek-cta.jar
10-30 13:02:54.943 11094 11160 I System.out: e:java.lang.ClassNotFoundException: com.mediatek.cta.CtaHttp
10-30 13:02:54.943 11094 11160 I System.out: [socket] connection play.googleapis.com/216.58.199.106:443;LocalPort=-1(10000)
10-30 13:02:55.446   406   491 I DynamicFpsPolicy: oldRequest: fps[-1] mode[0] --> newRequest: fps[-1] mode[0] num[r:0|rs:0]
10-30 13:02:55.447   420   420 E ccci_rpcd: Failed to read from RPC device (-1) !! errno = 4
10-30 13:02:55.448  3057  3057 E ccci_fsd(1): Failed to read from FS device (-1) !! errno = 4
10-30 13:02:55.448  3108  3156 E VoLTE IMSM: Interrupt happen Interrupted system call (4) (module/mdagent/volte_imsm_93/src/imsmmd.c:2614)
10-30 13:02:55.449  3106  3123 I [BIP]   :  [BIP AGENT] can not read data now, FD = (5), error number = (-1238790943)
10-30 13:02:55.450  3112  3151 E VoLTE IMCB-CM: RECEIVE error code: EINTR, Need to retry #51
10-30 13:09:32.292   420   420 E ccci_rpcd: Failed to read from RPC device (-1) !! errno = 4
10-30 13:09:32.295  3057  3057 E ccci_fsd(1): Failed to read from FS device (-1) !! errno = 4
10-30 13:09:32.295  3112  3151 E VoLTE IMCB-CM: RECEIVE error code: EINTR, Need to retry #51
10-30 13:09:32.300  3108  3156 E VoLTE IMSM: Interrupt happen Interrupted system call (4) (module/mdagent/volte_imsm_93/src/imsmmd.c:2614)
10-30 13:09:32.301   406   491 I DynamicFpsPolicy: oldRequest: fps[-1] mode[0] --> newRequest: fps[-1] mode[0] num[r:0|rs:0]
10-30 13:09:32.353 11113 11131 I WifiService: requestActivityInfo uid=1000
10-30 13:09:32.354 11113 11131 I WifiService: reportActivityInfo uid=1000
10-30 13:09:32.354 11113 11131 I WifiService: getSupportedFeatures uid=1000
10-30 13:09:32.356   405   405 I WifiHAL : [WIFI HAL]wifi_get_supported_feature_set: handle=0xa8095638, feature_set=0x801018
10-30 13:09:32.357   405   405 I WifiHAL : [WIFI HAL]wifi_get_supported_feature_set: handle=0xa8095638, feature_set=0x801018
10-30 13:09:32.368 11113 11131 E BatteryExternalStatsWorker: no controller energy info supplied for wifi
10-30 13:12:38.836   406   491 I DynamicFpsPolicy: oldRequest: fps[-1] mode[0] --> newRequest: fps[-1] mode[0] num[r:0|rs:0]
10-30 13:12:38.837   420   420 E ccci_rpcd: Failed to read from RPC device (-1) !! errno = 4
10-30 13:12:38.839  3106  3123 I [BIP]   :  [BIP AGENT] can not read data now, FD = (5), error number = (-1238790943)
10-30 13:12:38.841  3112  3151 E VoLTE IMCB-CM: RECEIVE error code: EINTR, Need to retry #51
10-30 13:12:38.846  3108  3156 E VoLTE IMSM: Interrupt happen Interrupted system call (4) (module/mdagent/volte_imsm_93/src/imsmmd.c:2614)
10-30 13:12:38.847  3057  3057 E ccci_fsd(1): Failed to read from FS device (-1) !! errno = 4
10-30 13:12:38.872 11113 11131 I WifiService: requestActivityInfo uid=1000
10-30 13:12:38.872 11113 11131 I WifiService: reportActivityInfo uid=1000
10-30 13:12:38.872 11113 11131 I WifiService: getSupportedFeatures uid=1000
10-30 13:12:38.874   405   405 I WifiHAL : [WIFI HAL]wifi_get_supported_feature_set: handle=0xa8095638, feature_set=0x801018
10-30 13:12:38.875   405   405 I WifiHAL : [WIFI HAL]wifi_get_supported_feature_set: handle=0xa8095638, feature_set=0x801018
10-30 13:12:38.886 11113 11131 E BatteryExternalStatsWorker: no controller energy info supplied for wifi
10-30 13:12:38.897 11113 11131 I WifiService: requestActivityInfo uid=1000
10-30 13:12:38.898 11113 11131 I WifiService: reportActivityInfo uid=1000
10-30 13:12:38.898 11113 11131 I WifiService: getSupportedFeatures uid=1000
10-30 13:12:38.900   405   405 I WifiHAL : [WIFI HAL]wifi_get_supported_feature_set: handle=0xa8095638, feature_set=0x801018
10-30 13:12:38.902   405   405 I WifiHAL : [WIFI HAL]wifi_get_supported_feature_set: handle=0xa8095638, feature_set=0x801018
10-30 13:12:38.912 11113 11131 E BatteryExternalStatsWorker: no controller energy info supplied for wifi
10-30 13:12:38.977 11113 11113 I DeviceIdleController: updateChargingLocked: charging=false
10-30 13:12:38.987 12067 12067 W ContextImpl: Calling a method in the system process without a qualified user: android.app.ContextImpl.startService:1477 android.content.ContextWrapper.startService:654 com.tct.onetouchbooster.service.BoosterService$BatteryChangeReceiver.onReceive:5206 android.app.LoadedApk$ReceiverDispatcher$Args.lambda$-android_app_LoadedApk$ReceiverDispatcher$Args_53034:1323 android.app.-$Lambda$aS31cHIhRx41653CMnd4gZqshIQ.$m$7:4 
10-30 13:12:39.081 12067 12067 W BatteryStatsHelper: Unable to read history to file
10-30 13:12:39.081 12067 12067 W BatteryStatsHelper: java.io.FileNotFoundException: /data/user/0/com.tct.onetouchbooster/files/stats (No such file or directory)
10-30 13:12:39.081 12067 12067 W BatteryStatsHelper: 	at java.io.FileInputStream.open0(Native Method)
10-30 13:12:39.081 12067 12067 W BatteryStatsHelper: 	at java.io.FileInputStream.open(FileInputStream.java:200)
10-30 13:12:39.081 12067 12067 W BatteryStatsHelper: 	at java.io.FileInputStream.<init>(FileInputStream.java:150)
10-30 13:12:39.081 12067 12067 W BatteryStatsHelper: 	at com.android.internal.os.BatteryStatsHelper.statsFromFile(BatteryStatsHelper.java:218)
10-30 13:12:39.081 12067 12067 W BatteryStatsHelper: 	at com.tct.onetouchbooster.module.battery.tools.BatteryLifeCalculateHelper.getRemainTimeFromSystemSettings(BatteryLifeCalculateHelper.java:141)
10-30 13:12:39.081 12067 12067 W BatteryStatsHelper: 	at com.tct.onetouchbooster.service.BoosterService$BatteryChangeReceiver.onReceive(BoosterService.java:5252)
10-30 13:12:39.081 12067 12067 W BatteryStatsHelper: 	at android.app.LoadedApk$ReceiverDispatcher$Args.lambda$-android_app_LoadedApk$ReceiverDispatcher$Args_53034(LoadedApk.java:1323)
10-30 13:12:39.081 12067 12067 W BatteryStatsHelper: 	at android.app.-$Lambda$aS31cHIhRx41653CMnd4gZqshIQ.$m$7(Unknown Source:4)
10-30 13:12:39.081 12067 12067 W BatteryStatsHelper: 	at android.app.-$Lambda$aS31cHIhRx41653CMnd4gZqshIQ.run(Unknown Source:39)
10-30 13:12:39.081 12067 12067 W BatteryStatsHelper: 	at android.os.Handler.handleCallback(Handler.java:790)
10-30 13:12:39.081 12067 12067 W BatteryStatsHelper: 	at android.os.Handler.dispatchMessage(Handler.java:99)
10-30 13:12:39.081 12067 12067 W BatteryStatsHelper: 	at android.os.Looper.loop(Looper.java:164)
10-30 13:12:39.081 12067 12067 W BatteryStatsHelper: 	at android.app.ActivityThread.main(ActivityThread.java:6641)
10-30 13:12:39.081 12067 12067 W BatteryStatsHelper: 	at java.lang.reflect.Method.invoke(Native Method)
10-30 13:12:39.081 12067 12067 W BatteryStatsHelper: 	at com.android.internal.os.RuntimeInit$MethodAndArgsCaller.run(RuntimeInit.java:445)
10-30 13:12:39.081 12067 12067 W BatteryStatsHelper: 	at com.android.internal.os.ZygoteInit.main(ZygoteInit.java:870)
10-30 13:12:39.084 11113 11131 I WifiService: requestActivityInfo uid=1000
10-30 13:12:39.084 11113 11131 I WifiService: reportActivityInfo uid=1000
10-30 13:12:39.084 11113 11131 I WifiService: getSupportedFeatures uid=1000
10-30 13:12:39.086   405   405 I WifiHAL : [WIFI HAL]wifi_get_supported_feature_set: handle=0xa8095638, feature_set=0x801018
10-30 13:12:39.087   405   405 I WifiHAL : [WIFI HAL]wifi_get_supported_feature_set: handle=0xa8095638, feature_set=0x801018
10-30 13:12:39.098 11113 11131 E BatteryExternalStatsWorker: no controller energy info supplied for wifi
10-30 13:12:39.099 11113 11131 E BatteryExternalStatsWorker: no controller energy info supplied for bluetooth
10-30 13:12:39.121   406   491 I DynamicFpsPolicy: oldRequest: fps[-1] mode[0] --> newRequest: fps[-1] mode[0] num[r:0|rs:0]
10-30 13:12:39.121   420   420 E ccci_rpcd: Failed to read from RPC device (-1) !! errno = 4
10-30 13:12:39.122  3057  3057 E ccci_fsd(1): Failed to read from FS device (-1) !! errno = 4
10-30 13:12:39.123  3108  3156 E VoLTE IMSM: Interrupt happen Interrupted system call (4) (module/mdagent/volte_imsm_93/src/imsmmd.c:2614)
10-30 13:12:39.124  3112  3151 E VoLTE IMCB-CM: RECEIVE error code: EINTR, Need to retry #51
10-30 13:12:39.148 11113 11131 E KernelCpuSpeedReader: Failed to read cpu-freq: /sys/devices/system/cpu/cpu0/cpufreq/stats/time_in_state (No such file or directory)
10-30 13:12:39.263 11113 11131 I WifiService: requestActivityInfo uid=1000
10-30 13:12:39.264 11113 11131 I WifiService: reportActivityInfo uid=1000
10-30 13:12:39.264 11113 11131 I WifiService: getSupportedFeatures uid=1000
10-30 13:12:39.264   405   405 I WifiHAL : [WIFI HAL]wifi_get_supported_feature_set: handle=0xa8095638, feature_set=0x801018
10-30 13:12:39.265   405   405 I WifiHAL : [WIFI HAL]wifi_get_supported_feature_set: handle=0xa8095638, feature_set=0x801018
10-30 13:12:39.271 11113 11131 E BatteryExternalStatsWorker: no controller energy info supplied for wifi
10-30 13:12:39.271 11113 11131 E BatteryExternalStatsWorker: no controller energy info supplied for bluetooth
10-30 13:12:39.312 11113 11131 E KernelCpuSpeedReader: Failed to read cpu-freq: /sys/devices/system/cpu/cpu0/cpufreq/stats/time_in_state (No such file or directory)
10-30 13:19:32.291   406   491 I DynamicFpsPolicy: oldRequest: fps[-1] mode[0] --> newRequest: fps[-1] mode[0] num[r:0|rs:0]
10-30 13:19:32.294  3057  3057 E ccci_fsd(1): Failed to read from FS device (-1) !! errno = 4
10-30 13:19:32.294  3106  3123 I [BIP]   :  [BIP AGENT] can not read data now, FD = (5), error number = (-1238790943)
10-30 13:19:32.294   420   420 E ccci_rpcd: Failed to read from RPC device (-1) !! errno = 4
10-30 13:19:32.294  3108  3156 E VoLTE IMSM: Interrupt happen Interrupted system call (4) (module/mdagent/volte_imsm_93/src/imsmmd.c:2614)
10-30 13:19:32.297  3112  3151 E VoLTE IMCB-CM: RECEIVE error code: EINTR, Need to retry #51
10-30 13:19:32.320 11113 11128 E KernelCpuSpeedReader: Failed to read cpu-freq: /sys/devices/system/cpu/cpu0/cpufreq/stats/time_in_state (No such file or directory)
10-30 13:19:33.261   406   491 I DynamicFpsPolicy: oldRequest: fps[-1] mode[0] --> newRequest: fps[-1] mode[0] num[r:0|rs:0]
10-30 13:19:33.262   420   420 E ccci_rpcd: Failed to read from RPC device (-1) !! errno = 4
10-30 13:19:33.267  3057  3057 E ccci_fsd(1): Failed to read from FS device (-1) !! errno = 4
10-30 13:19:33.267  3108  3156 E VoLTE IMSM: Interrupt happen Interrupted system call (4) (module/mdagent/volte_imsm_93/src/imsmmd.c:2614)
10-30 13:19:33.270  3112  3151 E VoLTE IMCB-CM: RECEIVE error code: EINTR, Need to retry #51
10-30 13:19:33.275 11113 11131 I WifiService: requestActivityInfo uid=1000
10-30 13:19:33.275 11113 11131 I WifiService: reportActivityInfo uid=1000
10-30 13:19:33.275 11113 11131 I WifiService: getSupportedFeatures uid=1000
10-30 13:19:33.285   405   405 I WifiHAL : [WIFI HAL]wifi_get_supported_feature_set: handle=0xa8095638, feature_set=0x801018
10-30 13:19:33.286   405   405 I WifiHAL : [WIFI HAL]wifi_get_supported_feature_set: handle=0xa8095638, feature_set=0x801018
10-30 13:19:33.293  2928  2928 I thermal_repeater: [recvMdThermalInfo] ret=33, strLen=127,  2, 32767, -127, 101, 32767, 3745
10-30 13:19:33.295 11113 11131 E BatteryExternalStatsWorker: no controller energy info supplied for wifi
10-30 13:19:33.842 11113 11143 I libsuspend: ws name: WLAN timeout, act_since: 3, act_cnt: 638029, ev_cnt: 2454857, wakeup_cnt: 74200
10-30 13:19:33.926   406   491 I DynamicFpsPolicy: oldRequest: fps[-1] mode[0] --> newRequest: fps[-1] mode[0] num[r:0|rs:0]
10-30 13:19:33.928   420   420 E ccci_rpcd: Failed to read from RPC device (-1) !! errno = 4
10-30 13:19:33.928  3106  3123 I [BIP]   :  [BIP AGENT] can not read data now, FD = (5), error number = (-1238790943)
10-30 13:19:33.929  3108  3156 E VoLTE IMSM: Interrupt happen Interrupted system call (4) (module/mdagent/volte_imsm_93/src/imsmmd.c:2614)
10-30 13:19:33.930  3057  3057 E ccci_fsd(1): Failed to read from FS device (-1) !! errno = 4
10-30 13:19:33.930  3112  3151 E VoLTE IMCB-CM: RECEIVE error code: EINTR, Need to retry #51
10-30 13:29:33.293   406   491 I DynamicFpsPolicy: oldRequest: fps[-1] mode[0] --> newRequest: fps[-1] mode[0] num[r:0|rs:0]
10-30 13:29:33.293   420   420 E ccci_rpcd: Failed to read from RPC device (-1) !! errno = 4
10-30 13:29:33.296  3057  3057 E ccci_fsd(1): Failed to read from FS device (-1) !! errno = 4
10-30 13:29:33.297  3108  3156 E VoLTE IMSM: Interrupt happen Interrupted system call (4) (module/mdagent/volte_imsm_93/src/imsmmd.c:2614)
10-30 13:29:33.300  3112  3151 E VoLTE IMCB-CM: RECEIVE error code: EINTR, Need to retry #51
10-30 13:29:33.354 11113 11131 I WifiService: requestActivityInfo uid=1000
10-30 13:29:33.355 11113 11131 I WifiService: reportActivityInfo uid=1000
10-30 13:29:33.355 11113 11131 I WifiService: getSupportedFeatures uid=1000
10-30 13:29:33.361   405   405 I WifiHAL : [WIFI HAL]wifi_get_supported_feature_set: handle=0xa8095638, feature_set=0x801018
10-30 13:29:33.363   405   405 I WifiHAL : [WIFI HAL]wifi_get_supported_feature_set: handle=0xa8095638, feature_set=0x801018
10-30 13:29:33.373 11113 11131 E BatteryExternalStatsWorker: no controller energy info supplied for wifi
10-30 13:30:20.927   420   420 E ccci_rpcd: Failed to read from RPC device (-1) !! errno = 4
10-30 13:30:20.927   406   491 I DynamicFpsPolicy: oldRequest: fps[-1] mode[0] --> newRequest: fps[-1] mode[0] num[r:0|rs:0]
10-30 13:30:20.928  3057  3057 E ccci_fsd(1): Failed to read from FS device (-1) !! errno = 4
10-30 13:30:20.928  3106  3123 I [BIP]   :  [BIP AGENT] can not read data now, FD = (5), error number = (-1238790943)
10-30 13:30:20.929  3108  3156 E VoLTE IMSM: Interrupt happen Interrupted system call (4) (module/mdagent/volte_imsm_93/src/imsmmd.c:2614)
10-30 13:30:20.930  3112  3151 E VoLTE IMCB-CM: RECEIVE error code: EINTR, Need to retry #51
10-30 13:30:20.940 11113 11239 I PowerManagerService: Waking up from sleep (uid=1000 reason=android.policy:POWER)...
10-30 13:30:20.944  2900  3078 E flpscreen: flp_screen_monitor_thread: Screen on
10-30 13:30:20.945  2900  3078 E flpscreen: flp_screen_monitor_thread: Wake Monitor Restart
10-30 13:30:20.961 11113 11113 I DataShapingService: openLteGateSuccess = true
10-30 13:30:20.984 11113 11141 E KernelCpuSpeedReader: Failed to read cpu-freq: /sys/devices/system/cpu/cpu0/cpufreq/stats/time_in_state (No such file or directory)
10-30 13:30:20.985 11113 11141 I DisplayPowerController: Blocking screen on until initial contents have been drawn.
10-30 13:30:20.992 11113 11129 I WindowManager: Waiting for drawn Window{1bf37f1 u0 StatusBar}: removed=false visible=true mHasSurface=true drawState=1
10-30 13:30:20.996 11113 11210 I WindowManager: Waiting for drawn Window{1bf37f1 u0 StatusBar}: removed=false visible=true mHasSurface=true drawState=1
10-30 13:30:20.999 11113 11317 I libsuspend: autosuspend_debugger_disable
10-30 13:30:21.000 11113 11317 I libsuspend: autosuspend_debugger_disable done
10-30 13:30:21.000   408   441 I vendor.mediatek.hardware.power@1.1-impl: setInteractive Restore All
10-30 13:30:21.001   408   440 I powerd  : [powerd_req] POWER_MSG_SCN_RESTORE_ALL
10-30 13:30:21.003 11113 11135 I DisplayManagerService: Display device changed state: "", ON
10-30 13:30:21.009 11113 11210 I WindowManager: Waiting for drawn Window{1bf37f1 u0 StatusBar}: removed=false visible=true mHasSurface=true drawState=1
10-30 13:30:21.010 11113 11239 I InputReader: Reconfiguring input devices.  changes=0x00000004
10-30 13:30:21.010   399 23544 I hwcomposer: [HWC] Display(0) SetPowerMode(2)  
10-30 13:30:21.019 11113 11210 I WindowManager: Waiting for drawn Window{1bf37f1 u0 StatusBar}: removed=false visible=true mHasSurface=true drawState=1
10-30 13:30:21.020 11113 11253 I NetworkStatsRecorder: recordSnapshotLocked: ident[[{type=WIFI, subType=COMBINED, networkId="CMT", metered=false}]]
10-30 13:30:21.020 11113 11253 W NetworkStatsRecorder: unknown interfaces [lo, tun0], ignoring those stats
10-30 13:30:21.020 11113 11253 I NetworkStatsRecorder: recordSnapshotLocked: ident[[{type=WIFI, subType=COMBINED, networkId="CMT", metered=false}]]
10-30 13:30:21.021 11030 11030 I Binder:11030_2: type=1400 audit(0.0:72497): avc: denied { add_name } for name="globalAlert" scontext=u:r:netd:s0 tcontext=u:object_r:proc_net:s0 tclass=dir permissive=1
10-30 13:30:21.021 11030 11030 I Binder:11030_2: type=1400 audit(0.0:72498): avc: denied { create } for name="globalAlert" scontext=u:r:netd:s0 tcontext=u:object_r:proc_net:s0 tclass=file permissive=1
10-30 13:30:21.021 11030 11030 I Binder:11030_2: type=1400 audit(0.0:72499): avc: denied { associate } for name="globalAlert" scontext=u:object_r:proc_net:s0 tcontext=u:object_r:proc:s0 tclass=filesystem permissive=1
10-30 13:30:21.021 11113 11253 W NetworkStatsRecorder: unknown interfaces [lo, tun0], ignoring those stats
10-30 13:30:21.021 11113 11253 I NetworkStatsRecorder: recordSnapshotLocked: ident[[{type=WIFI, subType=COMBINED, networkId="CMT", metered=false}]]
10-30 13:30:21.022 11113 11253 I chatty  : uid=1000(system) NetworkStats identical 3 lines
10-30 13:30:21.022 11113 11253 I NetworkStatsRecorder: recordSnapshotLocked: ident[[{type=WIFI, subType=COMBINED, networkId="CMT", metered=false}]]
10-30 13:30:21.023 11113 11253 W NetworkStatsRecorder: unknown interfaces [lo, tun0], ignoring those stats
10-30 13:30:21.024 11113 11253 I NetworkStatsRecorder: recordSnapshotLocked: ident[[{type=WIFI, subType=COMBINED, networkId="CMT", metered=false}]]
10-30 13:30:21.024 11113 11253 I chatty  : uid=1000(system) NetworkStats identical 6 lines
10-30 13:30:21.025 11113 11253 I NetworkStatsRecorder: recordSnapshotLocked: ident[[{type=WIFI, subType=COMBINED, networkId="CMT", metered=false}]]
10-30 13:30:21.025 11113 11253 W NetworkStatsRecorder: unknown interfaces [lo, tun0], ignoring those stats
10-30 13:30:21.045 11113 11113 W IdleController: PERF reportNewIdleState.... 
10-30 13:30:21.045 11113 11113 W IdleController: PERF evaluateDeadlineConstraint jobDeadline =  -261765306
10-30 13:30:21.045 11113 11113 W IdleController: PERF reportNewIdleState and evaluateDeadlineConstraint 
10-30 13:30:21.049 11113 11113 I DeviceIdleController: becomeActiveLocked, reason = screen
10-30 13:30:21.062 11564 11610 E MtkPhoneIntfMgrEx: isSharedDefaultApn incorrect parameter [getMainPhoneId = 0, dataPhoneId = -1]
10-30 13:30:21.062 11564 11610 E MtkPhoneIntfMgrEx: isSharedDefaultApn: MainPhoneId and dataPhoneId aren't the same
10-30 13:30:21.062 11564 11610 E MtkPhoneIntfMgrEx: isSharedDefaultApn: false
10-30 13:30:21.062 11113 11311 I WifiService: getWifiApEnabledState uid=1000
10-30 13:30:21.063 11113 11311 I WifiService: getWifiApEnabledState uid=1000
10-30 13:30:21.064 11113 11221 I DataShapingService: openLteGateSuccess = false
10-30 13:30:21.119 11564 11610 W TclImsManagerOP00: def_wfc_menu_show = false
10-30 13:30:21.121 11564 12376 W TclImsManagerOP00: def_wfc_menu_show = false
10-30 13:30:21.126 11113 11221 I DataShapingService: openLteGateSuccess = false
10-30 13:30:21.146 11564 11564 I TclImsManagerOP00: broadcastImsStateChanged, imsRegState=1
10-30 13:30:21.146 11883 11883 I AsyncOpDispatcher: 51-RegisterOperationCall
10-30 13:30:21.156 11564 11564 I TclImsManagerOP00: broadcastImsStateChanged, imsRegState=1
10-30 13:30:21.161 11883 12373 I AsyncOpDispatcher: 51-GetConfigurationSnapshotOperationCall
10-30 13:30:21.183 11883 11883 I TrustAgent: [TrustletManager] Device became inactive, revoking trust.
10-30 13:30:21.213  7577  7577 I OtaApp@@@IdleStatReceiver: action : android.os.action.DEVICE_IDLE_MODE_CHANGED idle false
10-30 13:30:21.213 11883 12373 I AsyncOpDispatcher: 51-CommitToConfigurationOperationCall
10-30 13:30:21.215 11113 12251 I WifiService: acquireWifiLock uid=10044 lockMode=2
10-30 13:30:21.233  2925  3408 I Accelerometer: batch: handle:0, flag:0,samplingPeriodNs:20000000 maxBatchReportLatencyNs:0
10-30 13:30:21.233  2925  3408 I Accelerometer: enable: handle:0, en:1
10-30 13:30:21.260 11113 30684 I WifiService: releaseWifiLock uid=10044
10-30 13:30:21.271 11113 11113 I ActivityManager: Start proc 11635:com.google.android.partnersetup/u0a48 for service com.google.android.partnersetup/.InstalledAppJobService
10-30 13:30:21.276  9670  9670 I ADB_SERVICES: g_pending_list length=1
10-30 13:30:21.285 10902 10902 W CheckUpdateSDKLog: [2.2.02,com.jrdcom.Elabel,318050401]->[Service created]
10-30 13:30:21.288 10902 10973 I CheckUpdateSDKLog: CheckUpdateTask->onStart()->task-loader
10-30 13:30:21.291  2944  3019 I focaltech:hal:device: got 'FF_SCREEN_ON' event.
10-30 13:30:21.293 10902 10973 I CheckUpdateSDKLog: [2.2.02,com.jrdcom.Elabel,318050401]->[CheckUpdateTask->check_update_pref_taskstatus_2018930:Error]
10-30 13:30:21.294   413   413 I DisplayDevice: [Built-in Screen (type:0)] fps:0.017659,dur:2661568.51,max:2660846.01,min:11.79
10-30 13:30:21.296 11113 11210 I WindowManager: Waiting for drawn Window{1bf37f1 u0 StatusBar}: removed=false visible=true mHasSurface=true drawState=4
10-30 13:30:21.312 10902 10973 E ActivityThread: Failed to find provider info for com.tct.gapp.middleman
10-30 13:30:21.319 10902 10973 E ActivityThread: Failed to find provider info for com.tct.gapp.middleman
10-30 13:30:21.319 11113 12228 I WifiService: getWifiEnabledState uid=1000
10-30 13:30:21.319 11113 30684 I WifiService: getConnectionInfo uid=10044
10-30 13:30:21.320 11883 11883 I Coffee-OnbodyLure: destroy
10-30 13:30:21.320 11113 12228 I WifiService: getConnectionInfo uid=1000
10-30 13:30:21.320 11883 11883 I Coffee-OnbodyLure: stop lure
10-30 13:30:21.333 10902 10902 W CheckUpdateSDKLog: [2.2.02,com.jrdcom.Elabel,318050401]->[Service destroyed]
10-30 13:30:21.341 11113 11141 I DisplayPowerController: Unblocked screen on after 356 ms
10-30 13:30:21.343 11113 11141 W PowerManagerService: Screen on took 434 ms
10-30 13:30:21.353 10902 10973 E ActivityThread: Failed to find provider info for com.tct.gapp.middleman
10-30 13:30:21.378 10902 10973 W System  : ClassLoader referenced unknown path: system/framework/mediatek-cta.jar
10-30 13:30:21.378 11335 11335 I EmergencyButton: ss.getState()=1 ss.isEmergencyOnly()=true for simId=0
10-30 13:30:21.380 10902 10973 I System.out: e:java.lang.ClassNotFoundException: com.mediatek.cta.CtaHttp
10-30 13:30:21.381 11335 11335 I EmergencyButton: ss.getState()=3 ss.isEmergencyOnly()=false for simId=1
10-30 13:30:21.383 11030 11668 W libc-netbsd: [getaddrinfo]: hostname=upgrade-us-api.tclclouds.com; servname=(null); netid=1627; mark=788059; ai_flags=1024; ai_family=0
10-30 13:30:21.383 11030 11668 W libc-netbsd: default dns: query_ipv6=0, query_ipv4=1
10-30 13:30:21.386 11113 11131 I WifiService: requestActivityInfo uid=1000
10-30 13:30:21.386 11113 11123 I zygote  : Background concurrent copying GC freed 287793(13MB) AllocSpace objects, 63(3MB) LOS objects, 42% free, 23MB/40MB, paused 707us total 312.822ms
10-30 13:30:21.386 11113 11131 I WifiService: reportActivityInfo uid=1000
10-30 13:30:21.386 11113 11131 I WifiService: getSupportedFeatures uid=1000
10-30 13:30:21.387   405   405 I WifiHAL : [WIFI HAL]wifi_get_supported_feature_set: handle=0xa8095638, feature_set=0x801018
10-30 13:30:21.387   405   405 I WifiHAL : [WIFI HAL]wifi_get_supported_feature_set: handle=0xa8095638, feature_set=0x801018
10-30 13:30:21.391 11113 11131 E BatteryExternalStatsWorker: no controller energy info supplied for wifi
10-30 13:30:21.428 11883 11672 I CheckinUtil: Classify the device as Phone.
10-30 13:30:21.433 11335 11335 I EmergencyButton: ss.getState()=1 ss.isEmergencyOnly()=true for simId=0
10-30 13:30:21.435 11335 11335 I EmergencyButton: ss.getState()=3 ss.isEmergencyOnly()=false for simId=1
10-30 13:30:21.442 11335 11335 I EmergencyButton: show = true
10-30 13:30:21.445 11113 12238 I ActivityManager: Killing 10860:com.google.android.apps.tachyon/u0a84 (adj 906): empty #9
10-30 13:30:21.446 11113 11130 W system_server: kill(-10860, 9) failed: No such process
10-30 13:30:21.457 11883 11672 W System  : ClassLoader referenced unknown path: system/framework/mediatek-cta.jar
10-30 13:30:21.458 11883 11672 I System.out: e:java.lang.ClassNotFoundException: com.mediatek.cta.CtaHttp
10-30 13:30:21.461 11030 11675 W libc-netbsd: [getaddrinfo]: hostname=cloudconfig.googleapis.com; servname=(null); netid=1627; mark=788059; ai_flags=1024; ai_family=0
10-30 13:30:21.462 11030 11675 W libc-netbsd: default dns: query_ipv6=0, query_ipv4=1
10-30 13:30:21.490 11113 11130 W system_server: kill(-10860, 9) failed: No such process
10-30 13:30:21.490 11113 11130 I system_server: Successfully killed process cgroup uid 10084 pid 10860 in 44ms
10-30 13:30:21.496 11113 30684 W ActivityManager: getContentProviderImpl ignoreProvider name = com.tct.privacymode.provider, cpr.name = ComponentInfo{com.tct.privacymode/com.tct.privacymode.PrivacyModeProvider}, r.processName  = system, cpr.noReleaseNeeded = false
10-30 13:30:21.525 11113 30684 I ActivityManager: Start proc 11678:com.tct.privacymode/1000 for content provider com.tct.privacymode/.PrivacyModeProvider
10-30 13:30:21.645 11113 30684 W Binder  : Outgoing transactions from this process must be FLAG_ONEWAY
10-30 13:30:21.645 11113 30684 W Binder  : java.lang.Throwable
10-30 13:30:21.645 11113 30684 W Binder  : 	at android.os.BinderProxy.transact(Binder.java:752)
10-30 13:30:21.645 11113 30684 W Binder  : 	at android.content.ContentProviderProxy.query(ContentProviderNative.java:416)
10-30 13:30:21.645 11113 30684 W Binder  : 	at android.content.ContentResolver.query(ContentResolver.java:754)
10-30 13:30:21.645 11113 30684 W Binder  : 	at android.content.ContentResolver.query(ContentResolver.java:704)
10-30 13:30:21.645 11113 30684 W Binder  : 	at android.content.ContentResolver.query(ContentResolver.java:662)
10-30 13:30:21.645 11113 30684 W Binder  : 	at com.android.server.notification.NotificationManagerService.isLockedApp(NotificationManagerService.java:3492)
10-30 13:30:21.645 11113 30684 W Binder  : 	at com.android.server.notification.NotificationManagerService.enqueueNotificationInternal(NotificationManagerService.java:3623)
10-30 13:30:21.645 11113 30684 W Binder  : 	at com.android.server.notification.NotificationManagerService$8.enqueueNotificationWithTag(NotificationManagerService.java:1760)
10-30 13:30:21.645 11113 30684 W Binder  : 	at android.app.INotificationManager$Stub.onTransact(INotificationManager.java:114)
10-30 13:30:21.645 11113 30684 W Binder  : 	at android.os.Binder.execTransact(Binder.java:697)
10-30 13:30:21.691 11883 11677 I NetRec  : [35734] adli.a: Refreshing scores for 150 networks.
10-30 13:30:21.697 12129 11633 W WakefulBroadcastReceiv.: No active wake lock id #235
10-30 13:30:21.704 11113 15177 E DatabaseUtils: Writing exception to parcel
10-30 13:30:21.704 11113 15177 E DatabaseUtils: java.lang.IllegalArgumentException: Invalid column: _data
10-30 13:30:21.704 11113 15177 E DatabaseUtils: 	at com.android.providers.settings.SettingsProvider.normalizeProjection(SettingsProvider.java:2012)
10-30 13:30:21.704 11113 15177 E DatabaseUtils: 	at com.android.providers.settings.SettingsProvider.query(SettingsProvider.java:418)
10-30 13:30:21.704 11113 15177 E DatabaseUtils: 	at android.content.ContentProvider.query(ContentProvider.java:1055)
10-30 13:30:21.704 11113 15177 E DatabaseUtils: 	at android.content.ContentProvider.query(ContentProvider.java:1147)
10-30 13:30:21.704 11113 15177 E DatabaseUtils: 	at android.content.ContentProvider$Transport.query(ContentProvider.java:240)
10-30 13:30:21.704 11113 15177 E DatabaseUtils: 	at android.content.ContentProviderNative.onTransact(ContentProviderNative.java:102)
10-30 13:30:21.704 11113 15177 E DatabaseUtils: 	at android.os.Binder.execTransact(Binder.java:697)
10-30 13:30:21.704 11335 15004 E RingtoneManager: isRingtoneExist() catch IllegalArgumentException, return false.
10-30 13:30:21.705 11335 15004 W System.err: java.lang.IllegalArgumentException: Invalid column: _data
10-30 13:30:21.705 11335 15004 W System.err: 	at android.database.DatabaseUtils.readExceptionFromParcel(DatabaseUtils.java:165)
10-30 13:30:21.705 11335 15004 W System.err: 	at android.database.DatabaseUtils.readExceptionFromParcel(DatabaseUtils.java:135)
10-30 13:30:21.705 11335 15004 W System.err: 	at android.content.ContentProviderProxy.query(ContentProviderNative.java:418)
10-30 13:30:21.705 11335 15004 W System.err: 	at android.content.ContentResolver.query(ContentResolver.java:754)
10-30 13:30:21.705 11335 15004 W System.err: 	at android.content.ContentResolver.query(ContentResolver.java:704)
10-30 13:30:21.705 11335 15004 W System.err: 	at android.content.ContentResolver.query(ContentResolver.java:662)
10-30 13:30:21.705 11335 15004 W System.err: 	at android.media.RingtoneManager.isRingtoneExist(RingtoneManager.java:1295)
10-30 13:30:21.705 11335 15004 W System.err: 	at com.android.systemui.media.RingtonePlayer$1.playAsync(RingtonePlayer.java:179)
10-30 13:30:21.705 11335 15004 W System.err: 	at android.media.IRingtonePlayer$Stub.onTransact(IRingtonePlayer.java:130)
10-30 13:30:21.705 11335 15004 W System.err: 	at android.os.Binder.execTransact(Binder.java:697)
10-30 13:30:21.733 11883 13714 I System.out: httppost:https://mobilenetworkscoring-pa.googleapis.com/v1/GetWifiQuality?key=AIzaSyBrlVtd67QvwS_Wz0Do4ZIdOeA6ThtVczU
10-30 13:30:21.739 11883 13714 W System  : ClassLoader referenced unknown path: system/framework/mediatek-cta.jar
10-30 13:30:21.740 11883 13714 I System.out: e:java.lang.ClassNotFoundException: com.mediatek.cta.CtaHttp
10-30 13:30:21.743 11030 11711 W libc-netbsd: [getaddrinfo]: hostname=mobilenetworkscoring-pa.googleapis.com; servname=(null); netid=1627; mark=788059; ai_flags=1024; ai_family=0
10-30 13:30:21.744 11030 11711 W libc-netbsd: default dns: query_ipv6=0, query_ipv4=1
10-30 13:30:21.746 11113 12238 I WifiService: acquireWifiLock uid=10044 lockMode=2
10-30 13:30:21.749 11113 12238 I WifiService: releaseWifiLock uid=10044
10-30 13:30:21.767  7577  7577 I OtaApp@@@ScreenOnReceiver: ACTION_SCREEN_ON
10-30 13:30:21.768  7577  7577 W ContextImpl: Calling a method in the system process without a qualified user: android.app.ContextImpl.sendBroadcast:967 android.content.ContextWrapper.sendBroadcast:441 com.tcl.ota.receiver.ScreenOnReceiver.onReceive:34 android.app.LoadedApk$ReceiverDispatcher$Args.lambda$-android_app_LoadedApk$ReceiverDispatcher$Args_53034:1323 android.app.-$Lambda$aS31cHIhRx41653CMnd4gZqshIQ.$m$7:4 
10-30 13:30:21.773  7577  7577 I OtaApp@@@DailyCheckReceiver: DailyCheckReceiver-action:screen_onnetwork:true,false
10-30 13:30:21.774  7577  7577 I OtaApp@@@AotaCheckQueue: typeList--enQueue:[AotaCheckType{type='checktype_scrrenon', todayIsCheckSuccess=false, typeIsCheckedToday=false, paramType=8}]
10-30 13:30:21.774  7577  7577 I OtaApp@@@CheckService: onStartCommand:checktype_scrrenon[AotaCheckType{type='checktype_scrrenon', todayIsCheckSuccess=false, typeIsCheckedToday=false, paramType=8}]
10-30 13:30:21.774  7577  7577 I OtaApp@@@CheckService: setCheckType:checktype_scrrenon
10-30 13:30:21.775  7577  7577 I OtaApp@@@CheckService: Today is allreday check succeed!
10-30 13:30:21.780 11029 16150 E DrmMtkUtil/DrmUtil: checkDcf: not dcf type, dcf version value [73]
10-30 13:30:21.780 11029 16150 E Cta5File: Cta5File::isCta5NormalFile false, bad magic:ID3
10-30 13:30:21.780 11029 16150 E Cta5File: Cta5File::isCta5MultimediaFile false, bad magic:
10-30 13:30:21.789 11335 11707 E MediaPlayer:  setDataSource  :  actualUri = content://media/internal/audio/media/29
10-30 13:30:21.802  2914  9988 E APEExtractor: getAPEInfo not ape 20739
10-30 13:30:21.803  2914  9988 I MtkAVStageFactory: createExtractorExt: source 0xa935cfc0 mime audio/mpeg meta 0xa92aa400
10-30 13:30:21.821 11113 30684 I MediaFocusControl: requestAudioFocus() from uid/pid 10057/11335 clientId=android.media.AudioManager@f0e10d8 callingPack=com.android.systemui req=3 flags=0x0 sdk=27
10-30 13:30:21.825 11883 11701 I NetRec  : [35735] adli.a: Refreshing scores for 150 networks.
10-30 13:30:21.846 11883 13711 I System.out: httppost:https://mobilenetworkscoring-pa.googleapis.com/v1/GetWifiQuality?key=AIzaSyBrlVtd67QvwS_Wz0Do4ZIdOeA6ThtVczU
10-30 13:30:21.853 11883 13711 W System  : ClassLoader referenced unknown path: system/framework/mediatek-cta.jar
10-30 13:30:21.856 11883 11896 I zygote  : Background concurrent copying GC freed 298157(13MB) AllocSpace objects, 30(1480KB) LOS objects, 50% free, 16MB/33MB, paused 193us total 286.665ms
10-30 13:30:21.856 11883 13711 I System.out: e:java.lang.ClassNotFoundException: com.mediatek.cta.CtaHttp
10-30 13:30:21.858 11030 11718 W libc-netbsd: [getaddrinfo]: hostname=mobilenetworkscoring-pa.googleapis.com; servname=(null); netid=1627; mark=788059; ai_flags=1024; ai_family=0
10-30 13:30:21.859 11030 11718 W libc-netbsd: default dns: query_ipv6=0, query_ipv4=1
10-30 13:30:21.872 11883 11894 W SQLiteConnectionPool: A SQLiteConnection object for database '/data/user/0/com.google.android.gms/databases/config.db' was leaked!  Please fix your application to end transactions in progress properly and to close the database when it is no longer needed.
10-30 13:30:21.901 11030 11711 W libc-netbsd: res_queryN name = mobilenetworkscoring-pa.googleapis.com succeed
10-30 13:30:21.903 11883 13714 W libc-netbsd: getaddrinfo: mobilenetworkscoring-pa.googleapis.com get result from proxy gai_error = 0
10-30 13:30:21.904 11883 13714 W System  : ClassLoader referenced unknown path: system/framework/mediatek-cta.jar
10-30 13:30:21.905 11883 13714 I System.out: e:java.lang.ClassNotFoundException: com.mediatek.cta.CtaHttp
10-30 13:30:21.905 11883 13714 I System.out: [socket] connection mobilenetworkscoring-pa.googleapis.com/172.217.31.234:443;LocalPort=-1(60000)
10-30 13:30:22.304   413   413 I DisplayDevice: [Built-in Screen (type:0)] fps:59.404392,dur:1010.03,max:94.80,min:4.43
10-30 13:30:22.318 11883 13714 I System.out: [socket][/10.0.0.14:52074] connected
10-30 13:30:22.322 11029 11714 I GenericSource: start
10-30 13:30:22.323 11883 13714 W Conscrypt: Could not set socket write timeout: java.lang.reflect.InvocationTargetException
10-30 13:30:22.324 11883 13714 W Conscrypt: 	at java.lang.reflect.Method.invoke(Native Method)
10-30 13:30:22.324 11883 13714 W Conscrypt: 	at com.google.android.gms.org.conscrypt.Platform.setSocketWriteTimeout(:com.google.android.gms@12689019@12.6.89 (040300-198638573):13)
10-30 13:30:22.324 11883 13714 W Conscrypt: Caused by: android.system.ErrnoException: setsockopt failed: EBADF (Bad file descriptor)
10-30 13:30:22.325 11883 13714 W Conscrypt: 	at libcore.io.Linux.setsockoptTimeval(Native Method)
10-30 13:30:22.325 11883 13714 W Conscrypt: 	at libcore.io.ForwardingOs.setsockoptTimeval(ForwardingOs.java:175)
10-30 13:30:22.325  2914  9988 E MP3Extractor: Unable to resync. Signalling end of stream.
10-30 13:30:22.335 11029 11731 I OMXClient: Treble IOmx obtained
10-30 13:30:22.336  2924  3558 I OMXMaster: makeComponentInstance(OMX.MTK.AUDIO.DECODER.MP3) in omx@1.0-service process
10-30 13:30:22.340  2924 27811 E OMXNodeInstance: setConfig(0xaf1ef204:MTK.DECODER.MP3, ConfigPriority(0x6f800002)) ERROR: Undefined(0x80001001)
10-30 13:30:22.341 11029 11731 I ACodec  : codec does not support config priority (err -2147483648)
10-30 13:30:22.341  2924 27811 E OMXNodeInstance: getConfig(0xaf1ef204:MTK.DECODER.MP3, ConfigAndroidVendorExtension(0x6f100004)) ERROR: Undefined(0x80001001)
10-30 13:30:22.343 11029 11731 I MediaCodec: MediaCodec will operate in async mode
10-30 13:30:22.346   387   387 W /system/bin/hw/android.hidl.allocator@1.0-service: ashmem_create_region(65536) returning hidl_memory(0xabd22330, 65536)
10-30 13:30:22.347   387   387 I chatty  : uid=1000(system) allocator@1.0-s identical 2 lines
10-30 13:30:22.347   387   387 W /system/bin/hw/android.hidl.allocator@1.0-service: ashmem_create_region(65536) returning hidl_memory(0xabd22330, 65536)
10-30 13:30:22.349   387   387 W /system/bin/hw/android.hidl.allocator@1.0-service: ashmem_create_region(4608) returning hidl_memory(0xabd22330, 4608)
10-30 13:30:22.350   387   387 I chatty  : uid=1000(system) allocator@1.0-s identical 2 lines
10-30 13:30:22.351   387   387 W /system/bin/hw/android.hidl.allocator@1.0-service: ashmem_create_region(4608) returning hidl_memory(0xabd22330, 4608)
10-30 13:30:22.353 11883 13714 I System.out: close [socket][/10.0.0.14:52074]
10-30 13:30:22.355 11883 13714 W System  : ClassLoader referenced unknown path: system/framework/mediatek-cta.jar
10-30 13:30:22.357 11883 13714 I System.out: e:java.lang.ClassNotFoundException: com.mediatek.cta.CtaHttp
10-30 13:30:22.358 11883 13714 W System  : ClassLoader referenced unknown path: system/framework/mediatek-cta.jar
10-30 13:30:22.360 11883 13714 I System.out: e:java.lang.ClassNotFoundException: com.mediatek.cta.CtaHttp
10-30 13:30:22.360 11883 13714 I System.out: [socket] connection mobilenetworkscoring-pa.googleapis.com/172.217.161.170:443;LocalPort=-1(60000)
10-30 13:30:22.365 11032 12261 W AudioCustParam: getNumMicSupport(), numMic 1 < 2, confict with dualMicFlag, set numMic == 2
10-30 13:30:22.381 11032 12261 E AudioALSAPlaybackHandlerBase: -getHardwareBufferInfo(), pcm_get_htimestamp fail, ret = -1, pcm_get_error = 
10-30 13:30:22.906  2914  9988 E MP3Extractor: Unable to resync. Signalling end of stream.
10-30 13:30:22.908  2914  9988 E MP3Extractor: Unable to resync. Signalling end of stream.
10-30 13:30:23.165 11029 11730 I NuPlayerDecoder: [audio] saw output EOS
10-30 13:30:23.309   413   413 I DisplayDevice: [Built-in Screen (type:0)] fps:63.692169,dur:1004.83,max:17.20,min:14.36
10-30 13:30:23.654 11113 29724 I MediaFocusControl: abandonAudioFocus() from uid/pid 10057/11335 clientId=android.media.AudioManager@f0e10d8
10-30 13:30:23.655 11113 11277 I AudioService: setForceUse(FOR_MEDIA, FORCE_NO_BT_A2DP) due to setBluetoothA2dpOn(false) from u/pid:1000/11113
10-30 13:30:23.961 11883 11677 W NetRec  : [35734] adli.a: Timeout after 2238 ms while waiting for score updates. Rescheduling.
10-30 13:30:23.964 11883 11677 I NetRec  : [35734] adli.a: Still entries pending update, scheduling new rapid_refresh_scores_task refresh.
10-30 13:30:23.979 11883 11677 I NetRec  : [35734] adli.a: Completed rapid_refresh_scores_task score refresh task in 2477 ms, returning 1
10-30 13:30:24.080 11883 11701 W NetRec  : [35735] adli.a: Timeout after 2237 ms while waiting for score updates. Rescheduling.
10-30 13:30:24.083 11883 11701 I NetRec  : [35735] adli.a: Still entries pending update, scheduling new refresh_scores_task refresh.
10-30 13:30:24.095 11883 11701 I NetRec  : [35735] adli.a: Completed refresh_scores_task score refresh task in 2481 ms, returning 1
10-30 13:30:24.313   413   413 I DisplayDevice: [Built-in Screen (type:0)] fps:63.720215,dur:1004.39,max:16.86,min:14.75
10-30 13:30:24.430 11113 30684 I WifiService: getDhcpInfo uid=10044
10-30 13:30:24.431 11883 31275 I AsyncOpDispatcher: 50-LightweightReportNetworkQuality
10-30 13:30:24.472 11883 11665 W Herrevad: [35730] wun.b: Invalid mccmnc 
10-30 13:30:24.476 11883 11665 W Herrevad: [35730] wun.b: Invalid mccmnc 
10-30 13:30:24.516 11883 11665 W Herrevad: [35730] wui.a: Package name not recognized after it was verified
10-30 13:30:24.656  2925  3408 I Accelerometer: enable: handle:0, en:0
10-30 13:30:24.658 11113 12228 I WifiService: acquireWifiLock uid=10044 lockMode=2
10-30 13:30:24.662 11113 12228 I WifiService: releaseWifiLock uid=10044
10-30 13:30:24.663 11113 12228 I WifiService: acquireWifiLock uid=10044 lockMode=2
10-30 13:30:24.665 11113 12228 I WifiService: releaseWifiLock uid=10044
10-30 13:30:24.666 11113 12228 I WifiService: acquireWifiLock uid=10044 lockMode=2
10-30 13:30:24.675 11113 12228 I WifiService: releaseWifiLock uid=10044
10-30 13:30:24.995 11113 11131 I WifiService: requestActivityInfo uid=1000
10-30 13:30:24.995 11113 11131 I WifiService: reportActivityInfo uid=1000
10-30 13:30:24.995 11113 11131 I WifiService: getSupportedFeatures uid=1000
10-30 13:30:24.996   405   405 I WifiHAL : [WIFI HAL]wifi_get_supported_feature_set: handle=0xa8095638, feature_set=0x801018
10-30 13:30:24.997   405   405 I WifiHAL : [WIFI HAL]wifi_get_supported_feature_set: handle=0xa8095638, feature_set=0x801018
10-30 13:30:24.998 11113 11113 I EntropyMixer: Writing entropy...
10-30 13:30:25.006 11113 11131 E BatteryExternalStatsWorker: no controller energy info supplied for wifi
10-30 13:30:25.006 11113 11131 E BatteryExternalStatsWorker: no controller energy info supplied for bluetooth
10-30 13:30:25.006 11113 11128 W BroadcastQueue: Background execution not allowed: receiving Intent { act=android.intent.action.ACTION_POWER_CONNECTED flg=0x4000010 (has extras) } to com.google.android.apps.photos/.scheduler.PowerReceiver
10-30 13:30:25.009 12067 12067 W ContextImpl: Calling a method in the system process without a qualified user: android.app.ContextImpl.startService:1477 android.content.ContextWrapper.startService:654 com.tct.onetouchbooster.service.BoosterService$BatteryChangeReceiver.onReceive:5206 android.app.LoadedApk$ReceiverDispatcher$Args.lambda$-android_app_LoadedApk$ReceiverDispatcher$Args_53034:1323 android.app.-$Lambda$aS31cHIhRx41653CMnd4gZqshIQ.$m$7:4 
10-30 13:30:25.011 11335 11335 I com.android.systemui: type=1400 audit(0.0:72500): avc: denied { search } for comm=4173796E635461736B202331313237 name="thermal" dev="sysfs" ino=21142 scontext=u:r:platform_app:s0:c512,c768 tcontext=u:object_r:sysfs_therm:s0 tclass=dir permissive=1
