10-30 10:12:00.000 11113 11221 V AlarmManager: Triggering alarm #0: Alarm{a27677f type 3 when 2941893486 android}
10-30 10:12:08.835 11113 11221 V AlarmManager: Checking for alarms... rtc=1540865528835, elapsed=2941902322
10-30 10:12:08.836 11113 11221 V AlarmManager: Triggering alarm #0: Alarm{f89f34c type 3 when 2941902322 com.google.android.gms}
10-30 10:12:09.084 11113 11221 V AlarmManager: Checking for alarms... rtc=1540865529084, elapsed=2941902570
10-30 10:12:09.084 11113 11221 V AlarmManager: Triggering alarm #0: Alarm{ea5ef95 type 2 when 2941902570 com.google.android.gms}
10-30 10:12:09.086 11113 11221 D DataShapingService: [isDataShapingWhitelistApp] packageName: android
10-30 10:12:09.087 11113 11221 D DataShapingUtils: [isDataShapingWhitelistApp] packageName: android, mWhitelist: []
10-30 10:12:09.087 11113 11221 D DataShapingService: [isDataShapingWhitelistApp] packageName: com.google.android.gms
10-30 10:12:09.088 11113 11221 D DataShapingUtils: [isDataShapingWhitelistApp] packageName: com.google.android.gms, mWhitelist: []
10-30 10:12:09.088 11113 11221 D DataShapingService: [isDataShapingWhitelistApp] packageName: com.google.android.gms
10-30 10:12:09.089 11113 11221 D DataShapingUtils: [isDataShapingWhitelistApp] packageName: com.google.android.gms, mWhitelist: []
10-30 10:12:09.089 11113 11221 D DataShapingService: [openLteDataUpLinkGate] isForce: false
10-30 10:12:09.090 11113 11221 D DataShapingService: Alarm manager openLteDataUpLinkGate: false
10-30 10:12:09.090 11113 11221 I DataShapingService: openLteGateSuccess = false
10-30 10:12:09.091 11113 11221 V AlarmManager: sending alarm Alarm{a27677f type 3 when 2941893486 android}
10-30 10:12:09.093 11113 11221 D PowerManagerService: acquireWakeLockInternal: lock=122187094, flags=0x40000001, tag="*alarm*", ws=WorkSource{1000}, uid=1000, pid=11113, packageName=android
10-30 10:12:09.094 11113 11221 V AlarmManager: sending alarm Alarm{f89f34c type 3 when 2941902322 com.google.android.gms}
10-30 10:12:09.097 11113 11221 V AlarmManager: sending alarm Alarm{ea5ef95 type 2 when 2941902570 com.google.android.gms}
10-30 10:12:09.098 11113 11221 D AlarmManager: wakeup alarm = Alarm{ea5ef95 type 2 when 2941902570 com.google.android.gms}; package = com.google.android.gms
10-30 10:12:09.147 11113 12239 V ActivityManager: callerApp:com.google.android.gms
10-30 10:12:09.149 11113 12239 V ActivityManager: bringUpServiceLocked - 2
10-30 10:12:09.152 11113 11409 D PowerManagerService: acquireWakeLockInternal: lock=91195824, flags=0x1, tag="*net_scheduler*", ws=WorkSource{10044 com.google.android.gms}, uid=10044, pid=11883, packageName=com.google.android.gms
10-30 10:12:09.158 11113 12239 V ActivityManager: callerApp:com.google.android.gms
10-30 10:12:09.160 11113 12239 V ActivityManager: bringUpServiceLocked - 2
10-30 10:12:09.225 11113 29724 D PowerManagerService: acquireWakeLockInternal: lock=148280912, flags=0x1, tag="*net_scheduler*", ws=WorkSource{10044 com.google.android.gms}, uid=10044, pid=11883, packageName=com.google.android.gms
10-30 10:12:09.263 11113 12239 D PowerManagerService: releaseWakeLockInternal: lock=148280912 [*net_scheduler*], flags=0x0, total_time=38ms, ws/pid/uid=WorkSource{10044 com.google.android.gms}/11883/10044, packageName=com.google.android.gms
10-30 10:12:09.276 11113 29724 D PowerManagerService: releaseWakeLockInternal: lock=91195824 [*net_scheduler*], flags=0x0, total_time=124ms, ws/pid/uid=WorkSource{10044 com.google.android.gms}/11883/10044, packageName=com.google.android.gms
10-30 10:12:09.276 11113 11113 D PowerManagerService: releaseWakeLockInternal: lock=122187094 [*alarm*], flags=0x0, total_time=183ms, ws/pid/uid=WorkSource{1000}/11113/1000, packageName=android
10-30 10:12:09.277 11113 29724 D PowerManagerService: acquireWakeLockInternal: lock=91195824, flags=0x1, tag="*net_scheduler*", ws=WorkSource{10044 com.google.android.gms}, uid=10044, pid=11883, packageName=com.google.android.gms
10-30 10:12:09.304 11113 29724 D PowerManagerService: acquireWakeLockInternal: lock=149675342, flags=0x1, tag="*net_scheduler*", ws=WorkSource{10044 com.google.android.gms}, uid=10044, pid=11883, packageName=com.google.android.gms
10-30 10:12:09.343 11113 12239 D PowerManagerService: acquireWakeLockInternal: lock=118933372, flags=0x1, tag="*net_scheduler*", ws=WorkSource{10044 com.google.android.gms}, uid=10044, pid=11883, packageName=com.google.android.gms
10-30 10:12:09.369 11113 29724 D PowerManagerService: releaseWakeLockInternal: lock=91195824 [*net_scheduler*], flags=0x0, total_time=92ms, ws/pid/uid=WorkSource{10044 com.google.android.gms}/11883/10044, packageName=com.google.android.gms
10-30 10:12:09.412 11113 29724 V ActivityManager: callerApp:com.google.android.gms
10-30 10:12:09.412 11113 29724 V ActivityManager: bringUpServiceLocked - 2
10-30 10:12:11.710 11113 29724 D PowerManagerService: releaseWakeLockInternal: lock=149675342 [*net_scheduler*], flags=0x0, total_time=2406ms, ws/pid/uid=WorkSource{10044 com.google.android.gms}/11883/10044, packageName=com.google.android.gms
10-30 10:12:11.732 11113 29724 D PowerManagerService: releaseWakeLockInternal: lock=118933372 [*net_scheduler*], flags=0x0, total_time=2389ms, ws/pid/uid=WorkSource{10044 com.google.android.gms}/11883/10044, packageName=com.google.android.gms
10-30 10:12:39.267 11113 11221 V AlarmManager: Checking for alarms... rtc=1540865559267, elapsed=2941932753
10-30 10:12:39.267 11113 11221 V AlarmManager: Triggering alarm #0: Alarm{f2eff81 type 2 when 2941932753 com.google.android.gms}
10-30 10:12:39.269 11113 11221 D DataShapingService: [isDataShapingWhitelistApp] packageName: com.google.android.gms
10-30 10:12:39.270 11113 11221 D DataShapingUtils: [isDataShapingWhitelistApp] packageName: com.google.android.gms, mWhitelist: []
10-30 10:12:39.271 11113 11221 D DataShapingService: [openLteDataUpLinkGate] isForce: false
10-30 10:12:39.271 11113 11221 D DataShapingService: Alarm manager openLteDataUpLinkGate: false
10-30 10:12:39.272 11113 11221 I DataShapingService: openLteGateSuccess = false
10-30 10:12:39.272 11113 11221 V AlarmManager: sending alarm Alarm{f2eff81 type 2 when 2941932753 com.google.android.gms}
10-30 10:12:39.273 11113 11221 D AlarmManager: wakeup alarm = Alarm{f2eff81 type 2 when 2941932753 com.google.android.gms}; package = com.google.android.gms
10-30 10:12:39.275 11113 11221 D PowerManagerService: acquireWakeLockInternal: lock=122187094, flags=0x1, tag="*alarm*", ws=WorkSource{10044 com.google.android.gms}, uid=1000, pid=11113, packageName=android
10-30 10:12:39.291 11113 11113 D PowerManagerService: releaseWakeLockInternal: lock=122187094 [*alarm*], flags=0x0, total_time=15ms, ws/pid/uid=WorkSource{10044 com.google.android.gms}/11113/1000, packageName=android
10-30 10:12:39.295 11113 12239 D PowerManagerService: acquireWakeLockInternal: lock=91195824, flags=0x1, tag="*net_scheduler*", ws=WorkSource{10044 com.google.android.gms}, uid=10044, pid=11883, packageName=com.google.android.gms
10-30 10:12:39.379 11113 12239 D PowerManagerService: acquireWakeLockInternal: lock=91782247, flags=0x1, tag="*net_scheduler*", ws=WorkSource{10044 com.google.android.gms}, uid=10044, pid=11883, packageName=com.google.android.gms
10-30 10:12:39.437 11113 12239 D PowerManagerService: releaseWakeLockInternal: lock=91782247 [*net_scheduler*], flags=0x0, total_time=58ms, ws/pid/uid=WorkSource{10044 com.google.android.gms}/11883/10044, packageName=com.google.android.gms
10-30 10:12:39.453 11113 29724 D PowerManagerService: releaseWakeLockInternal: lock=91195824 [*net_scheduler*], flags=0x0, total_time=158ms, ws/pid/uid=WorkSource{10044 com.google.android.gms}/11883/10044, packageName=com.google.android.gms
10-30 10:12:39.455 11113 29724 D PowerManagerService: acquireWakeLockInternal: lock=91195824, flags=0x1, tag="*net_scheduler*", ws=WorkSource{10044 com.google.android.gms}, uid=10044, pid=11883, packageName=com.google.android.gms
10-30 10:12:39.495 11113 29724 D PowerManagerService: acquireWakeLockInternal: lock=72028861, flags=0x1, tag="*net_scheduler*", ws=WorkSource{10044 com.google.android.gms}, uid=10044, pid=11883, packageName=com.google.android.gms
10-30 10:12:39.537 11113 11409 V ActivityManager: callerApp:com.google.android.gms
10-30 10:12:39.541 11113 11409 V ActivityManager: bringUpServiceLocked - 2
10-30 10:12:39.549 11113 29724 V ActivityManager: callerApp:com.google.android.gms
10-30 10:12:39.551 11113 29724 V ActivityManager: bringUpServiceLocked - 2
10-30 10:12:39.554 11113 12239 D PowerManagerService: acquireWakeLockInternal: lock=4643957, flags=0x1, tag="*net_scheduler*", ws=WorkSource{10044 com.google.android.gms}, uid=10044, pid=11883, packageName=com.google.android.gms
10-30 10:12:39.585 11113 11409 D PowerManagerService: releaseWakeLockInternal: lock=91195824 [*net_scheduler*], flags=0x0, total_time=130ms, ws/pid/uid=WorkSource{10044 com.google.android.gms}/11883/10044, packageName=com.google.android.gms
10-30 10:12:39.672 11113 12239 V ActivityManager: callerApp:com.google.android.gms
10-30 10:12:39.672 11113 12239 V ActivityManager: bringUpServiceLocked - 2
10-30 10:12:39.888 11113 11409 V ActivityManager: callerApp:com.google.android.gms
10-30 10:12:39.888 11113 11409 V ActivityManager: bringUpServiceLocked - 2
10-30 10:12:41.966 11113 11409 D PowerManagerService: releaseWakeLockInternal: lock=4643957 [*net_scheduler*], flags=0x0, total_time=2412ms, ws/pid/uid=WorkSource{10044 com.google.android.gms}/11883/10044, packageName=com.google.android.gms
10-30 10:12:44.585 11113 11221 V AlarmManager: Checking for alarms... rtc=1540865564585, elapsed=2941938071
10-30 10:12:44.585 11113 11221 V AlarmManager: Triggering alarm #0: Alarm{f20ba62 type 2 when 2941935214 com.google.android.gms}
10-30 10:12:44.587 11113 11221 D DataShapingService: [isDataShapingWhitelistApp] packageName: com.google.android.gms
10-30 10:12:44.587 11113 11221 D DataShapingUtils: [isDataShapingWhitelistApp] packageName: com.google.android.gms, mWhitelist: []
10-30 10:12:44.588 11113 11221 D DataShapingService: [openLteDataUpLinkGate] isForce: false
10-30 10:12:44.588 11113 11221 D DataShapingService: Alarm manager openLteDataUpLinkGate: false
10-30 10:12:44.588 11113 11221 I DataShapingService: openLteGateSuccess = false
10-30 10:12:44.588 11113 11221 V AlarmManager: sending alarm Alarm{f20ba62 type 2 when 2941935214 com.google.android.gms}
10-30 10:12:44.588 11113 11221 D AlarmManager: wakeup alarm = Alarm{f20ba62 type 2 when 2941935214 com.google.android.gms}; package = com.google.android.gms
10-30 10:12:44.590 11113 11221 D PowerManagerService: acquireWakeLockInternal: lock=122187094, flags=0x1, tag="*alarm*", ws=WorkSource{10044 com.google.android.gms}, uid=1000, pid=11113, packageName=android
10-30 10:12:44.604 11113 11113 D PowerManagerService: releaseWakeLockInternal: lock=122187094 [*alarm*], flags=0x0, total_time=14ms, ws/pid/uid=WorkSource{10044 com.google.android.gms}/11113/1000, packageName=android
10-30 10:12:44.608 11113 11409 D PowerManagerService: acquireWakeLockInternal: lock=91195824, flags=0x1, tag="*net_scheduler*", ws=WorkSource{10044 com.google.android.gms}, uid=10044, pid=11883, packageName=com.google.android.gms
10-30 10:12:44.692 11113 11409 D PowerManagerService: acquireWakeLockInternal: lock=241925296, flags=0x1, tag="*net_scheduler*", ws=WorkSource{10044 com.google.android.gms}, uid=10044, pid=11883, packageName=com.google.android.gms
10-30 10:12:44.752 11113 12239 D PowerManagerService: releaseWakeLockInternal: lock=91195824 [*net_scheduler*], flags=0x0, total_time=144ms, ws/pid/uid=WorkSource{10044 com.google.android.gms}/11883/10044, packageName=com.google.android.gms
10-30 10:12:45.483 11113 12239 V SettingsProvider: packageValueForCallResult, name = null, value : Bundle[{_track_generation=android.util.MemoryIntArray@64, value=null, _generation_index=1, _generation=1248}]
10-30 10:12:47.125 11113 29724 D PowerManagerService: releaseWakeLockInternal: lock=241925296 [*net_scheduler*], flags=0x0, total_time=2433ms, ws/pid/uid=WorkSource{10044 com.google.android.gms}/11883/10044, packageName=com.google.android.gms
10-30 10:12:59.791 11113 29724 I ActivityManager: Killing 8914:com.google.android.partnersetup/u0a48 (adj 906): empty #9
10-30 10:12:59.798 11113 12239 V ActivityManager: callerApp:com.android.vending
10-30 10:12:59.799 11113 12239 V ActivityManager: bringUpServiceLocked - 2
10-30 10:13:00.000 11113 11221 V AlarmManager: Checking for alarms... rtc=1540865580000, elapsed=2941953487
10-30 10:13:00.001 11113 11221 V AlarmManager: Triggering alarm #0: Alarm{d708012 type 3 when 2941953487 android}
10-30 10:13:09.204 11113 11221 V AlarmManager: Checking for alarms... rtc=1540865589204, elapsed=2941962690
10-30 10:13:09.204 11113 11221 V AlarmManager: Triggering alarm #0: Alarm{fd833e3 type 3 when 2941962690 com.google.android.gms}
10-30 10:13:09.442 11113 11221 V AlarmManager: Checking for alarms... rtc=1540865589442, elapsed=2941962928
10-30 10:13:09.442 11113 11221 V AlarmManager: Triggering alarm #0: Alarm{36f71e0 type 2 when 2941962928 com.google.android.gms}
10-30 10:13:09.444 11113 11221 D DataShapingService: [isDataShapingWhitelistApp] packageName: android
10-30 10:13:09.445 11113 11221 D DataShapingUtils: [isDataShapingWhitelistApp] packageName: android, mWhitelist: []
10-30 10:13:09.446 11113 11221 D DataShapingService: [isDataShapingWhitelistApp] packageName: com.google.android.gms
10-30 10:13:09.446 11113 11221 D DataShapingUtils: [isDataShapingWhitelistApp] packageName: com.google.android.gms, mWhitelist: []
10-30 10:13:09.447 11113 11221 D DataShapingService: [isDataShapingWhitelistApp] packageName: com.google.android.gms
10-30 10:13:09.447 11113 11221 D DataShapingUtils: [isDataShapingWhitelistApp] packageName: com.google.android.gms, mWhitelist: []
10-30 10:13:09.448 11113 11221 D DataShapingService: [openLteDataUpLinkGate] isForce: false
10-30 10:13:09.448 11113 11221 D DataShapingService: Alarm manager openLteDataUpLinkGate: false
10-30 10:13:09.449 11113 11221 I DataShapingService: openLteGateSuccess = false
10-30 10:13:09.449 11113 11221 V AlarmManager: sending alarm Alarm{d708012 type 3 when 2941953487 android}
10-30 10:13:09.451 11113 11221 D PowerManagerService: acquireWakeLockInternal: lock=122187094, flags=0x40000001, tag="*alarm*", ws=WorkSource{1000}, uid=1000, pid=11113, packageName=android
10-30 10:13:09.453 11113 11221 V AlarmManager: sending alarm Alarm{fd833e3 type 3 when 2941962690 com.google.android.gms}
10-30 10:13:09.456 11113 11221 V AlarmManager: sending alarm Alarm{36f71e0 type 2 when 2941962928 com.google.android.gms}
10-30 10:13:09.457 11113 11221 D AlarmManager: wakeup alarm = Alarm{36f71e0 type 2 when 2941962928 com.google.android.gms}; package = com.google.android.gms
10-30 10:13:09.507 11113 12239 V ActivityManager: callerApp:com.google.android.gms
10-30 10:13:09.508 11113 12239 V ActivityManager: bringUpServiceLocked - 2
10-30 10:13:09.512 11113 11409 D PowerManagerService: acquireWakeLockInternal: lock=91195824, flags=0x1, tag="*net_scheduler*", ws=WorkSource{10044 com.google.android.gms}, uid=10044, pid=11883, packageName=com.google.android.gms
10-30 10:13:09.529 11113 12152 V ActivityManager: callerApp:com.google.android.gms
10-30 10:13:09.532 11113 12152 V ActivityManager: bringUpServiceLocked - 2
10-30 10:13:09.595 11113 11409 D PowerManagerService: acquireWakeLockInternal: lock=167920439, flags=0x1, tag="*net_scheduler*", ws=WorkSource{10044 com.google.android.gms}, uid=10044, pid=11883, packageName=com.google.android.gms
10-30 10:13:09.631 11113 12251 D PowerManagerService: releaseWakeLockInternal: lock=167920439 [*net_scheduler*], flags=0x0, total_time=35ms, ws/pid/uid=WorkSource{10044 com.google.android.gms}/11883/10044, packageName=com.google.android.gms
10-30 10:13:09.647 11113 12152 D PowerManagerService: releaseWakeLockInternal: lock=91195824 [*net_scheduler*], flags=0x0, total_time=134ms, ws/pid/uid=WorkSource{10044 com.google.android.gms}/11883/10044, packageName=com.google.android.gms
10-30 10:13:09.648 11113 12152 D PowerManagerService: acquireWakeLockInternal: lock=91195824, flags=0x1, tag="*net_scheduler*", ws=WorkSource{10044 com.google.android.gms}, uid=10044, pid=11883, packageName=com.google.android.gms
10-30 10:13:09.667 11113 11113 D PowerManagerService: releaseWakeLockInternal: lock=122187094 [*alarm*], flags=0x0, total_time=215ms, ws/pid/uid=WorkSource{1000}/11113/1000, packageName=android
10-30 10:13:09.675 11113 12251 D PowerManagerService: acquireWakeLockInternal: lock=33996301, flags=0x1, tag="*net_scheduler*", ws=WorkSource{10044 com.google.android.gms}, uid=10044, pid=11883, packageName=com.google.android.gms
10-30 10:13:09.703 11113 12152 D PowerManagerService: releaseWakeLockInternal: lock=91195824 [*net_scheduler*], flags=0x0, total_time=55ms, ws/pid/uid=WorkSource{10044 com.google.android.gms}/11883/10044, packageName=com.google.android.gms
10-30 10:13:09.807 11113 12152 V ActivityManager: callerApp:com.google.android.gms
10-30 10:13:09.807 11113 12152 V ActivityManager: bringUpServiceLocked - 2
10-30 10:13:12.066 11113 12152 D PowerManagerService: releaseWakeLockInternal: lock=33996301 [*net_scheduler*], flags=0x0, total_time=2391ms, ws/pid/uid=WorkSource{10044 com.google.android.gms}/11883/10044, packageName=com.google.android.gms
10-30 10:13:17.121 11113 11221 V AlarmManager: Checking for alarms... rtc=1540865597120, elapsed=2941970607
10-30 10:13:17.121 11113 11221 V AlarmManager: Triggering alarm #0: Alarm{3e6880e type 2 when 2941970607 com.google.android.gms}
10-30 10:13:17.123 11113 11221 D DataShapingService: [isDataShapingWhitelistApp] packageName: com.google.android.gms
10-30 10:13:17.123 11113 11221 D DataShapingUtils: [isDataShapingWhitelistApp] packageName: com.google.android.gms, mWhitelist: []
10-30 10:13:17.124 11113 11221 D DataShapingService: [openLteDataUpLinkGate] isForce: false
10-30 10:13:17.124 11113 11221 D DataShapingService: Alarm manager openLteDataUpLinkGate: false
10-30 10:13:17.124 11113 11221 I DataShapingService: openLteGateSuccess = false
10-30 10:13:17.125 11113 11221 V AlarmManager: sending alarm Alarm{3e6880e type 2 when 2941970607 com.google.android.gms}
10-30 10:13:17.125 11113 11221 D AlarmManager: wakeup alarm = Alarm{3e6880e type 2 when 2941970607 com.google.android.gms}; package = com.google.android.gms
10-30 10:13:17.126 11113 11221 D PowerManagerService: acquireWakeLockInternal: lock=122187094, flags=0x1, tag="*alarm*", ws=WorkSource{10044 com.google.android.gms}, uid=1000, pid=11113, packageName=android
10-30 10:13:17.141 11113 12152 D PowerManagerService: acquireWakeLockInternal: lock=91195824, flags=0x1, tag="*net_scheduler*", ws=WorkSource{10044 com.google.android.gms}, uid=10044, pid=11883, packageName=com.google.android.gms
10-30 10:13:17.142 11113 11113 D PowerManagerService: releaseWakeLockInternal: lock=122187094 [*alarm*], flags=0x0, total_time=15ms, ws/pid/uid=WorkSource{10044 com.google.android.gms}/11113/1000, packageName=android
10-30 10:13:17.227 11113 12152 D PowerManagerService: acquireWakeLockInternal: lock=1986620, flags=0x1, tag="*net_scheduler*", ws=WorkSource{10044 com.google.android.gms}, uid=10044, pid=11883, packageName=com.google.android.gms
10-30 10:13:17.286 11113 29724 D PowerManagerService: releaseWakeLockInternal: lock=91195824 [*net_scheduler*], flags=0x0, total_time=144ms, ws/pid/uid=WorkSource{10044 com.google.android.gms}/11883/10044, packageName=com.google.android.gms
10-30 10:13:19.662 11113 29724 D PowerManagerService: releaseWakeLockInternal: lock=1986620 [*net_scheduler*], flags=0x0, total_time=2434ms, ws/pid/uid=WorkSource{10044 com.google.android.gms}/11883/10044, packageName=com.google.android.gms
10-30 10:13:39.634 11113 11221 V AlarmManager: Checking for alarms... rtc=1540865619634, elapsed=2941993120
10-30 10:13:39.634 11113 11221 V AlarmManager: Triggering alarm #0: Alarm{caaf24b type 2 when 2941993120 com.google.android.gms}
10-30 10:13:39.636 11113 11221 D DataShapingService: [isDataShapingWhitelistApp] packageName: com.google.android.gms
10-30 10:13:39.637 11113 11221 D DataShapingUtils: [isDataShapingWhitelistApp] packageName: com.google.android.gms, mWhitelist: []
10-30 10:13:39.638 11113 11221 D DataShapingService: [openLteDataUpLinkGate] isForce: false
10-30 10:13:39.638 11113 11221 D DataShapingService: Alarm manager openLteDataUpLinkGate: false
10-30 10:13:39.638 11113 11221 I DataShapingService: openLteGateSuccess = false
10-30 10:13:39.639 11113 11221 V AlarmManager: sending alarm Alarm{caaf24b type 2 when 2941993120 com.google.android.gms}
10-30 10:13:39.639 11113 11221 D AlarmManager: wakeup alarm = Alarm{caaf24b type 2 when 2941993120 com.google.android.gms}; package = com.google.android.gms
10-30 10:13:39.641 11113 11221 D PowerManagerService: acquireWakeLockInternal: lock=122187094, flags=0x1, tag="*alarm*", ws=WorkSource{10044 com.google.android.gms}, uid=1000, pid=11113, packageName=android
10-30 10:13:39.656 11113 11113 D PowerManagerService: releaseWakeLockInternal: lock=122187094 [*alarm*], flags=0x0, total_time=14ms, ws/pid/uid=WorkSource{10044 com.google.android.gms}/11113/1000, packageName=android
10-30 10:13:39.659 11113 11409 D PowerManagerService: acquireWakeLockInternal: lock=91195824, flags=0x1, tag="*net_scheduler*", ws=WorkSource{10044 com.google.android.gms}, uid=10044, pid=11883, packageName=com.google.android.gms
10-30 10:13:39.743 11113 11409 D PowerManagerService: acquireWakeLockInternal: lock=87070017, flags=0x1, tag="*net_scheduler*", ws=WorkSource{10044 com.google.android.gms}, uid=10044, pid=11883, packageName=com.google.android.gms
10-30 10:13:39.796 11113 12251 D PowerManagerService: releaseWakeLockInternal: lock=87070017 [*net_scheduler*], flags=0x0, total_time=53ms, ws/pid/uid=WorkSource{10044 com.google.android.gms}/11883/10044, packageName=com.google.android.gms
10-30 10:13:39.814 11113 11409 D PowerManagerService: releaseWakeLockInternal: lock=91195824 [*net_scheduler*], flags=0x0, total_time=155ms, ws/pid/uid=WorkSource{10044 com.google.android.gms}/11883/10044, packageName=com.google.android.gms
10-30 10:13:39.816 11113 11409 D PowerManagerService: acquireWakeLockInternal: lock=91195824, flags=0x1, tag="*net_scheduler*", ws=WorkSource{10044 com.google.android.gms}, uid=10044, pid=11883, packageName=com.google.android.gms
10-30 10:13:39.854 11113 29724 D PowerManagerService: acquireWakeLockInternal: lock=62154791, flags=0x1, tag="*net_scheduler*", ws=WorkSource{10044 com.google.android.gms}, uid=10044, pid=11883, packageName=com.google.android.gms
10-30 10:13:39.900 11113 11409 D PowerManagerService: releaseWakeLockInternal: lock=91195824 [*net_scheduler*], flags=0x0, total_time=84ms, ws/pid/uid=WorkSource{10044 com.google.android.gms}/11883/10044, packageName=com.google.android.gms
10-30 10:13:41.371 11113 29724 D PowerManagerService: releaseWakeLockInternal: lock=62154791 [*net_scheduler*], flags=0x0, total_time=1516ms, ws/pid/uid=WorkSource{10044 com.google.android.gms}/11883/10044, packageName=com.google.android.gms
10-30 10:13:41.375 11113 12251 D PowerManagerService: acquireWakeLockInternal: lock=91195824, flags=0x1, tag="*net_scheduler*", ws=WorkSource{10044 com.google.android.gms}, uid=10044, pid=11883, packageName=com.google.android.gms
10-30 10:13:41.443 11113 12251 D PowerManagerService: releaseWakeLockInternal: lock=91195824 [*net_scheduler*], flags=0x0, total_time=66ms, ws/pid/uid=WorkSource{10044 com.google.android.gms}/11883/10044, packageName=com.google.android.gms
10-30 10:13:41.460 11113 12251 D PowerManagerService: acquireWakeLockInternal: lock=91195824, flags=0x1, tag="*net_scheduler*", ws=WorkSource{10044 com.google.android.gms}, uid=10044, pid=11883, packageName=com.google.android.gms
10-30 10:13:41.482 11113 12251 D PowerManagerService: releaseWakeLockInternal: lock=91195824 [*net_scheduler*], flags=0x0, total_time=21ms, ws/pid/uid=WorkSource{10044 com.google.android.gms}/11883/10044, packageName=com.google.android.gms
10-30 10:13:45.774 11113 11409 V ActivityManager: callerApp:com.google.android.gms
10-30 10:13:45.774 11113 11409 V ActivityManager: bringUpServiceLocked - 2
10-30 10:13:49.657 11113 11221 V AlarmManager: Checking for alarms... rtc=1540865629656, elapsed=2942003143
10-30 10:13:49.657 11113 11221 V AlarmManager: Triggering alarm #0: Alarm{73fa05f type 2 when 2942003143 com.google.android.gms}
10-30 10:13:49.659 11113 11221 D DataShapingService: [isDataShapingWhitelistApp] packageName: com.google.android.gms
10-30 10:13:49.659 11113 11221 D DataShapingUtils: [isDataShapingWhitelistApp] packageName: com.google.android.gms, mWhitelist: []
10-30 10:13:49.660 11113 11221 D DataShapingService: [openLteDataUpLinkGate] isForce: false
10-30 10:13:49.661 11113 11221 D DataShapingService: Alarm manager openLteDataUpLinkGate: false
10-30 10:13:49.661 11113 11221 I DataShapingService: openLteGateSuccess = false
10-30 10:13:49.661 11113 11221 V AlarmManager: sending alarm Alarm{73fa05f type 2 when 2942003143 com.google.android.gms}
10-30 10:13:49.662 11113 11221 D AlarmManager: wakeup alarm = Alarm{73fa05f type 2 when 2942003143 com.google.android.gms}; package = com.google.android.gms
10-30 10:13:49.664 11113 11221 D PowerManagerService: acquireWakeLockInternal: lock=122187094, flags=0x1, tag="*alarm*", ws=WorkSource{10044 com.google.android.gms}, uid=1000, pid=11113, packageName=android
10-30 10:13:49.678 11113 11113 D PowerManagerService: releaseWakeLockInternal: lock=122187094 [*alarm*], flags=0x0, total_time=13ms, ws/pid/uid=WorkSource{10044 com.google.android.gms}/11113/1000, packageName=android
10-30 10:13:49.681 11113 12251 D PowerManagerService: acquireWakeLockInternal: lock=91195824, flags=0x1, tag="*net_scheduler*", ws=WorkSource{10044 com.google.android.gms}, uid=10044, pid=11883, packageName=com.google.android.gms
10-30 10:13:49.764 11113 12251 D PowerManagerService: acquireWakeLockInternal: lock=227279733, flags=0x1, tag="*net_scheduler*", ws=WorkSource{10044 com.google.android.gms}, uid=10044, pid=11883, packageName=com.google.android.gms
10-30 10:13:49.831 11113 12251 D PowerManagerService: releaseWakeLockInternal: lock=91195824 [*net_scheduler*], flags=0x0, total_time=149ms, ws/pid/uid=WorkSource{10044 com.google.android.gms}/11883/10044, packageName=com.google.android.gms
10-30 10:13:49.927 11113 12251 V ActivityManager: callerApp:com.google.android.gms
10-30 10:13:49.928 11113 12251 V ActivityManager: bringUpServiceLocked - 2
10-30 10:13:49.940 11113 12251 V ActivityManager: callerApp:com.google.android.gms
10-30 10:13:49.940 11113 12251 V ActivityManager: bringUpServiceLocked - 2
10-30 10:13:51.300 11113 11113 I DeviceIdleController: updateChargingLocked: charging=true
10-30 10:13:51.302 11113 11113 I DeviceIdleController: becomeActiveLocked, reason = charging
10-30 10:13:51.304 11113 11256 D WifiController: battery changed pluggedType: 2
10-30 10:13:51.304 11113 11256 D WifiController: wifiSleepPolicy:2, means: Never sleep
10-30 10:13:51.304 11113 11256 D WifiController: wifiSleepPolicy:2, means: Never sleep
10-30 10:13:51.347 11113 11131 E BatteryExternalStatsWorker: no controller energy info supplied for wifi
10-30 10:13:51.347 11113 11131 E BatteryExternalStatsWorker: no controller energy info supplied for bluetooth
10-30 10:13:51.348 11113 12152 D PowerManagerService: acquireWakeLockInternal: lock=255561402, flags=0x1, tag="RILJ", ws=null, uid=1001, pid=11564, packageName=com.android.phone
10-30 10:13:51.381 11113 12152 D PowerManagerService: releaseWakeLockInternal: lock=255561402 [RILJ], flags=0x0, total_time=33ms, ws/pid/uid=null/11564/1001, packageName=com.android.phone
10-30 10:13:51.389 11113 11131 E KernelCpuSpeedReader: Failed to read cpu-freq: /sys/devices/system/cpu/cpu0/cpufreq/stats/time_in_state (No such file or directory)
10-30 10:13:51.418 11113 11113 I DeviceIdleController: updateChargingLocked: charging=true
10-30 10:13:51.418 11113 11113 I DeviceIdleController: becomeActiveLocked, reason = charging
10-30 10:13:51.419 11113 11256 D WifiController: battery changed pluggedType: 2
10-30 10:13:51.419 11113 11256 D WifiController: wifiSleepPolicy:2, means: Never sleep
10-30 10:13:51.419 11113 11256 D WifiController: wifiSleepPolicy:2, means: Never sleep
10-30 10:13:51.439 11113 11131 E BatteryExternalStatsWorker: no controller energy info supplied for wifi
10-30 10:13:51.439 11113 11131 E BatteryExternalStatsWorker: no controller energy info supplied for bluetooth
10-30 10:13:51.441 11113 12152 D PowerManagerService: acquireWakeLockInternal: lock=255561402, flags=0x1, tag="RILJ", ws=null, uid=1001, pid=11564, packageName=com.android.phone
10-30 10:13:51.471 11113 29724 D PowerManagerService: releaseWakeLockInternal: lock=255561402 [RILJ], flags=0x0, total_time=29ms, ws/pid/uid=null/11564/1001, packageName=com.android.phone
10-30 10:13:51.482 11113 11131 E KernelCpuSpeedReader: Failed to read cpu-freq: /sys/devices/system/cpu/cpu0/cpufreq/stats/time_in_state (No such file or directory)
10-30 10:13:51.498 11113 11131 E BatteryExternalStatsWorker: no controller energy info supplied for wifi
10-30 10:13:51.498 11113 11131 E BatteryExternalStatsWorker: no controller energy info supplied for bluetooth
10-30 10:13:51.500 11113 29724 D PowerManagerService: acquireWakeLockInternal: lock=255561402, flags=0x1, tag="RILJ", ws=null, uid=1001, pid=11564, packageName=com.android.phone
10-30 10:13:51.500 11113 11128 E KernelCpuSpeedReader: Failed to read cpu-freq: /sys/devices/system/cpu/cpu0/cpufreq/stats/time_in_state (No such file or directory)
10-30 10:13:51.531 11113 12251 D PowerManagerService: releaseWakeLockInternal: lock=255561402 [RILJ], flags=0x0, total_time=32ms, ws/pid/uid=null/11564/1001, packageName=com.android.phone
10-30 10:13:51.538 11113 11131 E KernelCpuSpeedReader: Failed to read cpu-freq: /sys/devices/system/cpu/cpu0/cpufreq/stats/time_in_state (No such file or directory)
10-30 10:13:52.233 11113 12152 D PowerManagerService: releaseWakeLockInternal: lock=227279733 [*net_scheduler*], flags=0x0, total_time=2469ms, ws/pid/uid=WorkSource{10044 com.google.android.gms}/11883/10044, packageName=com.google.android.gms
10-30 10:14:00.000 11113 11221 V AlarmManager: Checking for alarms... rtc=1540865640000, elapsed=2942013487
10-30 10:14:00.001 11113 11221 V AlarmManager: Triggering alarm #0: Alarm{e046055 type 3 when 2942013487 android}
10-30 10:14:09.574 11113 11221 V AlarmManager: Checking for alarms... rtc=1540865649573, elapsed=2942023060
10-30 10:14:09.574 11113 11221 V AlarmManager: Triggering alarm #0: Alarm{3f51a6a type 3 when 2942023060 com.google.android.gms}
10-30 10:14:09.802 11113 11221 V AlarmManager: Checking for alarms... rtc=1540865649802, elapsed=2942023289
10-30 10:14:09.803 11113 11221 V AlarmManager: Triggering alarm #0: Alarm{564bb5b type 2 when 2942023289 com.google.android.gms}
10-30 10:14:09.805 11113 11221 D DataShapingService: [isDataShapingWhitelistApp] packageName: android
10-30 10:14:09.805 11113 11221 D DataShapingUtils: [isDataShapingWhitelistApp] packageName: android, mWhitelist: []
10-30 10:14:09.806 11113 11221 D DataShapingService: [isDataShapingWhitelistApp] packageName: com.google.android.gms
10-30 10:14:09.806 11113 11221 D DataShapingUtils: [isDataShapingWhitelistApp] packageName: com.google.android.gms, mWhitelist: []
10-30 10:14:09.807 11113 11221 D DataShapingService: [isDataShapingWhitelistApp] packageName: com.google.android.gms
10-30 10:14:09.808 11113 11221 D DataShapingUtils: [isDataShapingWhitelistApp] packageName: com.google.android.gms, mWhitelist: []
10-30 10:14:09.809 11113 11221 D DataShapingService: [openLteDataUpLinkGate] isForce: false
10-30 10:14:09.809 11113 11221 D DataShapingService: Alarm manager openLteDataUpLinkGate: false
10-30 10:14:09.809 11113 11221 I DataShapingService: openLteGateSuccess = false
10-30 10:14:09.810 11113 11221 V AlarmManager: sending alarm Alarm{e046055 type 3 when 2942013487 android}
10-30 10:14:09.812 11113 11221 D PowerManagerService: acquireWakeLockInternal: lock=122187094, flags=0x40000001, tag="*alarm*", ws=WorkSource{1000}, uid=1000, pid=11113, packageName=android
10-30 10:14:09.813 11113 11221 V AlarmManager: sending alarm Alarm{3f51a6a type 3 when 2942023060 com.google.android.gms}
10-30 10:14:09.817 11113 11221 V AlarmManager: sending alarm Alarm{564bb5b type 2 when 2942023289 com.google.android.gms}
10-30 10:14:09.817 11113 11221 D AlarmManager: wakeup alarm = Alarm{564bb5b type 2 when 2942023289 com.google.android.gms}; package = com.google.android.gms
10-30 10:14:09.861 11113 11409 V ActivityManager: callerApp:com.google.android.gms
10-30 10:14:09.863 11113 11409 V ActivityManager: bringUpServiceLocked - 2
10-30 10:14:09.864 11113 29724 D PowerManagerService: acquireWakeLockInternal: lock=14498515, flags=0x1, tag="*net_scheduler*", ws=WorkSource{10044 com.google.android.gms}, uid=10044, pid=11883, packageName=com.google.android.gms
10-30 10:14:09.876 11113 29724 V ActivityManager: callerApp:com.google.android.gms
10-30 10:14:09.877 11113 29724 V ActivityManager: bringUpServiceLocked - 2
10-30 10:14:09.930 11113 12152 D PowerManagerService: acquireWakeLockInternal: lock=3584303, flags=0x1, tag="*net_scheduler*", ws=WorkSource{10044 com.google.android.gms}, uid=10044, pid=11883, packageName=com.google.android.gms
10-30 10:14:09.974 11113 11409 D PowerManagerService: releaseWakeLockInternal: lock=3584303 [*net_scheduler*], flags=0x0, total_time=44ms, ws/pid/uid=WorkSource{10044 com.google.android.gms}/11883/10044, packageName=com.google.android.gms
10-30 10:14:09.998 11113 11409 D PowerManagerService: releaseWakeLockInternal: lock=14498515 [*net_scheduler*], flags=0x0, total_time=134ms, ws/pid/uid=WorkSource{10044 com.google.android.gms}/11883/10044, packageName=com.google.android.gms
10-30 10:14:09.999 11113 11409 D PowerManagerService: acquireWakeLockInternal: lock=14498515, flags=0x1, tag="*net_scheduler*", ws=WorkSource{10044 com.google.android.gms}, uid=10044, pid=11883, packageName=com.google.android.gms
10-30 10:14:10.013 11113 11113 D PowerManagerService: releaseWakeLockInternal: lock=122187094 [*alarm*], flags=0x0, total_time=201ms, ws/pid/uid=WorkSource{1000}/11113/1000, packageName=android
10-30 10:14:10.026 11113 29724 D PowerManagerService: acquireWakeLockInternal: lock=245303493, flags=0x1, tag="*net_scheduler*", ws=WorkSource{10044 com.google.android.gms}, uid=10044, pid=11883, packageName=com.google.android.gms
10-30 10:14:10.057 11113 11409 D PowerManagerService: releaseWakeLockInternal: lock=14498515 [*net_scheduler*], flags=0x0, total_time=57ms, ws/pid/uid=WorkSource{10044 com.google.android.gms}/11883/10044, packageName=com.google.android.gms
10-30 10:14:10.162 11113 11409 V ActivityManager: callerApp:com.google.android.gms
10-30 10:14:10.162 11113 11409 V ActivityManager: bringUpServiceLocked - 2
10-30 10:14:12.455 11113 29724 D PowerManagerService: releaseWakeLockInternal: lock=245303493 [*net_scheduler*], flags=0x0, total_time=2430ms, ws/pid/uid=WorkSource{10044 com.google.android.gms}/11883/10044, packageName=com.google.android.gms
10-30 10:14:20.268 11113 12152 V ActivityManager: callerApp:com.android.vending
10-30 10:14:20.271 11113 12152 V ActivityManager: bringUpServiceLocked - 2
10-30 10:14:22.230 11113 11221 V AlarmManager: Checking for alarms... rtc=1540865662230, elapsed=2942035716
10-30 10:14:22.230 11113 11221 V AlarmManager: Triggering alarm #0: Alarm{f696dd4 type 2 when 2942035716 com.google.android.gms}
10-30 10:14:22.232 11113 11221 D DataShapingService: [isDataShapingWhitelistApp] packageName: com.google.android.gms
10-30 10:14:22.233 11113 11221 D DataShapingUtils: [isDataShapingWhitelistApp] packageName: com.google.android.gms, mWhitelist: []
10-30 10:14:22.234 11113 11221 D DataShapingService: [openLteDataUpLinkGate] isForce: false
10-30 10:14:22.234 11113 11221 D DataShapingService: Alarm manager openLteDataUpLinkGate: false
10-30 10:14:22.235 11113 11221 I DataShapingService: openLteGateSuccess = false
10-30 10:14:22.235 11113 11221 V AlarmManager: sending alarm Alarm{f696dd4 type 2 when 2942035716 com.google.android.gms}
10-30 10:14:22.236 11113 11221 D AlarmManager: wakeup alarm = Alarm{f696dd4 type 2 when 2942035716 com.google.android.gms}; package = com.google.android.gms
10-30 10:14:22.238 11113 11221 D PowerManagerService: acquireWakeLockInternal: lock=122187094, flags=0x1, tag="*alarm*", ws=WorkSource{10044 com.google.android.gms}, uid=1000, pid=11113, packageName=android
10-30 10:14:22.252 11113 11113 D PowerManagerService: releaseWakeLockInternal: lock=122187094 [*alarm*], flags=0x0, total_time=14ms, ws/pid/uid=WorkSource{10044 com.google.android.gms}/11113/1000, packageName=android
10-30 10:14:22.255 11113 11409 D PowerManagerService: acquireWakeLockInternal: lock=14498515, flags=0x1, tag="*net_scheduler*", ws=WorkSource{10044 com.google.android.gms}, uid=10044, pid=11883, packageName=com.google.android.gms
10-30 10:14:22.337 11113 12152 D PowerManagerService: acquireWakeLockInternal: lock=173255282, flags=0x1, tag="*net_scheduler*", ws=WorkSource{10044 com.google.android.gms}, uid=10044, pid=11883, packageName=com.google.android.gms
10-30 10:14:22.399 11113 11409 D PowerManagerService: releaseWakeLockInternal: lock=14498515 [*net_scheduler*], flags=0x0, total_time=143ms, ws/pid/uid=WorkSource{10044 com.google.android.gms}/11883/10044, packageName=com.google.android.gms
10-30 10:14:24.775 11113 11409 D PowerManagerService: releaseWakeLockInternal: lock=173255282 [*net_scheduler*], flags=0x0, total_time=2438ms, ws/pid/uid=WorkSource{10044 com.google.android.gms}/11883/10044, packageName=com.google.android.gms
10-30 10:14:39.985 11113 11221 V AlarmManager: Checking for alarms... rtc=1540865679985, elapsed=2942053471
10-30 10:14:39.985 11113 11221 V AlarmManager: Triggering alarm #0: Alarm{f016279 type 2 when 2942053471 com.google.android.gms}
10-30 10:14:39.987 11113 11221 D DataShapingService: [isDataShapingWhitelistApp] packageName: com.google.android.gms
10-30 10:14:39.988 11113 11221 D DataShapingUtils: [isDataShapingWhitelistApp] packageName: com.google.android.gms, mWhitelist: []
10-30 10:14:39.989 11113 11221 D DataShapingService: [openLteDataUpLinkGate] isForce: false
10-30 10:14:39.989 11113 11221 D DataShapingService: Alarm manager openLteDataUpLinkGate: false
10-30 10:14:39.989 11113 11221 I DataShapingService: openLteGateSuccess = false
10-30 10:14:39.990 11113 11221 V AlarmManager: sending alarm Alarm{f016279 type 2 when 2942053471 com.google.android.gms}
10-30 10:14:39.990 11113 11221 D AlarmManager: wakeup alarm = Alarm{f016279 type 2 when 2942053471 com.google.android.gms}; package = com.google.android.gms
10-30 10:14:39.993 11113 11221 D PowerManagerService: acquireWakeLockInternal: lock=122187094, flags=0x1, tag="*alarm*", ws=WorkSource{10044 com.google.android.gms}, uid=1000, pid=11113, packageName=android
10-30 10:14:40.007 11113 11113 D PowerManagerService: releaseWakeLockInternal: lock=122187094 [*alarm*], flags=0x0, total_time=14ms, ws/pid/uid=WorkSource{10044 com.google.android.gms}/11113/1000, packageName=android
10-30 10:14:40.011 11113 12239 D PowerManagerService: acquireWakeLockInternal: lock=14498515, flags=0x1, tag="*net_scheduler*", ws=WorkSource{10044 com.google.android.gms}, uid=10044, pid=11883, packageName=com.google.android.gms
10-30 10:14:40.092 11113 12239 D PowerManagerService: acquireWakeLockInternal: lock=54281247, flags=0x1, tag="*net_scheduler*", ws=WorkSource{10044 com.google.android.gms}, uid=10044, pid=11883, packageName=com.google.android.gms
10-30 10:14:40.135 11113 12239 D PowerManagerService: releaseWakeLockInternal: lock=54281247 [*net_scheduler*], flags=0x0, total_time=43ms, ws/pid/uid=WorkSource{10044 com.google.android.gms}/11883/10044, packageName=com.google.android.gms
10-30 10:14:40.149 11113 12239 D PowerManagerService: releaseWakeLockInternal: lock=14498515 [*net_scheduler*], flags=0x0, total_time=138ms, ws/pid/uid=WorkSource{10044 com.google.android.gms}/11883/10044, packageName=com.google.android.gms
10-30 10:14:40.151 11113 12239 D PowerManagerService: acquireWakeLockInternal: lock=14498515, flags=0x1, tag="*net_scheduler*", ws=WorkSource{10044 com.google.android.gms}, uid=10044, pid=11883, packageName=com.google.android.gms
10-30 10:14:40.183 11113 12239 D PowerManagerService: acquireWakeLockInternal: lock=36482357, flags=0x1, tag="*net_scheduler*", ws=WorkSource{10044 com.google.android.gms}, uid=10044, pid=11883, packageName=com.google.android.gms
10-30 10:14:40.217 11113 11409 D PowerManagerService: releaseWakeLockInternal: lock=14498515 [*net_scheduler*], flags=0x0, total_time=66ms, ws/pid/uid=WorkSource{10044 com.google.android.gms}/11883/10044, packageName=com.google.android.gms
10-30 10:14:54.771 11113 11221 V AlarmManager: Checking for alarms... rtc=1540865694771, elapsed=2942068257
10-30 10:14:54.771 11113 11221 V AlarmManager: Triggering alarm #0: Alarm{5ca15ca type 2 when 2942068257 com.google.android.gms}
10-30 10:14:54.773 11113 11221 D DataShapingService: [isDataShapingWhitelistApp] packageName: com.google.android.gms
10-30 10:14:54.774 11113 11221 D DataShapingUtils: [isDataShapingWhitelistApp] packageName: com.google.android.gms, mWhitelist: []
10-30 10:14:54.774 11113 11221 D DataShapingService: [openLteDataUpLinkGate] isForce: false
10-30 10:14:54.775 11113 11221 D DataShapingService: Alarm manager openLteDataUpLinkGate: false
10-30 10:14:54.775 11113 11221 I DataShapingService: openLteGateSuccess = false
10-30 10:14:54.776 11113 11221 V AlarmManager: sending alarm Alarm{5ca15ca type 2 when 2942068257 com.google.android.gms}
10-30 10:14:54.776 11113 11221 D AlarmManager: wakeup alarm = Alarm{5ca15ca type 2 when 2942068257 com.google.android.gms}; package = com.google.android.gms
10-30 10:14:54.778 11113 11221 D PowerManagerService: acquireWakeLockInternal: lock=122187094, flags=0x1, tag="*alarm*", ws=WorkSource{10044 com.google.android.gms}, uid=1000, pid=11113, packageName=android
10-30 10:14:54.793 11113 11113 D PowerManagerService: releaseWakeLockInternal: lock=122187094 [*alarm*], flags=0x0, total_time=14ms, ws/pid/uid=WorkSource{10044 com.google.android.gms}/11113/1000, packageName=android
10-30 10:14:54.796 11113 12239 D PowerManagerService: acquireWakeLockInternal: lock=14498515, flags=0x1, tag="*net_scheduler*", ws=WorkSource{10044 com.google.android.gms}, uid=10044, pid=11883, packageName=com.google.android.gms
10-30 10:14:54.832 11113 29724 D PowerManagerService: releaseWakeLockInternal: lock=14498515 [*net_scheduler*], flags=0x0, total_time=35ms, ws/pid/uid=WorkSource{10044 com.google.android.gms}/11883/10044, packageName=com.google.android.gms
10-30 10:15:00.000 11113 11221 V AlarmManager: Checking for alarms... rtc=1540865699999, elapsed=2942073486
10-30 10:15:00.000 11113 11221 V AlarmManager: Triggering alarm #0: Alarm{2ae8a58 type 3 when 2942073486 android}
10-30 10:15:09.929 11113 11221 V AlarmManager: Checking for alarms... rtc=1540865709929, elapsed=2942083416
10-30 10:15:09.930 11113 11221 V AlarmManager: Triggering alarm #0: Alarm{a87e7b1 type 3 when 2942083416 com.google.android.gms}
10-30 10:15:10.140 11113 11221 V AlarmManager: Checking for alarms... rtc=1540865710139, elapsed=2942083626
10-30 10:15:10.140 11113 11221 V AlarmManager: Triggering alarm #0: Alarm{85bc496 type 2 when 2942083626 com.google.android.gms}
10-30 10:15:10.142 11113 11221 D DataShapingService: [isDataShapingWhitelistApp] packageName: android
10-30 10:15:10.143 11113 11221 D DataShapingUtils: [isDataShapingWhitelistApp] packageName: android, mWhitelist: []
10-30 10:15:10.143 11113 11221 D DataShapingService: [isDataShapingWhitelistApp] packageName: com.google.android.gms
10-30 10:15:10.144 11113 11221 D DataShapingUtils: [isDataShapingWhitelistApp] packageName: com.google.android.gms, mWhitelist: []
10-30 10:15:10.144 11113 11221 D DataShapingService: [isDataShapingWhitelistApp] packageName: com.google.android.gms
10-30 10:15:10.145 11113 11221 D DataShapingUtils: [isDataShapingWhitelistApp] packageName: com.google.android.gms, mWhitelist: []
10-30 10:15:10.146 11113 11221 D DataShapingService: [openLteDataUpLinkGate] isForce: false
10-30 10:15:10.146 11113 11221 D DataShapingService: Alarm manager openLteDataUpLinkGate: false
10-30 10:15:10.146 11113 11221 I DataShapingService: openLteGateSuccess = false
10-30 10:15:10.147 11113 11221 V AlarmManager: sending alarm Alarm{2ae8a58 type 3 when 2942073486 android}
10-30 10:15:10.149 11113 11221 D PowerManagerService: acquireWakeLockInternal: lock=122187094, flags=0x40000001, tag="*alarm*", ws=WorkSource{1000}, uid=1000, pid=11113, packageName=android
10-30 10:15:10.150 11113 11221 V AlarmManager: sending alarm Alarm{a87e7b1 type 3 when 2942083416 com.google.android.gms}
10-30 10:15:10.154 11113 11221 V AlarmManager: sending alarm Alarm{85bc496 type 2 when 2942083626 com.google.android.gms}
10-30 10:15:10.154 11113 11221 D AlarmManager: wakeup alarm = Alarm{85bc496 type 2 when 2942083626 com.google.android.gms}; package = com.google.android.gms
10-30 10:15:10.193 11113 12152 V ActivityManager: callerApp:com.google.android.gms
10-30 10:15:10.195 11113 12152 V ActivityManager: bringUpServiceLocked - 2
10-30 10:15:10.201 11113 12239 D PowerManagerService: acquireWakeLockInternal: lock=14498515, flags=0x1, tag="*net_scheduler*", ws=WorkSource{10044 com.google.android.gms}, uid=10044, pid=11883, packageName=com.google.android.gms
10-30 10:15:10.206 11113 12239 V ActivityManager: callerApp:com.google.android.gms
10-30 10:15:10.209 11113 12239 V ActivityManager: bringUpServiceLocked - 2
10-30 10:15:10.269 11113 12228 D PowerManagerService: releaseWakeLockInternal: lock=14498515 [*net_scheduler*], flags=0x0, total_time=66ms, ws/pid/uid=WorkSource{10044 com.google.android.gms}/11883/10044, packageName=com.google.android.gms
10-30 10:15:10.334 11113 11113 D PowerManagerService: releaseWakeLockInternal: lock=122187094 [*alarm*], flags=0x0, total_time=184ms, ws/pid/uid=WorkSource{1000}/11113/1000, packageName=android
10-30 10:15:14.642 11113 11113 I DeviceIdleController: updateChargingLocked: charging=true
10-30 10:15:14.650 11113 11113 I DeviceIdleController: becomeActiveLocked, reason = charging
10-30 10:15:14.652 11113 11256 D WifiController: battery changed pluggedType: 2
10-30 10:15:14.652 11113 11256 D WifiController: wifiSleepPolicy:2, means: Never sleep
10-30 10:15:14.652 11113 11256 D WifiController: wifiSleepPolicy:2, means: Never sleep
10-30 10:15:14.690 11113 11131 E BatteryExternalStatsWorker: no controller energy info supplied for wifi
10-30 10:15:14.691 11113 11131 E BatteryExternalStatsWorker: no controller energy info supplied for bluetooth
10-30 10:15:14.691 11113 12228 D PowerManagerService: acquireWakeLockInternal: lock=85367459, flags=0x1, tag="RILJ", ws=null, uid=1001, pid=11564, packageName=com.android.phone
10-30 10:15:14.720 11113 11409 D PowerManagerService: releaseWakeLockInternal: lock=85367459 [RILJ], flags=0x0, total_time=29ms, ws/pid/uid=null/11564/1001, packageName=com.android.phone
10-30 10:15:14.728 11113 11131 E KernelCpuSpeedReader: Failed to read cpu-freq: /sys/devices/system/cpu/cpu0/cpufreq/stats/time_in_state (No such file or directory)
10-30 10:15:40.674 11113 11409 V ActivityManager: callerApp:com.android.vending
10-30 10:15:40.676 11113 11409 V ActivityManager: bringUpServiceLocked - 2
10-30 10:15:49.497 11113 11409 D PowerManagerService: releaseWakeLockInternal: lock=72028861 [*net_scheduler*], flags=0x0, total_time=190002ms, ws/pid/uid=WorkSource{10044 com.google.android.gms}/11883/10044, packageName=com.google.android.gms
10-30 10:16:00.000 11113 11221 V AlarmManager: Checking for alarms... rtc=1540865760000, elapsed=2942133487
10-30 10:16:00.001 11113 11221 V AlarmManager: Triggering alarm #0: Alarm{b26311e type 3 when 2942133487 android}
10-30 10:16:05.910 11113 11113 I DeviceIdleController: updateChargingLocked: charging=true
10-30 10:16:05.911 11113 11113 I DeviceIdleController: becomeActiveLocked, reason = charging
10-30 10:16:05.913 11113 11256 D WifiController: battery changed pluggedType: 2
10-30 10:16:05.913 11113 11256 D WifiController: wifiSleepPolicy:2, means: Never sleep
10-30 10:16:05.913 11113 11256 D WifiController: wifiSleepPolicy:2, means: Never sleep
10-30 10:16:05.959 11113 11131 E BatteryExternalStatsWorker: no controller energy info supplied for wifi
10-30 10:16:05.959 11113 11131 E BatteryExternalStatsWorker: no controller energy info supplied for bluetooth
10-30 10:16:05.960 11113 12152 D PowerManagerService: acquireWakeLockInternal: lock=85367459, flags=0x1, tag="RILJ", ws=null, uid=1001, pid=11564, packageName=com.android.phone
10-30 10:16:05.993 11113 12239 D PowerManagerService: releaseWakeLockInternal: lock=85367459 [RILJ], flags=0x0, total_time=32ms, ws/pid/uid=null/11564/1001, packageName=com.android.phone
10-30 10:16:06.002 11113 11131 E KernelCpuSpeedReader: Failed to read cpu-freq: /sys/devices/system/cpu/cpu0/cpufreq/stats/time_in_state (No such file or directory)
10-30 10:16:10.252 11113 11221 V AlarmManager: Checking for alarms... rtc=1540865770252, elapsed=2942143739
10-30 10:16:10.253 11113 11221 V AlarmManager: Triggering alarm #0: Alarm{48146cd type 3 when 2942143739 com.google.android.gms}
10-30 10:16:14.760 11113 11113 I DeviceIdleController: updateChargingLocked: charging=true
10-30 10:16:14.761 11113 11113 I DeviceIdleController: becomeActiveLocked, reason = charging
10-30 10:16:14.768 11113 11256 D WifiController: battery changed pluggedType: 2
10-30 10:16:14.768 11113 11256 D WifiController: wifiSleepPolicy:2, means: Never sleep
10-30 10:16:14.768 11113 11256 D WifiController: wifiSleepPolicy:2, means: Never sleep
10-30 10:16:14.808 11113 11131 E BatteryExternalStatsWorker: no controller energy info supplied for wifi
10-30 10:16:14.808 11113 11131 E BatteryExternalStatsWorker: no controller energy info supplied for bluetooth
