10-30 12:48:41.826 11094 11160 I System.out: [socket] connection play.googleapis.com/172.217.24.202:443;LocalPort=-1(10000)
10-30 12:48:44.851 11113 11113 I DeviceIdleController: updateChargingLocked: charging=false
10-30 12:48:44.859 12067 12067 W ContextImpl: Calling a method in the system process without a qualified user: android.app.ContextImpl.startService:1477 android.content.ContextWrapper.startService:654 com.tct.onetouchbooster.service.BoosterService$BatteryChangeReceiver.onReceive:5206 android.app.LoadedApk$ReceiverDispatcher$Args.lambda$-android_app_LoadedApk$ReceiverDispatcher$Args_53034:1323 android.app.-$Lambda$aS31cHIhRx41653CMnd4gZqshIQ.$m$7:4 
10-30 12:48:44.899 12067 12067 W BatteryStatsHelper: Unable to read history to file
10-30 12:48:44.899 12067 12067 W BatteryStatsHelper: java.io.FileNotFoundException: /data/user/0/com.tct.onetouchbooster/files/stats (No such file or directory)
10-30 12:48:44.899 12067 12067 W BatteryStatsHelper: 	at java.io.FileInputStream.open0(Native Method)
10-30 12:48:44.899 12067 12067 W BatteryStatsHelper: 	at java.io.FileInputStream.open(FileInputStream.java:200)
10-30 12:48:44.899 12067 12067 W BatteryStatsHelper: 	at java.io.FileInputStream.<init>(FileInputStream.java:150)
10-30 12:48:44.899 12067 12067 W BatteryStatsHelper: 	at com.android.internal.os.BatteryStatsHelper.statsFromFile(BatteryStatsHelper.java:218)
10-30 12:48:44.899 12067 12067 W BatteryStatsHelper: 	at com.tct.onetouchbooster.module.battery.tools.BatteryLifeCalculateHelper.getRemainTimeFromSystemSettings(BatteryLifeCalculateHelper.java:141)
10-30 12:48:44.899 12067 12067 W BatteryStatsHelper: 	at com.tct.onetouchbooster.service.BoosterService$BatteryChangeReceiver.onReceive(BoosterService.java:5252)
10-30 12:48:44.899 12067 12067 W BatteryStatsHelper: 	at android.app.LoadedApk$ReceiverDispatcher$Args.lambda$-android_app_LoadedApk$ReceiverDispatcher$Args_53034(LoadedApk.java:1323)
10-30 12:48:44.899 12067 12067 W BatteryStatsHelper: 	at android.app.-$Lambda$aS31cHIhRx41653CMnd4gZqshIQ.$m$7(Unknown Source:4)
10-30 12:48:44.899 12067 12067 W BatteryStatsHelper: 	at android.app.-$Lambda$aS31cHIhRx41653CMnd4gZqshIQ.run(Unknown Source:39)
10-30 12:48:44.899 12067 12067 W BatteryStatsHelper: 	at android.os.Handler.handleCallback(Handler.java:790)
10-30 12:48:44.899 12067 12067 W BatteryStatsHelper: 	at android.os.Handler.dispatchMessage(Handler.java:99)
10-30 12:48:44.899 12067 12067 W BatteryStatsHelper: 	at android.os.Looper.loop(Looper.java:164)
10-30 12:48:44.899 12067 12067 W BatteryStatsHelper: 	at android.app.ActivityThread.main(ActivityThread.java:6641)
10-30 12:48:44.899 12067 12067 W BatteryStatsHelper: 	at java.lang.reflect.Method.invoke(Native Method)
10-30 12:48:44.899 12067 12067 W BatteryStatsHelper: 	at com.android.internal.os.RuntimeInit$MethodAndArgsCaller.run(RuntimeInit.java:445)
10-30 12:48:44.899 12067 12067 W BatteryStatsHelper: 	at com.android.internal.os.ZygoteInit.main(ZygoteInit.java:870)
10-30 12:48:44.901 11113 11131 I WifiService: requestActivityInfo uid=1000
10-30 12:48:44.901 11113 11131 I WifiService: reportActivityInfo uid=1000
10-30 12:48:44.901 11113 11131 I WifiService: getSupportedFeatures uid=1000
10-30 12:48:44.903   405   405 I WifiHAL : [WIFI HAL]wifi_get_supported_feature_set: handle=0xa8095638, feature_set=0x801018
10-30 12:48:44.904   405   405 I WifiHAL : [WIFI HAL]wifi_get_supported_feature_set: handle=0xa8095638, feature_set=0x801018
10-30 12:48:44.915 11113 11131 E BatteryExternalStatsWorker: no controller energy info supplied for wifi
10-30 12:48:44.916 11113 11131 E BatteryExternalStatsWorker: no controller energy info supplied for bluetooth
10-30 12:48:44.975 11113 11131 E KernelCpuSpeedReader: Failed to read cpu-freq: /sys/devices/system/cpu/cpu0/cpufreq/stats/time_in_state (No such file or directory)
10-30 12:48:45.087 11113 11131 I WifiService: requestActivityInfo uid=1000
10-30 12:48:45.087 11113 11131 I WifiService: reportActivityInfo uid=1000
10-30 12:48:45.087 11113 11131 I WifiService: getSupportedFeatures uid=1000
10-30 12:48:45.088   405   405 I WifiHAL : [WIFI HAL]wifi_get_supported_feature_set: handle=0xa8095638, feature_set=0x801018
10-30 12:48:45.089   405   405 I WifiHAL : [WIFI HAL]wifi_get_supported_feature_set: handle=0xa8095638, feature_set=0x801018
10-30 12:48:45.093 11113 11131 E BatteryExternalStatsWorker: no controller energy info supplied for wifi
10-30 12:48:45.093 11113 11131 E BatteryExternalStatsWorker: no controller energy info supplied for bluetooth
10-30 12:48:45.129 11113 11131 E KernelCpuSpeedReader: Failed to read cpu-freq: /sys/devices/system/cpu/cpu0/cpufreq/stats/time_in_state (No such file or directory)
10-30 12:48:45.512 11113 11221 I DataShapingService: openLteGateSuccess = false
10-30 12:48:45.614 10800 10800 I BgTaskExecutorImpl: Starting PERIODIC background task throttling_logger_send_to_clearcut.
10-30 12:48:45.616 10800 10800 I BgTaskExecutorImpl: Starting PERIODIC background task telemetry.request_logging_by_intent.
10-30 12:48:45.617 10800 10800 I BgTaskExecutorImpl: Starting PERIODIC background task content_store_delete_expired_content.
10-30 12:48:45.618 10800 10800 I BgTaskExecutorImpl: Starting PERIODIC background task upload_google_tag_manager_events.
10-30 12:48:45.618 10800 10800 I BgTaskExecutorImpl: Starting PERIODIC background task periodic_properties_update_in_phenotype.
10-30 12:48:45.703 10800 11453 I EventLogSendingHelper: Sending log events.
10-30 12:48:45.710 10800 10800 W SearchServiceCore: Abort, client detached.
10-30 12:48:45.747 10800 10800 I chatty  : uid=10068 com.google.android.googlequicksearchbox:search identical 6 lines
10-30 12:48:45.747 10800 10800 W SearchServiceCore: Abort, client detached.
10-30 12:48:45.755 10800 11463 W ThreadPoolDumper: Queue length for executor TaskGraph-Producer is now 16. Perhaps some tasks are too long, or the pool is too small.
10-30 12:48:45.755 10800 10800 W SearchServiceCore: Abort, client detached.
10-30 12:48:45.755 10800 10800 I chatty  : uid=10068 com.google.android.googlequicksearchbox:search identical 1 line
10-30 12:48:45.755 10800 10800 W SearchServiceCore: Abort, client detached.
10-30 12:48:45.840 11113 15177 I ActivityManager: Start proc 11493:com.google.process.gapps/u0a44 for content provider com.google.android.gsf/.settings.GoogleSettingsProvider
10-30 12:48:45.849  9670  9670 I ADB_SERVICES: g_pending_list length=1
10-30 12:48:45.866 11883 23550 I AsyncOpDispatcher: 51-RegisterOperationCall
10-30 12:48:45.876 10800 10800 W SearchServiceCore: Abort, client detached.
10-30 12:48:45.876 10800 10800 I chatty  : uid=10068 com.google.android.googlequicksearchbox:search identical 1 line
10-30 12:48:45.890 10800 10800 W SearchServiceCore: Abort, client detached.
10-30 12:48:46.115 11883 13715 W System  : ClassLoader referenced unknown path: system/framework/mediatek-cta.jar
10-30 12:48:46.118 11883 13715 I System.out: e:java.lang.ClassNotFoundException: com.mediatek.cta.CtaHttp
10-30 12:48:46.120 11883 13715 W System  : ClassLoader referenced unknown path: system/framework/mediatek-cta.jar
10-30 12:48:46.123 11883 13715 I System.out: e:java.lang.ClassNotFoundException: com.mediatek.cta.CtaHttp
10-30 12:48:46.124 11883 13715 I System.out: [socket] connection mobilenetworkscoring-pa.googleapis.com/216.58.220.202:443;LocalPort=-1(60000)
10-30 12:48:46.284  2928  2928 I thermal_repeater: [recvMdThermalInfo] ret=33, strLen=127,  2, 32767, -127, 101, 32767, 3745
10-30 12:48:48.568 11113 11143 I libsuspend: ws name: PowerManagerService.WakeLocks, act_since: 52764, act_cnt: 66178, ev_cnt: 66180, wakeup_cnt: 15598
10-30 12:48:49.948 11113 11128 E KernelCpuSpeedReader: Failed to read cpu-freq: /sys/devices/system/cpu/cpu0/cpufreq/stats/time_in_state (No such file or directory)
10-30 12:48:50.518 11883 10889 W System  : ClassLoader referenced unknown path: system/framework/mediatek-cta.jar
10-30 12:48:50.521 11883 10889 I System.out: e:java.lang.ClassNotFoundException: com.mediatek.cta.CtaHttp
10-30 12:48:50.523 11883 10889 W System  : ClassLoader referenced unknown path: system/framework/mediatek-cta.jar
10-30 12:48:50.526 11883 10889 I System.out: e:java.lang.ClassNotFoundException: com.mediatek.cta.CtaHttp
10-30 12:48:50.526 11883 10889 I System.out: [socket] connection cloudconfig.googleapis.com/216.58.199.106:443;LocalPort=-1(60000)
10-30 12:48:50.945 11493 11515 I zygote  : Waiting for a blocking GC ProfileSaver
10-30 12:48:50.948 11493 11515 I zygote  : Waiting for a blocking GC ProfileSaver
10-30 12:48:50.949 11493 11515 I zygote  : WaitForGcToComplete blocked ProfileSaver on HeapTrim for 5.132ms
10-30 12:48:50.954 11493 11506 I zygote  : WaitForGcToComplete blocked HeapTrim on ProfileSaver for 5.229ms
10-30 12:48:51.121 11883 13711 W System  : ClassLoader referenced unknown path: system/framework/mediatek-cta.jar
10-30 12:48:51.124 11883 13711 I System.out: e:java.lang.ClassNotFoundException: com.mediatek.cta.CtaHttp
10-30 12:48:51.126 11883 13711 W System  : ClassLoader referenced unknown path: system/framework/mediatek-cta.jar
10-30 12:48:51.129 11883 13711 I System.out: e:java.lang.ClassNotFoundException: com.mediatek.cta.CtaHttp
10-30 12:48:51.129 11883 13711 I System.out: [socket] connection mobilenetworkscoring-pa.googleapis.com/172.217.24.202:443;LocalPort=-1(60000)
10-30 12:48:51.206 11883 13713 W System  : ClassLoader referenced unknown path: system/framework/mediatek-cta.jar
10-30 12:48:51.209 11883 13713 I System.out: e:java.lang.ClassNotFoundException: com.mediatek.cta.CtaHttp
10-30 12:48:51.211 11883 13713 W System  : ClassLoader referenced unknown path: system/framework/mediatek-cta.jar
10-30 12:48:51.214 11883 13713 I System.out: e:java.lang.ClassNotFoundException: com.mediatek.cta.CtaHttp
10-30 12:48:51.215 11883 13713 I System.out: [socket] connection mobilenetworkscoring-pa.googleapis.com/172.217.24.202:443;LocalPort=-1(60000)
10-30 12:48:51.837 11094 11160 W System  : ClassLoader referenced unknown path: system/framework/mediatek-cta.jar
10-30 12:48:51.839 11094 11160 I System.out: e:java.lang.ClassNotFoundException: com.mediatek.cta.CtaHttp
10-30 12:48:51.841 11094 11160 W System  : ClassLoader referenced unknown path: system/framework/mediatek-cta.jar
10-30 12:48:51.844 11094 11160 I System.out: e:java.lang.ClassNotFoundException: com.mediatek.cta.CtaHttp
10-30 12:48:51.844 11094 11160 I System.out: [socket] connection play.googleapis.com/216.58.221.138:443;LocalPort=-1(10000)
10-30 12:48:56.319  2928  2928 I thermal_repeater: [recvMdThermalInfo] ret=33, strLen=127,  2, 32767, -127, 101, 32767, 3745
10-30 12:49:01.902 11094 11160 W System  : ClassLoader referenced unknown path: system/framework/mediatek-cta.jar
10-30 12:49:01.905 11094 11160 I System.out: e:java.lang.ClassNotFoundException: com.mediatek.cta.CtaHttp
10-30 12:49:01.906 11094 11160 W System  : ClassLoader referenced unknown path: system/framework/mediatek-cta.jar
10-30 12:49:01.909 11094 11160 I System.out: e:java.lang.ClassNotFoundException: com.mediatek.cta.CtaHttp
10-30 12:49:01.910 11094 11160 I System.out: [socket] connection play.googleapis.com/216.58.220.202:443;LocalPort=-1(10000)
10-30 12:49:02.585 11883 11434 I System.out: close [socket][/10.0.0.14:42946]
10-30 12:49:02.587 11883 11434 E WakeLock: release without a matched acquire!
10-30 12:49:02.594 11030 11525 W libc-netbsd: [getaddrinfo]: hostname=captive.apple.com; servname=(null); netid=1627; mark=984667; ai_flags=1024; ai_family=0
10-30 12:49:02.596 11030 11525 W libc-netbsd: default dns: query_ipv6=0, query_ipv4=1
10-30 12:49:02.638 11030 11525 W libc-netbsd: res_queryN name = captive.apple.com succeed
10-30 12:49:02.641 11113 10771 W libc-netbsd: getaddrinfo: captive.apple.com get result from proxy gai_error = 0
10-30 12:49:02.647 11113 10771 W System  : ClassLoader referenced unknown path: system/framework/mediatek-cta.jar
10-30 12:49:02.649 11113 10771 I System.out: e:java.lang.ClassNotFoundException: com.mediatek.cta.CtaHttp
10-30 12:49:02.653 11113 10771 W System  : ClassLoader referenced unknown path: system/framework/mediatek-cta.jar
10-30 12:49:02.656 11113 10771 I System.out: e:java.lang.ClassNotFoundException: com.mediatek.cta.CtaHttp
10-30 12:49:02.656 11113 10771 I System.out: [socket] connection captive.apple.com/17.253.27.201:80;LocalPort=-1(10000)
10-30 12:49:02.885 11113 10771 I System.out: [socket][/10.0.0.14:51656] connected
10-30 12:49:02.886 11113 10771 I System.out: [OkHttp] sendRequest>>
10-30 12:49:02.886 11113 10771 I System.out: [OkHttp] sendRequest<<
10-30 12:49:03.102 11113 10771 I System.out: close [socket][/10.0.0.14:51656]
10-30 12:49:03.105 11113 10771 I WifiService: getConnectionInfo uid=1000
10-30 12:49:03.572 11113 11143 I libsuspend: ws name: PowerManagerService.WakeLocks, act_since: 67768, act_cnt: 66178, ev_cnt: 66180, wakeup_cnt: 15598
10-30 12:49:06.353  2928  2928 I thermal_repeater: [recvMdThermalInfo] ret=33, strLen=127,  2, 32767, -127, 101, 32767, 3745
10-30 12:49:09.577 11883 11152 W System  : ClassLoader referenced unknown path: system/framework/mediatek-cta.jar
10-30 12:49:09.580 11883 11152 I System.out: e:java.lang.ClassNotFoundException: com.mediatek.cta.CtaHttp
10-30 12:49:09.582 11883 11152 W System  : ClassLoader referenced unknown path: system/framework/mediatek-cta.jar
10-30 12:49:09.586 11883 11152 I System.out: e:java.lang.ClassNotFoundException: com.mediatek.cta.CtaHttp
10-30 12:49:09.586 11883 11152 I System.out: [socket] connection play.googleapis.com/216.58.221.234:443;LocalPort=-1(60000)
10-30 12:49:11.961 11094 11160 W System  : ClassLoader referenced unknown path: system/framework/mediatek-cta.jar
10-30 12:49:11.964 11094 11160 I System.out: e:java.lang.ClassNotFoundException: com.mediatek.cta.CtaHttp
10-30 12:49:11.965 11094 11160 W System  : ClassLoader referenced unknown path: system/framework/mediatek-cta.jar
10-30 12:49:11.968 11094 11160 I System.out: e:java.lang.ClassNotFoundException: com.mediatek.cta.CtaHttp
10-30 12:49:11.969 11094 11160 I System.out: [socket] connection play.googleapis.com/216.58.199.106:443;LocalPort=-1(10000)
10-30 12:49:13.116 11113 11221 I DataShapingService: openLteGateSuccess = false
10-30 12:49:13.119 11113 11257 W AlarmManager: Unrecognized alarm listener com.android.server.wifi.WifiConfigStore$1@511437b
10-30 12:49:16.390  2928  2928 I thermal_repeater: [recvMdThermalInfo] ret=33, strLen=127,  2, 32767, -127, 101, 32767, 3745
10-30 12:49:18.144 11113 11128 E KernelCpuSpeedReader: Failed to read cpu-freq: /sys/devices/system/cpu/cpu0/cpufreq/stats/time_in_state (No such file or directory)
10-30 12:49:18.580 11113 11143 I libsuspend: ws name: PowerManagerService.WakeLocks, act_since: 82777, act_cnt: 66178, ev_cnt: 66180, wakeup_cnt: 15598
10-30 12:49:22.027 11094 11160 W System  : ClassLoader referenced unknown path: system/framework/mediatek-cta.jar
10-30 12:49:22.029 11094 11160 I System.out: e:java.lang.ClassNotFoundException: com.mediatek.cta.CtaHttp
10-30 12:49:22.031 11094 11160 W System  : ClassLoader referenced unknown path: system/framework/mediatek-cta.jar
10-30 12:49:22.034 11094 11160 I System.out: e:java.lang.ClassNotFoundException: com.mediatek.cta.CtaHttp
10-30 12:49:22.035 11094 11160 I System.out: [socket] connection play.googleapis.com/172.217.25.10:443;LocalPort=-1(10000)
10-30 12:49:26.156 11113 11275 I DeviceStorageMonitorService: oldLevel = 0    newLevel = 0    usableBytes = 18017MB
10-30 12:49:26.156 11113 11275 I DeviceStorageMonitorService: before Settings.Global.LOW_STORAGE_MODE = 0
10-30 12:49:26.157 11113 11275 I DeviceStorageMonitorService: after Settings.Global.LOW_STORAGE_MODE = 0
10-30 12:49:26.421  2928  2928 I thermal_repeater: [recvMdThermalInfo] ret=33, strLen=127,  2, 32767, -127, 101, 32767, 3745
10-30 12:49:32.093 11094 11160 E PlayCommon: [54489] com.google.android.play.b.x.a(63): Failed to connect to server for server timestamp: java.net.SocketTimeoutException: failed to connect to play.googleapis.com/172.217.25.10 (port 443) from /10.0.0.14 (port 54330) after 10000ms
10-30 12:49:32.094 11094 11160 W PlayCommon: [54489] com.google.android.play.b.g.a(219): No account for auth token provided
10-30 12:49:32.095 11094 11160 I PlayCommon: [54489] com.google.android.play.b.g.a(801): Connecting to server: https://play.googleapis.com/play/log?format=raw&proto_v2=true
10-30 12:49:32.100 11094 11160 W System  : ClassLoader referenced unknown path: system/framework/mediatek-cta.jar
10-30 12:49:32.103 11094 11160 I System.out: e:java.lang.ClassNotFoundException: com.mediatek.cta.CtaHttp
10-30 12:49:32.107 11030 11541 W libc-netbsd: [getaddrinfo]: hostname=play.googleapis.com; servname=(null); netid=1627; mark=788059; ai_flags=1024; ai_family=0
10-30 12:49:32.107 11030 11541 W libc-netbsd: default dns: query_ipv6=0, query_ipv4=1
10-30 12:49:32.158 11030 11541 W libc-netbsd: res_queryN name = play.googleapis.com succeed
10-30 12:49:32.162 11094 11160 W libc-netbsd: getaddrinfo: play.googleapis.com get result from proxy gai_error = 0
10-30 12:49:32.164 11094 11160 W System  : ClassLoader referenced unknown path: system/framework/mediatek-cta.jar
10-30 12:49:32.166 11094 11160 I System.out: e:java.lang.ClassNotFoundException: com.mediatek.cta.CtaHttp
10-30 12:49:32.167 11094 11160 I System.out: [socket] connection play.googleapis.com/216.58.197.106:443;LocalPort=-1(10000)
10-30 12:49:33.586 11113 11143 I libsuspend: ws name: PowerManagerService.WakeLocks, act_since: 97782, act_cnt: 66178, ev_cnt: 66180, wakeup_cnt: 15598
10-30 12:49:36.455  2928  2928 I thermal_repeater: [recvMdThermalInfo] ret=33, strLen=127,  2, 32767, -127, 101, 32767, 3745
10-30 12:49:36.609 11883 11381 W System  : ClassLoader referenced unknown path: system/framework/mediatek-cta.jar
10-30 12:49:36.612 11883 11381 I System.out: e:java.lang.ClassNotFoundException: com.mediatek.cta.CtaHttp
10-30 12:49:36.614 11883 11381 W System  : ClassLoader referenced unknown path: system/framework/mediatek-cta.jar
10-30 12:49:36.617 11883 11381 I System.out: e:java.lang.ClassNotFoundException: com.mediatek.cta.CtaHttp
10-30 12:49:36.617 11883 11381 I System.out: [socket] connection cloudconfig.googleapis.com/172.217.24.42:443;LocalPort=-1(60000)
10-30 12:49:36.674 11883 11381 I System.out: [socket][/10.0.0.14:41398] connected
10-30 12:49:36.683 11883 11381 W Conscrypt: Could not set socket write timeout: java.lang.reflect.InvocationTargetException
10-30 12:49:36.684 11883 11381 W Conscrypt: 	at java.lang.reflect.Method.invoke(Native Method)
10-30 12:49:36.684 11883 11381 W Conscrypt: 	at com.google.android.gms.org.conscrypt.Platform.setSocketWriteTimeout(:com.google.android.gms@12689019@12.6.89 (040300-198638573):13)
10-30 12:49:36.685 11883 11381 W Conscrypt: Caused by: android.system.ErrnoException: setsockopt failed: EBADF (Bad file descriptor)
10-30 12:49:36.685 11883 11381 W Conscrypt: 	at libcore.io.Linux.setsockoptTimeval(Native Method)
10-30 12:49:36.686 11883 11381 W Conscrypt: 	at libcore.io.ForwardingOs.setsockoptTimeval(ForwardingOs.java:175)
10-30 12:49:36.710 11883 11381 I System.out: close [socket][/10.0.0.14:41398]
10-30 12:49:36.712 11883 11381 W System  : ClassLoader referenced unknown path: system/framework/mediatek-cta.jar
10-30 12:49:36.715 11883 11381 I System.out: e:java.lang.ClassNotFoundException: com.mediatek.cta.CtaHttp
10-30 12:49:36.716 11883 11381 W System  : ClassLoader referenced unknown path: system/framework/mediatek-cta.jar
10-30 12:49:36.719 11883 11381 I System.out: e:java.lang.ClassNotFoundException: com.mediatek.cta.CtaHttp
10-30 12:49:36.720 11883 11381 I System.out: [socket] connection cloudconfig.googleapis.com/172.217.31.234:443;LocalPort=-1(60000)
10-30 12:49:36.752 11883 11381 I System.out: [socket][/10.0.0.14:52024] connected
10-30 12:49:36.760 11883 11381 W Conscrypt: Could not set socket write timeout: java.lang.reflect.InvocationTargetException
10-30 12:49:36.761 11883 11381 W Conscrypt: 	at java.lang.reflect.Method.invoke(Native Method)
10-30 12:49:36.762 11883 11381 W Conscrypt: 	at com.google.android.gms.org.conscrypt.Platform.setSocketWriteTimeout(:com.google.android.gms@12689019@12.6.89 (040300-198638573):13)
10-30 12:49:36.762 11883 11381 W Conscrypt: Caused by: android.system.ErrnoException: setsockopt failed: EBADF (Bad file descriptor)
10-30 12:49:36.763 11883 11381 W Conscrypt: 	at libcore.io.Linux.setsockoptTimeval(Native Method)
10-30 12:49:36.763 11883 11381 W Conscrypt: 	at libcore.io.ForwardingOs.setsockoptTimeval(ForwardingOs.java:175)
10-30 12:49:36.796 11883 11381 I System.out: close [socket][/10.0.0.14:52024]
10-30 12:49:36.799 11883 11381 W System  : ClassLoader referenced unknown path: system/framework/mediatek-cta.jar
10-30 12:49:36.801 11883 11381 I System.out: e:java.lang.ClassNotFoundException: com.mediatek.cta.CtaHttp
10-30 12:49:36.803 11883 11381 W System  : ClassLoader referenced unknown path: system/framework/mediatek-cta.jar
10-30 12:49:36.806 11883 11381 I System.out: e:java.lang.ClassNotFoundException: com.mediatek.cta.CtaHttp
10-30 12:49:36.807 11883 11381 I System.out: [socket] connection cloudconfig.googleapis.com/172.217.161.170:443;LocalPort=-1(60000)
10-30 12:49:42.225 11094 11160 W System  : ClassLoader referenced unknown path: system/framework/mediatek-cta.jar
10-30 12:49:42.227 11094 11160 I System.out: e:java.lang.ClassNotFoundException: com.mediatek.cta.CtaHttp
10-30 12:49:42.229 11094 11160 W System  : ClassLoader referenced unknown path: system/framework/mediatek-cta.jar
10-30 12:49:42.232 11094 11160 I System.out: e:java.lang.ClassNotFoundException: com.mediatek.cta.CtaHttp
10-30 12:49:42.233 11094 11160 I System.out: [socket] connection play.googleapis.com/216.58.221.106:443;LocalPort=-1(10000)
10-30 12:49:45.636 11113 11221 I DataShapingService: openLteGateSuccess = false
10-30 12:49:45.652  2925  3408 I Accelerometer: batch: handle:0, flag:0,samplingPeriodNs:40000000 maxBatchReportLatencyNs:0
10-30 12:49:45.654  2925  3408 I Accelerometer: enable: handle:0, en:1
10-30 12:49:46.226 11883 13715 W System  : ClassLoader referenced unknown path: system/framework/mediatek-cta.jar
10-30 12:49:46.229 11883 13715 I System.out: e:java.lang.ClassNotFoundException: com.mediatek.cta.CtaHttp
10-30 12:49:46.231 11883 13715 W System  : ClassLoader referenced unknown path: system/framework/mediatek-cta.jar
10-30 12:49:46.234 11883 13715 I System.out: e:java.lang.ClassNotFoundException: com.mediatek.cta.CtaHttp
10-30 12:49:46.235 11883 13715 I System.out: [socket] connection mobilenetworkscoring-pa.googleapis.com/172.217.31.234:443;LocalPort=-1(60000)
10-30 12:49:46.280 11883 13715 I System.out: [socket][/10.0.0.14:52030] connected
10-30 12:49:46.289 11883 13715 W Conscrypt: Could not set socket write timeout: java.lang.reflect.InvocationTargetException
10-30 12:49:46.290 11883 13715 W Conscrypt: 	at java.lang.reflect.Method.invoke(Native Method)
10-30 12:49:46.290 11883 13715 W Conscrypt: 	at com.google.android.gms.org.conscrypt.Platform.setSocketWriteTimeout(:com.google.android.gms@12689019@12.6.89 (040300-198638573):13)
10-30 12:49:46.290 11883 13715 W Conscrypt: Caused by: android.system.ErrnoException: setsockopt failed: EBADF (Bad file descriptor)
10-30 12:49:46.291 11883 13715 W Conscrypt: 	at libcore.io.Linux.setsockoptTimeval(Native Method)
10-30 12:49:46.291 11883 13715 W Conscrypt: 	at libcore.io.ForwardingOs.setsockoptTimeval(ForwardingOs.java:175)
10-30 12:49:46.324 11883 13715 I System.out: close [socket][/10.0.0.14:52030]
10-30 12:49:46.327 11883 13715 W System  : ClassLoader referenced unknown path: system/framework/mediatek-cta.jar
10-30 12:49:46.330 11883 13715 I System.out: e:java.lang.ClassNotFoundException: com.mediatek.cta.CtaHttp
10-30 12:49:46.332 11883 13715 W System  : ClassLoader referenced unknown path: system/framework/mediatek-cta.jar
10-30 12:49:46.335 11883 13715 I System.out: e:java.lang.ClassNotFoundException: com.mediatek.cta.CtaHttp
10-30 12:49:46.336 11883 13715 I System.out: [socket] connection mobilenetworkscoring-pa.googleapis.com/172.217.24.202:443;LocalPort=-1(60000)
10-30 12:49:46.489  2928  2928 I thermal_repeater: [recvMdThermalInfo] ret=33, strLen=127,  2, 32767, -127, 101, 32767, 3745
10-30 12:49:48.182  2925  3408 I Accelerometer: enable: handle:0, en:0
10-30 12:49:48.590 11113 11143 I libsuspend: ws name: PowerManagerService.WakeLocks, act_since: 112787, act_cnt: 66178, ev_cnt: 66180, wakeup_cnt: 15598
10-30 12:49:50.556 11883 10889 W FetchTask: exception on config fetch: java.net.SocketTimeoutException: failed to connect to cloudconfig.googleapis.com/216.58.199.106 (port 443) from /10.0.0.14 (port 57602) after 60000ms
10-30 12:49:50.556 11883 10889 W FetchTask: java.net.SocketTimeoutException: failed to connect to cloudconfig.googleapis.com/216.58.199.106 (port 443) from /10.0.0.14 (port 57602) after 60000ms
10-30 12:49:50.556 11883 10889 W FetchTask: 	at libcore.io.IoBridge.connectErrno(IoBridge.java:185)
10-30 12:49:50.556 11883 10889 W FetchTask: 	at libcore.io.IoBridge.connect(IoBridge.java:130)
10-30 12:49:50.556 11883 10889 W FetchTask: 	at java.net.PlainSocketImpl.socketConnect(PlainSocketImpl.java:129)
10-30 12:49:50.556 11883 10889 W FetchTask: 	at java.net.AbstractPlainSocketImpl.doConnect(AbstractPlainSocketImpl.java:356)
10-30 12:49:50.556 11883 10889 W FetchTask: 	at java.net.AbstractPlainSocketImpl.connectToAddress(AbstractPlainSocketImpl.java:200)
10-30 12:49:50.556 11883 10889 W FetchTask: 	at java.net.AbstractPlainSocketImpl.connect(AbstractPlainSocketImpl.java:182)
10-30 12:49:50.556 11883 10889 W FetchTask: 	at java.net.SocksSocketImpl.connect(SocksSocketImpl.java:357)
10-30 12:49:50.556 11883 10889 W FetchTask: 	at java.net.Socket.connect(Socket.java:652)
10-30 12:49:50.556 11883 10889 W FetchTask: 	at com.android.okhttp.internal.Platform.connectSocket(Platform.java:145)
10-30 12:49:50.556 11883 10889 W FetchTask: 	at com.android.okhttp.internal.io.RealConnection.connectSocket(RealConnection.java:141)
10-30 12:49:50.556 11883 10889 W FetchTask: 	at com.android.okhttp.internal.io.RealConnection.connect(RealConnection.java:112)
10-30 12:49:50.556 11883 10889 W FetchTask: 	at com.android.okhttp.internal.http.StreamAllocation.findConnection(StreamAllocation.java:184)
10-30 12:49:50.556 11883 10889 W FetchTask: 	at com.android.okhttp.internal.http.StreamAllocation.findHealthyConnection(StreamAllocation.java:126)
10-30 12:49:50.556 11883 10889 W FetchTask: 	at com.android.okhttp.internal.http.StreamAllocation.newStream(StreamAllocation.java:95)
10-30 12:49:50.556 11883 10889 W FetchTask: 	at com.android.okhttp.internal.http.HttpEngine.connect(HttpEngine.java:299)
10-30 12:49:50.556 11883 10889 W FetchTask: 	at com.android.okhttp.internal.http.HttpEngine.sendRequest(HttpEngine.java:237)
10-30 12:49:50.556 11883 10889 W FetchTask: 	at com.android.okhttp.internal.huc.HttpURLConnectionImpl.execute(HttpURLConnectionImpl.java:461)
10-30 12:49:50.556 11883 10889 W FetchTask: 	at com.android.okhttp.internal.huc.HttpURLConnectionImpl.connect(HttpURLConnectionImpl.java:127)
10-30 12:49:50.556 11883 10889 W FetchTask: 	at com.android.okhttp.internal.huc.HttpURLConnectionImpl.getOutputStream(HttpURLConnectionImpl.java:258)
10-30 12:49:50.556 11883 10889 W FetchTask: 	at com.android.okhttp.internal.huc.DelegatingHttpsURLConnection.getOutputStream(DelegatingHttpsURLConnection.java:218)
10-30 12:49:50.556 11883 10889 W FetchTask: 	at com.android.okhttp.internal.huc.HttpsURLConnectionImpl.getOutputStream(Unknown Source:0)
10-30 12:49:50.556 11883 10889 W FetchTask: 	at ped.a(:com.google.android.gms@12689019@12.6.89 (040300-198638573):75)
10-30 12:49:50.556 11883 10889 W FetchTask: 	at ped.a(:com.google.android.gms@12689019@12.6.89 (040300-198638573):123)
10-30 12:49:50.556 11883 10889 W FetchTask: 	at ped.run(:com.google.android.gms@12689019@12.6.89 (040300-198638573):1)
10-30 12:49:50.556 11883 10889 W FetchTask: 	at java.lang.Thread.run(Thread.java:764)
10-30 12:49:52.290 11094 11160 W System  : ClassLoader referenced unknown path: system/framework/mediatek-cta.jar
10-30 12:49:52.293 11094 11160 I System.out: e:java.lang.ClassNotFoundException: com.mediatek.cta.CtaHttp
10-30 12:49:52.295 11094 11160 W System  : ClassLoader referenced unknown path: system/framework/mediatek-cta.jar
10-30 12:49:52.298 11094 11160 I System.out: e:java.lang.ClassNotFoundException: com.mediatek.cta.CtaHttp
10-30 12:49:52.298 11094 11160 I System.out: [socket] connection play.googleapis.com/172.217.25.10:443;LocalPort=-1(10000)
10-30 12:49:53.221  2925  3408 I Accelerometer: batch: handle:0, flag:0,samplingPeriodNs:40000000 maxBatchReportLatencyNs:0
10-30 12:49:53.222  2925  3408 I Accelerometer: enable: handle:0, en:1
10-30 12:49:55.745  2925  3408 I Accelerometer: enable: handle:0, en:0
10-30 12:49:55.763 11113 11113 I GnssLocationProvider: WakeLock acquired by sendMessage(SET_REQUEST, 0, com.android.server.location.GnssLocationProvider$GpsRequest@33ac4cb)
10-30 12:49:55.766  2900  3085 W MNLD    : hal_gps_start: hal_gps_start
10-30 12:49:55.768  2934  3788 I MtkGnssHAL_GnssInterface: updateWakelock: GNSS HAL Wakelock acquired due to gps: 1, fused: 0
10-30 12:49:55.769  2900  3073 W gps_controlller: gps_control_event_hdlr: mnld version: MTK_MNLD_5_6_0_18020701
10-30 12:49:55.769  2900  3073 E mnl_linux: mnl_utl_load_property: Config is not set yet, ignore
10-30 12:49:55.814 11113 15177 I GnssLocationProvider: WakeLock acquired by sendMessage(SET_REQUEST, 0, com.android.server.location.GnssLocationProvider$GpsRequest@15d0243)
10-30 12:49:55.817  2900  3073 E gps_controlller: hasAlmanac: open file(/nvcfg/almanac.dat) fail
10-30 12:49:55.826 11113 15177 I WifiService: acquireWifiLock uid=10044 lockMode=2
10-30 12:49:55.829 11113 15177 I WifiService: releaseWifiLock uid=10044
10-30 12:49:55.833 11113 29724 I WifiService: acquireWifiLock uid=10044 lockMode=2
10-30 12:49:55.837 11113 15177 I WifiService: releaseWifiLock uid=10044
10-30 12:49:55.838 11113 29724 I WifiService: acquireWifiLock uid=10044 lockMode=2
10-30 12:49:55.842 11113 15177 I WifiService: releaseWifiLock uid=10044
10-30 12:49:55.844 11113 29724 I WifiService: acquireWifiLock uid=10044 lockMode=2
10-30 12:49:55.847 11113 29724 I WifiService: releaseWifiLock uid=10044
10-30 12:49:55.851 11113 15177 I WifiService: acquireWifiLock uid=10044 lockMode=2
10-30 12:49:56.217  2900  3075 W qepo    : qepo_event_hdlr: mnld_qepo_download() before
10-30 12:49:56.218  2900  3076 W mtknav  : mtknav_event_hdlr: mnld_mtknav_download() before
10-30 12:49:56.221 11030 11566 W libc-netbsd: [getaddrinfo]: hostname=ogepodownload.mediatek.com; servname=443; netid=1627; mark=788059; ai_flags=0; ai_family=0
10-30 12:49:56.221 11030 11565 W libc-netbsd: [getaddrinfo]: hostname=ogepodownload.mediatek.com; servname=443; netid=1627; mark=788059; ai_flags=0; ai_family=0
10-30 12:49:56.224  2900  3085 W MNLD    : main_event_hdlr: GPS2MAIN_EVENT_START_DONE  is_assist_req=1
10-30 12:49:56.227 11113 12193 I NlpLocationProvider: handleSetRequest() request=ProviderRequest[ON interval=+1s0ms]
10-30 12:49:56.236 11113 11236 E GnssLocationProvider: Error getting cell location info.
10-30 12:49:56.236 11113 12251 I WifiService: acquireWifiLock uid=10044 lockMode=2
10-30 12:49:56.239 11113 15177 I WifiService: releaseWifiLock uid=10044
10-30 12:49:56.241 11113 16278 I WifiService: acquireWifiLock uid=10044 lockMode=2
10-30 12:49:56.244 11113 16278 I WifiService: releaseWifiLock uid=10044
10-30 12:49:56.247 11113 16278 I WifiService: acquireWifiLock uid=10044 lockMode=2
10-30 12:49:56.251 11113 16278 I WifiService: releaseWifiLock uid=10044
10-30 12:49:56.524  2928  2928 I thermal_repeater: [recvMdThermalInfo] ret=33, strLen=127,  2, 32767, -127, 101, 32767, 3745
10-30 12:49:56.768 11113 11127 I GnssLocationProvider: WakeLock released by handleMessage(SET_REQUEST, 0, com.android.server.location.GnssLocationProvider$GpsRequest@33ac4cb)
10-30 12:49:56.770 11113 11127 I GnssLocationProvider: WakeLock released by handleMessage(SET_REQUEST, 0, com.android.server.location.GnssLocationProvider$GpsRequest@15d0243)
10-30 12:49:56.796 11883  7796 W ctxmgr  : [AclManager]No 2 for (accnt=account#-517948760#, com.google.android.gms(10044):IndoorOutdoorProducer, vrsn=12689000, 0, 3pPkg = null ,  3pMdlId = null ,  pid = 11883). Was: 3 for 57, account#-517948760#
10-30 12:49:57.044  2932  2960 E agps    : [agps] ERR: [AGPS] update_imsi_to_supl_swip  IMSI is invalid
10-30 12:49:57.054  2932  2989 I MtkAgpsNative: Enter supl_conn_send_create_req
10-30 12:49:57.058 11030 11584 W libc-netbsd: [getaddrinfo]: hostname=supl.google.com; servname=(null); netid=1627; mark=788059; ai_flags=1024; ai_family=0
10-30 12:49:57.058 11030 11584 W libc-netbsd: default dns: query_ipv6=0, query_ipv4=1
10-30 12:49:57.221  3106  3139 I [BIP]   :  [BIP NL] event newlink match dev 0, interface index 32
10-30 12:49:57.222  3106  3139 I [BIP]   :  [BIP NL] the link status of interface(index:0) changes to 1
10-30 12:49:57.249 11030 11584 W libc-netbsd: res_queryN name = supl.google.com succeed
10-30 12:49:57.253 11113 12877 W libc-netbsd: getaddrinfo: supl.google.com get result from proxy gai_error = 0
10-30 12:49:57.258  2932  2989 E agps    : [agps] ERR: [Utility] do_socket_connect_v6  no v6 address
10-30 12:49:57.283 11113 30684 I WifiService: acquireWifiLock uid=10044 lockMode=2
10-30 12:49:57.284 11113 30684 I LocationManagerService: remove e616e7f
10-30 12:49:57.289 11113 15177 I GnssLocationProvider: WakeLock acquired by sendMessage(SET_REQUEST, 0, com.android.server.location.GnssLocationProvider$GpsRequest@2d5a9f0)
10-30 12:49:57.290 11113 11127 I GnssLocationProvider: WakeLock released by handleMessage(SET_REQUEST, 0, com.android.server.location.GnssLocationProvider$GpsRequest@2d5a9f0)
10-30 12:49:57.544 11883 11883 I GoogleLocationS: type=1400 audit(0.0:72496): avc: denied { call } for scontext=u:r:priv_app:s0:c512,c768 tcontext=u:r:hal_memtrack_default:s0 tclass=binder permissive=1
10-30 12:49:57.559 11113 30684 I WifiService: acquireWifiLock uid=10044 lockMode=2
10-30 12:49:57.561 11113 30684 I WifiService: acquireWifiLock uid=10044 lockMode=2
10-30 12:49:57.569 11113 30684 I WifiService: releaseWifiLock uid=10044
10-30 12:49:57.573 11883 11585 W System  : ClassLoader referenced unknown path: system/framework/mediatek-cta.jar
10-30 12:49:57.573 11883 11585 I System.out: e:java.lang.ClassNotFoundException: com.mediatek.cta.CtaHttp
10-30 12:49:57.576 11030 11586 W libc-netbsd: [getaddrinfo]: hostname=www.google.com; servname=(null); netid=1627; mark=788059; ai_flags=1024; ai_family=0
10-30 12:49:57.576 11030 11586 W libc-netbsd: default dns: query_ipv6=0, query_ipv4=1
10-30 12:49:57.611 11030 11586 W libc-netbsd: res_queryN name = www.google.com succeed
10-30 12:49:57.613 11883 11585 W libc-netbsd: getaddrinfo: www.google.com get result from proxy gai_error = 0
10-30 12:49:57.614 11883 11585 W System  : ClassLoader referenced unknown path: system/framework/mediatek-cta.jar
10-30 12:49:57.616 11883 11585 I System.out: e:java.lang.ClassNotFoundException: com.mediatek.cta.CtaHttp
10-30 12:49:57.616 11883 11585 I System.out: [socket] connection www.google.com/31.13.64.49:443;LocalPort=-1(30000)
10-30 12:49:57.648 11883 11585 W System.err: java.net.ConnectException: Failed to connect to www.google.com/31.13.64.49:443
10-30 12:49:57.649 11883 11585 W System.err: 	at com.android.okhttp.internal.io.RealConnection.connectSocket(RealConnection.java:143)
10-30 12:49:57.649 11883 11585 W System.err: 	at com.android.okhttp.internal.io.RealConnection.connect(RealConnection.java:112)
10-30 12:49:57.649 11883 11585 W System.err: 	at com.android.okhttp.internal.http.StreamAllocation.findConnection(StreamAllocation.java:184)
10-30 12:49:57.650 11883 11585 W System.err: 	at com.android.okhttp.internal.http.StreamAllocation.findHealthyConnection(StreamAllocation.java:126)
10-30 12:49:57.650 11883 11585 W System.err: 	at com.android.okhttp.internal.http.StreamAllocation.newStream(StreamAllocation.java:95)
10-30 12:49:57.650 11883 11585 W System.err: 	at com.android.okhttp.internal.http.HttpEngine.connect(HttpEngine.java:299)
10-30 12:49:57.650 11883 11585 W System.err: 	at com.android.okhttp.internal.http.HttpEngine.sendRequest(HttpEngine.java:237)
10-30 12:49:57.651 11883 11585 W System.err: 	at com.android.okhttp.internal.huc.HttpURLConnectionImpl.execute(HttpURLConnectionImpl.java:461)
10-30 12:49:57.651 11883 11585 W System.err: 	at com.android.okhttp.internal.huc.HttpURLConnectionImpl.connect(HttpURLConnectionImpl.java:127)
10-30 12:49:57.651 11883 11585 W System.err: 	at com.android.okhttp.internal.huc.HttpURLConnectionImpl.getOutputStream(HttpURLConnectionImpl.java:258)
10-30 12:49:57.652 11883 11585 W System.err: 	at com.android.okhttp.internal.huc.DelegatingHttpsURLConnection.getOutputStream(DelegatingHttpsURLConnection.java:218)
10-30 12:49:57.652 11883 11585 W System.err: 	at com.android.okhttp.internal.huc.HttpsURLConnectionImpl.getOutputStream(Unknown Source:0)
10-30 12:49:57.652 11883 11585 W System.err: 	at bgzu.run(:com.google.android.gms@12689019@12.6.89 (040300-198638573):33)
10-30 12:49:57.652 11883 11585 W System.err: 	at java.util.concurrent.ThreadPoolExecutor.runWorker(ThreadPoolExecutor.java:1162)
10-30 12:49:57.653 11883 11585 W System.err: 	at java.util.concurrent.ThreadPoolExecutor$Worker.run(ThreadPoolExecutor.java:636)
10-30 12:49:57.653 11883 11585 W System.err: 	at java.lang.Thread.run(Thread.java:764)
10-30 12:49:57.655 11113 30684 I WifiService: acquireWifiLock uid=10044 lockMode=2
10-30 12:49:57.656 11113 30684 I WifiService: releaseWifiLock uid=10044
10-30 12:49:57.664 11113 30684 I WifiService: acquireWifiLock uid=10044 lockMode=2
10-30 12:49:57.669 11113 30684 I WifiService: releaseWifiLock uid=10044
10-30 12:49:57.671 11113 29724 I WifiService: acquireWifiLock uid=10044 lockMode=2
10-30 12:49:57.676 11113 15177 I WifiService: releaseWifiLock uid=10044
10-30 12:49:57.679 11113 29724 I WifiService: acquireWifiLock uid=10044 lockMode=2
10-30 12:49:57.685 11113 15033 I WifiService: releaseWifiLock uid=10044
10-30 12:49:57.686 11883 16167 I Places  : Converted 16 out of 16 WiFi scans
10-30 12:49:57.688 11113 15033 I WifiService: getConnectionInfo uid=10044
10-30 12:49:57.692 11113 12251 I WifiService: releaseWifiLock uid=10044
10-30 12:49:57.694 11883  7796 W ctxmgr  : [AclManager]No 2 for (accnt=account#-517948760#, com.google.android.gms(10044):UserLocationProducer, vrsn=12689000, 0, 3pPkg = null ,  3pMdlId = null ,  pid = 11883). Was: 3 for 1, account#-517948760#
10-30 12:49:57.695 11113 29724 I WifiService: releaseWifiLock uid=10044
10-30 12:49:57.704 11113 12891 I LocationManagerService: remove ec94731
10-30 12:49:57.705 11113 12193 I NlpLocationProvider: handleSetRequest() request=ProviderRequest[OFF]
10-30 12:49:57.711 11883 10229 W ctxmgr  : [AclManager]No 2 for (accnt=account#-517948760#, com.google.android.gms(10044):UserVelocityProducer, vrsn=12689000, 0, 3pPkg = null ,  3pMdlId = null ,  pid = 11883). Was: 3 for 48, account#-517948760#
10-30 12:49:57.713 11113 11127 I LocationManagerService: remove 1700caf
10-30 12:49:57.715 11113 15177 I WifiService: acquireWifiLock uid=10044 lockMode=2
10-30 12:49:57.719 11113 15033 I WifiService: releaseWifiLock uid=10044
10-30 12:49:57.722 11113 15033 I WifiService: acquireWifiLock uid=10044 lockMode=2
10-30 12:49:57.724 11113 15177 I LocationManagerService: remove 3a80bf2
10-30 12:49:57.727 11113 15177 I GnssLocationProvider: WakeLock acquired by sendMessage(SET_REQUEST, 0, com.android.server.location.GnssLocationProvider$GpsRequest@183751c)
10-30 12:49:57.727 11113 15033 I WifiService: releaseWifiLock uid=10044
10-30 12:49:57.727 11113 11127 I GnssLocationProvider: WakeLock released by handleMessage(SET_REQUEST, 0, com.android.server.location.GnssLocationProvider$GpsRequest@183751c)
10-30 12:49:57.729 11113 15177 I WifiService: acquireWifiLock uid=10044 lockMode=2
10-30 12:49:57.733 11113 16278 I WifiService: releaseWifiLock uid=10044
10-30 12:49:57.747 11113 16278 I WifiService: acquireWifiLock uid=10044 lockMode=2
10-30 12:49:57.749 11113 16278 I WifiService: releaseWifiLock uid=10044
10-30 12:49:57.754 11113 15033 I WifiService: acquireWifiLock uid=10044 lockMode=2
10-30 12:49:57.757 11113 15033 I WifiService: releaseWifiLock uid=10044
10-30 12:49:57.760 11113 12251 I WifiService: acquireWifiLock uid=10044 lockMode=2
10-30 12:49:57.764 11113 12251 I WifiService: releaseWifiLock uid=10044
10-30 12:49:57.767 11113 15033 I WifiService: acquireWifiLock uid=10044 lockMode=2
10-30 12:49:57.771 11113 15033 I WifiService: releaseWifiLock uid=10044
10-30 12:49:59.894 11883  7796 W System  : ClassLoader referenced unknown path: system/framework/mediatek-cta.jar
10-30 12:49:59.896 11883  7796 I System.out: e:java.lang.ClassNotFoundException: com.mediatek.cta.CtaHttp
10-30 12:49:59.897 11883  7796 I System.out: [socket] connection auditrecording-pa.googleapis.com/216.58.220.202:443;LocalPort=-1(0)
10-30 12:50:00.771 11113 11128 E KernelCpuSpeedReader: Failed to read cpu-freq: /sys/devices/system/cpu/cpu0/cpufreq/stats/time_in_state (No such file or directory)
10-30 12:50:01.460 11030 11566 W libc-netbsd: res_queryN name = ogepodownload.mediatek.com succeed
10-30 12:50:01.460 11030 11565 W libc-netbsd: res_queryN name = ogepodownload.mediatek.com succeed
10-30 12:50:01.463  2900  3075 W libc-netbsd: getaddrinfo: ogepodownload.mediatek.com get result from proxy gai_error = 0
10-30 12:50:01.463  2900  3076 W libc-netbsd: getaddrinfo: ogepodownload.mediatek.com get result from proxy gai_error = 0
10-30 12:50:02.257 11883 10229 W ctxmgr  : [AclManager]No 2 for (accnt=account#-517948760#, com.google.android.gms(10044):IndoorOutdoorProducer, vrsn=12689000, 0, 3pPkg = null ,  3pMdlId = null ,  pid = 11883). Was: 3 for 57, account#-517948760#
10-30 12:50:02.346 11094 11160 W System  : ClassLoader referenced unknown path: system/framework/mediatek-cta.jar
10-30 12:50:02.349 11094 11160 I System.out: e:java.lang.ClassNotFoundException: com.mediatek.cta.CtaHttp
10-30 12:50:02.350 11094 11160 W System  : ClassLoader referenced unknown path: system/framework/mediatek-cta.jar
10-30 12:50:02.353 11094 11160 I System.out: e:java.lang.ClassNotFoundException: com.mediatek.cta.CtaHttp
10-30 12:50:02.354 11094 11160 I System.out: [socket] connection play.googleapis.com/172.217.31.234:443;LocalPort=-1(10000)
10-30 12:50:02.419 11094 11160 I System.out: [socket][/10.0.0.14:52046] connected
10-30 12:50:02.454 11094 11160 I System.out: close [socket][/10.0.0.14:52046]
10-30 12:50:02.456 11094 11160 W System  : ClassLoader referenced unknown path: system/framework/mediatek-cta.jar
10-30 12:50:02.459 11094 11160 I System.out: e:java.lang.ClassNotFoundException: com.mediatek.cta.CtaHttp
10-30 12:50:02.461 11094 11160 W System  : ClassLoader referenced unknown path: system/framework/mediatek-cta.jar
10-30 12:50:02.465 11094 11160 I System.out: e:java.lang.ClassNotFoundException: com.mediatek.cta.CtaHttp
10-30 12:50:02.466 11094 11160 I System.out: [socket] connection play.googleapis.com/172.217.161.170:443;LocalPort=-1(10000)
10-30 12:50:02.777 11113 11221 I DataShapingService: openLteGateSuccess = false
10-30 12:50:02.795 11113 15033 I WifiService: acquireWifiLock uid=10044 lockMode=2
10-30 12:50:02.805 11883 11092 W ctxmgr  : [AclManager]No 2 for (accnt=account#-517948760#, com.google.android.gms(10044):UserLocationProducer, vrsn=12689000, 0, 3pPkg = null ,  3pMdlId = null ,  pid = 11883). Was: 3 for 1, account#-517948760#
10-30 12:50:02.809 11113 15177 I WifiService: acquireWifiLock uid=10044 lockMode=2
10-30 12:50:02.820 11113 11260 E WifiScanningService: Got invalid work source request: WorkSource{} from ClientInfo[uid=10044,android.os.Messenger@63e7505]
10-30 12:50:02.868 11113 12251 I WifiService: releaseWifiLock uid=10044
10-30 12:50:02.902 11113 16278 I WifiService: acquireWifiLock uid=10044 lockMode=2
10-30 12:50:02.917 11113 16278 I WifiService: releaseWifiLock uid=10044
10-30 12:50:02.926 11113 16278 I WifiService: acquireWifiLock uid=10044 lockMode=2
10-30 12:50:02.931 11113 12251 I WifiService: releaseWifiLock uid=10044
10-30 12:50:02.932 11113 15177 I WifiService: acquireWifiLock uid=10044 lockMode=2
10-30 12:50:02.937 11113 12251 I WifiService: releaseWifiLock uid=10044
10-30 12:50:02.939 11113 12251 I WifiService: acquireWifiLock uid=10044 lockMode=2
10-30 12:50:02.947 11113 15033 I WifiService: releaseWifiLock uid=10044
10-30 12:50:02.951 11883 11092 W ctxmgr  : [AclManager]No 2 for (accnt=account#-517948760#, com.google.android.gms(10044):UserLocationProducer, vrsn=12689000, 0, 3pPkg = null ,  3pMdlId = null ,  pid = 11883). Was: 3 for 1, account#-517948760#
10-30 12:50:02.955 11113 12251 I WifiService: releaseWifiLock uid=10044
10-30 12:50:03.433   408   440 I libPerfService: perfUserScnCheckAll
10-30 12:50:03.595 11113 11143 I libsuspend: ws name: GPS, act_since: 7824, act_cnt: 2, ev_cnt: 2, wakeup_cnt: 0
10-30 12:50:03.596 11113 11143 I libsuspend: ws name: PowerManagerService.WakeLocks, act_since: 127792, act_cnt: 66178, ev_cnt: 66180, wakeup_cnt: 15598
10-30 12:50:03.596 11113 11143 I libsuspend: ws name: gpswakelock, act_since: 7785, act_cnt: 385, ev_cnt: 385, wakeup_cnt: 42
10-30 12:50:03.718  2900  3076 W mtknav  : mtknav_MD5_file_check: read old MD5 file error
10-30 12:50:03.719  2900  3076 W mtknav  : mtknav_MD5_file_check: read new MD5 file error
10-30 12:50:03.720  2900  3076 W mtknav  : mtknav_event_hdlr: mnld_mtknav_download() after
10-30 12:50:03.833  2900  3075 W qepo    : qepo_event_hdlr: mnld_qepo_download() after
10-30 12:50:06.551  2928  2928 I thermal_repeater: [recvMdThermalInfo] ret=33, strLen=127,  2, 32767, -127, 101, 32767, 3745
10-30 12:50:07.279 11113 11128 E KernelCpuSpeedReader: Failed to read cpu-freq: /sys/devices/system/cpu/cpu0/cpufreq/stats/time_in_state (No such file or directory)
10-30 12:50:07.283 11883 10229 W ctxmgr  : [AclManager]No 2 for (accnt=account#-517948760#, com.google.android.gms(10044):IndoorOutdoorProducer, vrsn=12689000, 0, 3pPkg = null ,  3pMdlId = null ,  pid = 11883). Was: 3 for 57, account#-517948760#
10-30 12:50:09.667 11883 11152 W System  : ClassLoader referenced unknown path: system/framework/mediatek-cta.jar
10-30 12:50:09.674 11883 11152 I System.out: e:java.lang.ClassNotFoundException: com.mediatek.cta.CtaHttp
10-30 12:50:09.676 11883 11152 W System  : ClassLoader referenced unknown path: system/framework/mediatek-cta.jar
10-30 12:50:09.679 11883 11152 I System.out: e:java.lang.ClassNotFoundException: com.mediatek.cta.CtaHttp
10-30 12:50:09.680 11883 11152 I System.out: [socket] connection play.googleapis.com/216.58.199.106:443;LocalPort=-1(60000)
10-30 12:50:10.758 11113 11221 I DataShapingService: openLteGateSuccess = false
10-30 12:50:10.760 11113 11127 W AlarmManager: Unrecognized alarm listener com.android.server.DeviceIdleController$4@8c7cc87
10-30 12:50:10.761 11113 11127 I LocationManagerService: remove 7d80238
10-30 12:50:10.762 11113 11127 I LocationManagerService: remove 600a39a
10-30 12:50:10.765 11113 11127 I GnssLocationProvider: WakeLock acquired by sendMessage(SET_REQUEST, 0, com.android.server.location.GnssLocationProvider$GpsRequest@6f63211)
10-30 12:50:10.775 11113 11127 I GnssLocationProvider: WakeLock released by handleMessage(SET_REQUEST, 0, com.android.server.location.GnssLocationProvider$GpsRequest@6f63211)
10-30 12:50:10.843 11030 11030 I Netd    : Destroyed 1 sockets for UidRanges{ 10000-2147483647 } skip={1000 1001 1027 2000 10044 10054 10057 10068 10107 10117 10119 10126} in 1.1 ms
10-30 12:50:10.847 11094 11160 W System  : ClassLoader referenced unknown path: system/framework/mediatek-cta.jar
10-30 12:50:10.850 11094 11160 I System.out: e:java.lang.ClassNotFoundException: com.mediatek.cta.CtaHttp
10-30 12:50:10.851 11094 11160 W System  : ClassLoader referenced unknown path: system/framework/mediatek-cta.jar
10-30 12:50:10.854 11094 11160 I System.out: e:java.lang.ClassNotFoundException: com.mediatek.cta.CtaHttp
10-30 12:50:10.855 11094 11160 I System.out: [socket] connection play.googleapis.com/216.58.200.10:443;LocalPort=-1(10000)
10-30 12:50:10.952  2900  3085 W MNLD    : hal_gps_stop: hal_gps_stop
10-30 12:50:10.952  2900  3085 E MNLD    : fsm_gps_state_started: fsm_gps_state_started() data1=0,data2=0,data3=0x0
10-30 12:50:10.952  7577  7577 I OtaApp@@@IdleStatReceiver: action : android.os.action.DEVICE_IDLE_MODE_CHANGED idle true
10-30 12:50:10.958 11113 12251 I WifiService: acquireWifiLock uid=10044 lockMode=2
10-30 12:50:10.960 11113 29724 I LocationManagerService: remove c330233
10-30 12:50:10.961 11113 29724 I GnssLocationProvider: WakeLock acquired by sendMessage(SET_REQUEST, 0, com.android.server.location.GnssLocationProvider$GpsRequest@43aaf76)
10-30 12:50:10.962 11113 11127 I GnssLocationProvider: WakeLock released by handleMessage(SET_REQUEST, 0, com.android.server.location.GnssLocationProvider$GpsRequest@43aaf76)
10-30 12:50:10.966 11113 16278 I WifiService: releaseWifiLock uid=10044
10-30 12:50:10.968 11113 16278 I WifiService: releaseWifiLock uid=10044
10-30 12:50:10.997  2900  3085 W MNLD    : main_event_hdlr: GPS2MAIN_EVENT_STOP_DONE
10-30 12:50:10.997  2900  3085 E MNLD    : fsm_gps_state_stopping: fsm_gps_state_stopping() data1=0,data2=0,data3=0x0
10-30 12:50:10.999  2934  3788 I MtkGnssHAL_GnssInterface: updateWakelock: GNSS HAL Wakelock released
10-30 12:50:11.000  2932  2989 I MtkAgpsNative: Enter supl_handle_mmi_abort
10-30 12:50:11.001  2932  2989 I MtkAgpsNative: supl_handle_mmi_abort rcv(SUPL_ULP_MSG_UNKNOWN) snd(SUPL_ULP_MSG_UNKNOWN) state(SUPL_SESSION_STATE_WAIT_SEND_CNF), trig_start(0)
10-30 12:50:13.251 12129 11161 W System  : ClassLoader referenced unknown path: system/framework/mediatek-cta.jar
10-30 12:50:13.254 12129 11161 I System.out: e:java.lang.ClassNotFoundException: com.mediatek.cta.CtaHttp
10-30 12:50:13.256 12129 11161 W System  : ClassLoader referenced unknown path: system/framework/mediatek-cta.jar
