--------- beginning of system
10-30 10:01:59.622 11113 11221 D PowerManagerService: acquireWakeLockInternal: lock=122187094, flags=0x1, tag="*alarm*", ws=WorkSource{10044 com.google.android.gms}, uid=1000, pid=11113, packageName=android
10-30 10:01:59.636 11113 11113 D PowerManagerService: releaseWakeLockInternal: lock=122187094 [*alarm*], flags=0x0, total_time=14ms, ws/pid/uid=WorkSource{10044 com.google.android.gms}/11113/1000, packageName=android
10-30 10:01:59.639 11113 29724 D PowerManagerService: acquireWakeLockInternal: lock=180489599, flags=0x1, tag="*net_scheduler*", ws=WorkSource{10044 com.google.android.gms}, uid=10044, pid=11883, packageName=com.google.android.gms
10-30 10:01:59.675 11113 13526 D PowerManagerService: releaseWakeLockInternal: lock=180489599 [*net_scheduler*], flags=0x0, total_time=35ms, ws/pid/uid=WorkSource{10044 com.google.android.gms}/11883/10044, packageName=com.google.android.gms
10-30 10:02:00.001 11113 11221 V AlarmManager: Checking for alarms... rtc=1540864920001, elapsed=2941293487
10-30 10:02:00.001 11113 11221 V AlarmManager: Triggering alarm #0: Alarm{60fd731 type 3 when 2941293487 android}
10-30 10:02:03.720 11113 11113 I DeviceIdleController: updateChargingLocked: charging=true
10-30 10:02:03.721 11113 11113 I DeviceIdleController: becomeActiveLocked, reason = charging
10-30 10:02:03.730 11113 11256 D WifiController: battery changed pluggedType: 2
10-30 10:02:03.730 11113 11256 D WifiController: wifiSleepPolicy:2, means: Never sleep
10-30 10:02:03.730 11113 11256 D WifiController: wifiSleepPolicy:2, means: Never sleep
10-30 10:02:03.770 11113 11131 E BatteryExternalStatsWorker: no controller energy info supplied for wifi
10-30 10:02:03.770 11113 11131 E BatteryExternalStatsWorker: no controller energy info supplied for bluetooth
10-30 10:02:03.771 11113 29724 D PowerManagerService: acquireWakeLockInternal: lock=248595740, flags=0x1, tag="RILJ", ws=null, uid=1001, pid=11564, packageName=com.android.phone
10-30 10:02:03.802 11113 13526 D PowerManagerService: releaseWakeLockInternal: lock=248595740 [RILJ], flags=0x0, total_time=32ms, ws/pid/uid=null/11564/1001, packageName=com.android.phone
10-30 10:02:03.812 11113 11131 E KernelCpuSpeedReader: Failed to read cpu-freq: /sys/devices/system/cpu/cpu0/cpufreq/stats/time_in_state (No such file or directory)
10-30 10:02:14.903 11113 11221 V AlarmManager: Checking for alarms... rtc=1540864934903, elapsed=2941308390
10-30 10:02:14.904 11113 11221 V AlarmManager: Triggering alarm #0: Alarm{1d12525 type 3 when 2941308390 com.google.android.gms}
10-30 10:02:15.045 11113 11221 V AlarmManager: Checking for alarms... rtc=1540864935045, elapsed=2941308532
10-30 10:02:15.046 11113 11221 V AlarmManager: Triggering alarm #0: Alarm{efc46fa type 2 when 2941308532 com.google.android.gms}
10-30 10:02:15.047 11113 11221 D DataShapingService: [isDataShapingWhitelistApp] packageName: android
10-30 10:02:15.048 11113 11221 D DataShapingUtils: [isDataShapingWhitelistApp] packageName: android, mWhitelist: []
10-30 10:02:15.049 11113 11221 D DataShapingService: [isDataShapingWhitelistApp] packageName: com.google.android.gms
10-30 10:02:15.049 11113 11221 D DataShapingUtils: [isDataShapingWhitelistApp] packageName: com.google.android.gms, mWhitelist: []
10-30 10:02:15.050 11113 11221 D DataShapingService: [isDataShapingWhitelistApp] packageName: com.google.android.gms
10-30 10:02:15.050 11113 11221 D DataShapingUtils: [isDataShapingWhitelistApp] packageName: com.google.android.gms, mWhitelist: []
10-30 10:02:15.051 11113 11221 D DataShapingService: [openLteDataUpLinkGate] isForce: false
10-30 10:02:15.052 11113 11221 D DataShapingService: Alarm manager openLteDataUpLinkGate: false
10-30 10:02:15.053 11113 11221 I DataShapingService: openLteGateSuccess = false
10-30 10:02:15.053 11113 11221 V AlarmManager: sending alarm Alarm{60fd731 type 3 when 2941293487 android}
10-30 10:02:15.054 11113 11221 D PowerManagerService: acquireWakeLockInternal: lock=122187094, flags=0x40000001, tag="*alarm*", ws=WorkSource{1000}, uid=1000, pid=11113, packageName=android
10-30 10:02:15.055 11113 11221 V AlarmManager: sending alarm Alarm{1d12525 type 3 when 2941308390 com.google.android.gms}
10-30 10:02:15.059 11113 11221 V AlarmManager: sending alarm Alarm{efc46fa type 2 when 2941308532 com.google.android.gms}
10-30 10:02:15.059 11113 11221 D AlarmManager: wakeup alarm = Alarm{efc46fa type 2 when 2941308532 com.google.android.gms}; package = com.google.android.gms
10-30 10:02:15.106 11113 29724 V ActivityManager: callerApp:com.google.android.gms
10-30 10:02:15.107 11113 29724 V ActivityManager: bringUpServiceLocked - 2
10-30 10:02:15.110 11113 11603 D PowerManagerService: acquireWakeLockInternal: lock=180489599, flags=0x1, tag="*net_scheduler*", ws=WorkSource{10044 com.google.android.gms}, uid=10044, pid=11883, packageName=com.google.android.gms
10-30 10:02:15.119 11113 13526 V ActivityManager: callerApp:com.google.android.gms
10-30 10:02:15.121 11113 13526 V ActivityManager: bringUpServiceLocked - 2
10-30 10:02:15.174 11113 11603 D PowerManagerService: releaseWakeLockInternal: lock=180489599 [*net_scheduler*], flags=0x0, total_time=63ms, ws/pid/uid=WorkSource{10044 com.google.android.gms}/11883/10044, packageName=com.google.android.gms
10-30 10:02:15.245 11113 11113 D PowerManagerService: releaseWakeLockInternal: lock=122187094 [*alarm*], flags=0x0, total_time=191ms, ws/pid/uid=WorkSource{1000}/11113/1000, packageName=android
10-30 10:02:40.619 11113 11221 V AlarmManager: Checking for alarms... rtc=1540864960618, elapsed=2941334105
10-30 10:02:40.619 11113 11221 V AlarmManager: Triggering alarm #0: Alarm{80ad0d9 type 2 when 2941334105 android}
10-30 10:02:40.621 11113 11221 D DataShapingService: [openLteDataUpLinkGate] isForce: false
10-30 10:02:40.622 11113 11221 D DataShapingService: Alarm manager openLteDataUpLinkGate: false
10-30 10:02:40.622 11113 11221 I DataShapingService: openLteGateSuccess = false
10-30 10:02:40.623 11113 11221 V AlarmManager: sending alarm Alarm{80ad0d9 type 2 when 2941334105 android}
10-30 10:02:40.623 11113 11221 D AlarmManager: wakeup alarm = Alarm{80ad0d9 type 2 when 2941334105 android}; listener package = *job.delay*
10-30 10:02:40.623 11113 11221 D PowerManagerService: acquireWakeLockInternal: lock=122187094, flags=0x1, tag="*alarm*", ws=WorkSource{10068}, uid=1000, pid=11113, packageName=android
10-30 10:02:40.625 11113 11113 D PowerManagerService: releaseWakeLockInternal: lock=122187094 [*alarm*], flags=0x0, total_time=1ms, ws/pid/uid=WorkSource{10068}/11113/1000, packageName=android
10-30 10:02:40.628 11113 11113 V JobSchedulerService: validNewProc:  package=com.google.android.googlequicksearchbox alive=true restrict=false tempRestrict=false defalutInputMethod=false useInLauncher=true
10-30 10:02:40.629 11113 11113 V ActivityManager: callerApp:system
10-30 10:02:40.631 11113 11113 V ActivityManager: bringUpServiceLocked - 2
10-30 10:02:40.666 11113 11113 I ActivityManager: Start proc 8998:com.google.android.googlequicksearchbox:search/u0a68 for service com.google.android.googlequicksearchbox/com.google.android.apps.gsa.tasks.BackgroundTasksJobService
10-30 10:02:40.667 11113 11127 D DeviceIdleController: handleMessage(7)
10-30 10:02:40.907 11113 11113 D PowerManagerService: acquireWakeLockInternal: lock=119144091, flags=0x1, tag="*job*/com.google.android.googlequicksearchbox/com.google.android.apps.gsa.tasks.BackgroundTasksJobService", ws=WorkSource{10068}, uid=1000, pid=11113, packageName=android
10-30 10:02:40.926 11113 13526 V ActivityManager: callerApp:com.google.android.googlequicksearchbox
10-30 10:02:40.927 11113 13526 V ActivityManager: bringUpServiceLocked - 2
10-30 10:02:41.038 11113 11603 V ActivityManager: callerApp:com.google.android.googlequicksearchbox
10-30 10:02:41.039 11113 11603 V ActivityManager: bringUpServiceLocked - 2
10-30 10:02:41.081 11113 11625 V ActivityManager: callerApp:com.google.android.googlequicksearchbox
10-30 10:02:41.082 11113 11625 V ActivityManager: bringUpServiceLocked - 2
10-30 10:02:41.084 11113 11625 V ActivityManager: callerApp:com.google.android.googlequicksearchbox
10-30 10:02:41.084 11113 11625 V ActivityManager: bringUpServiceLocked - 2
10-30 10:02:41.115 11113 11625 D PowerManagerService: releaseWakeLockInternal: lock=119144091 [*job*/com.google.android.googlequicksearchbox/com.google.android.apps.gsa.tasks.BackgroundTasksJobService], flags=0x0, total_time=207ms, ws/pid/uid=WorkSource{10068}/11113/1000, packageName=android
10-30 10:02:41.122 11113 11127 D DeviceIdleController: handleMessage(7)
10-30 10:02:41.123 11113 11113 V JobSchedulerService: validNewProc:  package=com.google.android.googlequicksearchbox alive=true restrict=false tempRestrict=false defalutInputMethod=false useInLauncher=true
10-30 10:02:41.125 11113 11113 V JobSchedulerService: validNewProc:  package=com.google.android.googlequicksearchbox alive=true restrict=false tempRestrict=false defalutInputMethod=false useInLauncher=true
10-30 10:02:41.126 11113 11113 V ActivityManager: callerApp:system
10-30 10:02:41.126 11113 11113 V ActivityManager: bringUpServiceLocked - 2
10-30 10:02:41.132 11113 11113 V ActivityManager: callerApp:system
10-30 10:02:41.132 11113 11113 V ActivityManager: bringUpServiceLocked - 2
10-30 10:02:41.134 11113 11127 D DeviceIdleController: handleMessage(7)
10-30 10:02:41.135 11113 11113 V JobSchedulerService: validNewProc:  package=com.google.android.googlequicksearchbox alive=true restrict=false tempRestrict=false defalutInputMethod=false useInLauncher=true
10-30 10:02:41.135 11113 11113 V JobSchedulerService: validNewProc:  package=com.google.android.googlequicksearchbox alive=true restrict=false tempRestrict=false defalutInputMethod=false useInLauncher=true
10-30 10:02:41.140 11113 11113 D PowerManagerService: acquireWakeLockInternal: lock=216843362, flags=0x1, tag="*job*/com.google.android.googlequicksearchbox/com.google.android.apps.gsa.tasks.BackgroundTasksJobService", ws=WorkSource{10068}, uid=1000, pid=11113, packageName=android
10-30 10:02:41.141 11113 11113 D PowerManagerService: acquireWakeLockInternal: lock=175221235, flags=0x1, tag="*job*/com.google.android.googlequicksearchbox/com.google.android.apps.gsa.tasks.BackgroundTasksJobService", ws=WorkSource{10068}, uid=1000, pid=11113, packageName=android
10-30 10:02:41.143 11113 11603 V ActivityManager: callerApp:com.google.android.googlequicksearchbox
10-30 10:02:41.143 11113 11603 V ActivityManager: bringUpServiceLocked - 2
10-30 10:02:41.148 11113 11603 V ActivityManager: callerApp:com.google.android.googlequicksearchbox
10-30 10:02:41.148 11113 11603 V ActivityManager: bringUpServiceLocked - 2
10-30 10:02:41.154 11113 11625 V ActivityManager: callerApp:com.google.android.googlequicksearchbox
10-30 10:02:41.154 11113 11625 V ActivityManager: bringUpServiceLocked - 2
10-30 10:02:41.169 11113 11625 D PowerManagerService: releaseWakeLockInternal: lock=175221235 [*job*/com.google.android.googlequicksearchbox/com.google.android.apps.gsa.tasks.BackgroundTasksJobService], flags=0x0, total_time=28ms, ws/pid/uid=WorkSource{10068}/11113/1000, packageName=android
10-30 10:02:41.177 11113 11113 V JobSchedulerService: validNewProc:  package=com.google.android.googlequicksearchbox alive=true restrict=false tempRestrict=false defalutInputMethod=false useInLauncher=true
10-30 10:02:41.179 11113 11113 V JobSchedulerService: validNewProc:  package=com.google.android.googlequicksearchbox alive=true restrict=false tempRestrict=false defalutInputMethod=false useInLauncher=true
10-30 10:02:41.218 11113 11603 D PowerManagerService: releaseWakeLockInternal: lock=216843362 [*job*/com.google.android.googlequicksearchbox/com.google.android.apps.gsa.tasks.BackgroundTasksJobService], flags=0x0, total_time=77ms, ws/pid/uid=WorkSource{10068}/11113/1000, packageName=android
10-30 10:02:41.226 11113 11127 D DeviceIdleController: handleMessage(7)
10-30 10:02:43.048 11113 11221 V AlarmManager: Checking for alarms... rtc=1540864963048, elapsed=2941336534
10-30 10:02:43.048 11113 11221 V AlarmManager: Triggering alarm #0: Alarm{4638bc8 type 2 when 2941336534 android}
10-30 10:02:43.050 11113 11221 D DataShapingService: [openLteDataUpLinkGate] isForce: false
10-30 10:02:43.050 11113 11221 D DataShapingService: Alarm manager openLteDataUpLinkGate: false
10-30 10:02:43.050 11113 11221 I DataShapingService: openLteGateSuccess = false
10-30 10:02:43.050 11113 11221 V AlarmManager: sending alarm Alarm{4638bc8 type 2 when 2941336534 android}
10-30 10:02:43.050 11113 11221 D AlarmManager: wakeup alarm = Alarm{4638bc8 type 2 when 2941336534 android}; listener package = *job.delay*
10-30 10:02:43.051 11113 11221 D PowerManagerService: acquireWakeLockInternal: lock=122187094, flags=0x1, tag="*alarm*", ws=WorkSource{10068}, uid=1000, pid=11113, packageName=android
10-30 10:02:43.052 11113 11113 D PowerManagerService: releaseWakeLockInternal: lock=122187094 [*alarm*], flags=0x0, total_time=0ms, ws/pid/uid=WorkSource{10068}/11113/1000, packageName=android
10-30 10:02:43.054 11113 11113 V JobSchedulerService: validNewProc:  package=com.google.android.googlequicksearchbox alive=true restrict=false tempRestrict=false defalutInputMethod=false useInLauncher=true
10-30 10:02:43.056 11113 11113 V ActivityManager: callerApp:system
10-30 10:02:43.057 11113 11113 V ActivityManager: bringUpServiceLocked - 2
10-30 10:02:43.073 11113 11127 D DeviceIdleController: handleMessage(7)
10-30 10:02:43.073 11113 11113 D PowerManagerService: acquireWakeLockInternal: lock=168402036, flags=0x1, tag="*job*/com.google.android.googlequicksearchbox/com.google.android.apps.gsa.tasks.BackgroundTasksJobService", ws=WorkSource{10068}, uid=1000, pid=11113, packageName=android
10-30 10:02:43.086 11113 13526 V ActivityManager: callerApp:com.google.android.googlequicksearchbox
10-30 10:02:43.087 11113 13526 V ActivityManager: bringUpServiceLocked - 2
10-30 10:02:43.161 11113 11603 V ActivityManager: callerApp:com.google.android.googlequicksearchbox
10-30 10:02:43.164 11113 11603 V ActivityManager: bringUpServiceLocked - 2
10-30 10:02:43.208 11113 11625 D PowerManagerService: releaseWakeLockInternal: lock=168402036 [*job*/com.google.android.googlequicksearchbox/com.google.android.apps.gsa.tasks.BackgroundTasksJobService], flags=0x0, total_time=135ms, ws/pid/uid=WorkSource{10068}/11113/1000, packageName=android
10-30 10:02:43.222 11113 11127 D DeviceIdleController: handleMessage(7)
10-30 10:02:46.210 11113 11625 V ActivityManager: callerApp:com.google.android.googlequicksearchbox
10-30 10:02:46.214 11113 11625 V ActivityManager: bringUpServiceLocked - 2
10-30 10:02:51.817 11113 11625 V ActivityManager: callerApp:com.google.android.gms
10-30 10:02:51.818 11113 11625 V ActivityManager: bringUpServiceLocked - 2
10-30 10:02:51.827 11113 11625 V ActivityManager: callerApp:com.google.android.gms
10-30 10:02:51.828 11113 11625 V ActivityManager: bringUpServiceLocked - 2
10-30 10:02:54.440 11113 11625 D PowerManagerService: releaseWakeLockInternal: lock=190938713 [*net_scheduler*], flags=0x0, total_time=190002ms, ws/pid/uid=WorkSource{10044 com.google.android.gms}/11883/10044, packageName=com.google.android.gms
10-30 10:02:59.999 11113 11221 V AlarmManager: Checking for alarms... rtc=1540864979999, elapsed=2941353486
10-30 10:03:00.000 11113 11221 V AlarmManager: Triggering alarm #0: Alarm{606320e type 3 when 2941353486 android}
10-30 10:03:15.162 11113 11221 V AlarmManager: Checking for alarms... rtc=1540864995161, elapsed=2941368648
10-30 10:03:15.162 11113 11221 V AlarmManager: Triggering alarm #0: Alarm{8b7c42f type 3 when 2941368648 com.google.android.gms}
10-30 10:04:23.241 11113 11113 I DeviceIdleController: updateChargingLocked: charging=true
10-30 10:04:23.241 11113 11113 I DeviceIdleController: becomeActiveLocked, reason = charging
10-30 10:04:23.246 11113 11256 D WifiController: battery changed pluggedType: 2
10-30 10:04:23.246 11113 11256 D WifiController: wifiSleepPolicy:2, means: Never sleep
10-30 10:04:23.246 11113 11256 D WifiController: wifiSleepPolicy:2, means: Never sleep
10-30 10:04:23.288 11113 11131 E BatteryExternalStatsWorker: no controller energy info supplied for wifi
10-30 10:04:23.288 11113 11131 E BatteryExternalStatsWorker: no controller energy info supplied for bluetooth
10-30 10:04:23.290 11113 11625 D PowerManagerService: acquireWakeLockInternal: lock=248595740, flags=0x1, tag="RILJ", ws=null, uid=1001, pid=11564, packageName=com.android.phone
10-30 10:04:23.322 11113 11603 D PowerManagerService: releaseWakeLockInternal: lock=248595740 [RILJ], flags=0x0, total_time=32ms, ws/pid/uid=null/11564/1001, packageName=com.android.phone
10-30 10:04:23.332 11113 11131 E KernelCpuSpeedReader: Failed to read cpu-freq: /sys/devices/system/cpu/cpu0/cpufreq/stats/time_in_state (No such file or directory)
10-30 10:04:23.426 11113 11113 I DeviceIdleController: updateChargingLocked: charging=true
10-30 10:04:23.427 11113 11113 I DeviceIdleController: becomeActiveLocked, reason = charging
10-30 10:04:23.427 11113 11256 D WifiController: battery changed pluggedType: 2
10-30 10:04:23.427 11113 11256 D WifiController: wifiSleepPolicy:2, means: Never sleep
10-30 10:04:23.428 11113 11256 D WifiController: wifiSleepPolicy:2, means: Never sleep
10-30 10:04:23.451 11113 11131 E BatteryExternalStatsWorker: no controller energy info supplied for wifi
10-30 10:04:23.452 11113 11131 E BatteryExternalStatsWorker: no controller energy info supplied for bluetooth
10-30 10:04:23.453 11113 13526 D PowerManagerService: acquireWakeLockInternal: lock=248595740, flags=0x1, tag="RILJ", ws=null, uid=1001, pid=11564, packageName=com.android.phone
10-30 10:04:23.481 11113 11625 D PowerManagerService: releaseWakeLockInternal: lock=248595740 [RILJ], flags=0x0, total_time=27ms, ws/pid/uid=null/11564/1001, packageName=com.android.phone
10-30 10:04:23.489 11113 11131 E KernelCpuSpeedReader: Failed to read cpu-freq: /sys/devices/system/cpu/cpu0/cpufreq/stats/time_in_state (No such file or directory)
10-30 10:04:23.507 11113 11128 E KernelCpuSpeedReader: Failed to read cpu-freq: /sys/devices/system/cpu/cpu0/cpufreq/stats/time_in_state (No such file or directory)
10-30 10:04:23.517 11113 11131 E BatteryExternalStatsWorker: no controller energy info supplied for wifi
10-30 10:04:23.518 11113 11131 E BatteryExternalStatsWorker: no controller energy info supplied for bluetooth
10-30 10:04:23.519 11113 11625 D PowerManagerService: acquireWakeLockInternal: lock=248595740, flags=0x1, tag="RILJ", ws=null, uid=1001, pid=11564, packageName=com.android.phone
10-30 10:04:23.551 11113 11603 D PowerManagerService: releaseWakeLockInternal: lock=248595740 [RILJ], flags=0x0, total_time=33ms, ws/pid/uid=null/11564/1001, packageName=com.android.phone
10-30 10:04:23.560 11113 11131 E KernelCpuSpeedReader: Failed to read cpu-freq: /sys/devices/system/cpu/cpu0/cpufreq/stats/time_in_state (No such file or directory)
10-30 10:04:55.110 11113 13526 D PowerManagerService: releaseWakeLockInternal: lock=267351882 [*net_scheduler*], flags=0x0, total_time=190001ms, ws/pid/uid=WorkSource{10044 com.google.android.gms}/11883/10044, packageName=com.google.android.gms
10-30 10:05:12.809 11113 11221 V AlarmManager: Checking for alarms... rtc=1540865112808, elapsed=2941486295
10-30 10:05:12.809 11113 11221 V AlarmManager: Triggering alarm #0: Alarm{8afcb17 type 2 when 2941486295 com.google.android.gms}
10-30 10:05:12.811 11113 11221 D DataShapingService: [isDataShapingWhitelistApp] packageName: android
10-30 10:05:12.812 11113 11221 D DataShapingUtils: [isDataShapingWhitelistApp] packageName: android, mWhitelist: []
10-30 10:05:12.812 11113 11221 D DataShapingService: [isDataShapingWhitelistApp] packageName: com.google.android.gms
10-30 10:05:12.813 11113 11221 D DataShapingUtils: [isDataShapingWhitelistApp] packageName: com.google.android.gms, mWhitelist: []
10-30 10:05:12.813 11113 11221 D DataShapingService: [isDataShapingWhitelistApp] packageName: com.google.android.gms
10-30 10:05:12.813 11113 11221 D DataShapingUtils: [isDataShapingWhitelistApp] packageName: com.google.android.gms, mWhitelist: []
10-30 10:05:12.813 11113 11221 D DataShapingService: [openLteDataUpLinkGate] isForce: false
10-30 10:05:12.814 11113 11221 D DataShapingService: Alarm manager openLteDataUpLinkGate: true
10-30 10:05:12.814 11113 11311 D DataShapingService: [handleMessage] msg_alarm_manager_trigger
10-30 10:05:12.814 11113 11221 I DataShapingService: openLteGateSuccess = true
10-30 10:05:12.815 11113 11221 V AlarmManager: sending alarm Alarm{606320e type 3 when 2941353486 android}
10-30 10:05:12.816 11113 11221 D PowerManagerService: acquireWakeLockInternal: lock=122187094, flags=0x40000001, tag="*alarm*", ws=WorkSource{1000}, uid=1000, pid=11113, packageName=android
10-30 10:05:12.818 11113 11221 V AlarmManager: sending alarm Alarm{8b7c42f type 3 when 2941368648 com.google.android.gms}
10-30 10:05:12.821 11113 11221 V AlarmManager: sending alarm Alarm{8afcb17 type 2 when 2941486295 com.google.android.gms}
10-30 10:05:12.822 11113 11221 D AlarmManager: wakeup alarm = Alarm{8afcb17 type 2 when 2941486295 com.google.android.gms}; package = com.google.android.gms
10-30 10:05:12.866 11113 13526 D PowerManagerService: acquireWakeLockInternal: lock=119763824, flags=0x1, tag="GCM_CONN_ALARM", ws=WorkSource{10044 com.google.android.gms}, uid=10044, pid=11883, packageName=com.google.android.gms
10-30 10:05:12.869 11113 11625 V ActivityManager: callerApp:com.google.android.gms
10-30 10:05:12.871 11113 11625 V ActivityManager: bringUpServiceLocked - 2
10-30 10:05:12.884 11113 11129 D DeviceIdleController: Adding AppId 10044 to temp whitelist. New entry: true
10-30 10:05:12.884 11113 11129 D DeviceIdleController: postTempActiveTimeoutMessage: uid=10044, delay=10000
10-30 10:05:12.884 11113 11129 D DeviceIdleController: Setting activity manager temp whitelist to [10044]
10-30 10:05:12.886 11113 13526 V ActivityManager: callerApp:com.google.android.gms
10-30 10:05:12.888 11113 13526 V ActivityManager: bringUpServiceLocked - 2
10-30 10:05:12.892 11113 11129 D DeviceIdleController: Setting wakelock temp whitelist to [10044]
10-30 10:05:12.993 11113 11113 D PowerManagerService: releaseWakeLockInternal: lock=122187094 [*alarm*], flags=0x0, total_time=176ms, ws/pid/uid=WorkSource{1000}/11113/1000, packageName=android
10-30 10:05:15.170 11113 11221 V AlarmManager: Checking for alarms... rtc=1540865115170, elapsed=2941488656
10-30 10:05:15.171 11113 11221 V AlarmManager: Triggering alarm #0: Alarm{6fbf42b type 3 when 2941488656 android}
10-30 10:05:17.869 11113 11625 D PowerManagerService: releaseWakeLockInternal: lock=119763824 [GCM_CONN_ALARM], flags=0x0, total_time=5002ms, ws/pid/uid=WorkSource{10044 com.google.android.gms}/11883/10044, packageName=com.google.android.gms
10-30 10:05:22.912 11113 11127 D DeviceIdleController: handleMessage(6)
10-30 10:05:22.913 11113 11127 D DeviceIdleController: checkTempAppWhitelistTimeout: uid=10044, timeNow=2941496399
10-30 10:05:22.913 11113 11127 D DeviceIdleController: Removing UID 10044 from temp whitelist
10-30 10:05:22.914 11113 11127 D DeviceIdleController: Setting activity manager temp whitelist to []
10-30 10:05:22.919 11113 11127 D DeviceIdleController: Setting wakelock temp whitelist to []
10-30 10:05:32.938 11113 11625 D PowerManagerService: acquireWakeLockInternal: lock=119763824, flags=0x1, tag="GCM_CONN_ALARM", ws=WorkSource{10044 com.google.android.gms}, uid=10044, pid=11883, packageName=com.google.android.gms
10-30 10:05:34.902 11113 11221 V AlarmManager: Checking for alarms... rtc=1540865134901, elapsed=2941508388
10-30 10:05:34.903 11113 11221 V AlarmManager: Triggering alarm #0: Alarm{1ee4088 type 3 when 2941508388 com.google.android.gms}
10-30 10:05:35.949 11113 11264 D MtkConnectivityService: reportNetworkConnectivity(1624, false) by 10044
10-30 10:05:35.950 11883  9093 D AlarmManager: setImpl : workSource=null, mPackageName=com.google.android.gms, FLAG_ALLOW_WHILE_IDLE=true type=2
10-30 10:05:35.951 11113 11625 D PowerManagerService: releaseWakeLockInternal: lock=119763824 [GCM_CONN_ALARM], flags=0x0, total_time=3012ms, ws/pid/uid=WorkSource{10044 com.google.android.gms}/11883/10044, packageName=com.google.android.gms
10-30 10:05:36.685 11113 11264 D MtkConnectivityService: NetworkAgentInfo [WIFI () - 1624] validation passed
10-30 10:05:46.691 11113 11221 V AlarmManager: Checking for alarms... rtc=1540865146690, elapsed=2941520177
10-30 10:05:46.691 11113 11221 V AlarmManager: Triggering alarm #0: Alarm{c6add34 type 2 when 2941520177 android}
10-30 10:05:46.693 11113 11221 D DataShapingService: [isDataShapingWhitelistApp] packageName: android
10-30 10:05:46.694 11113 11221 D DataShapingUtils: [isDataShapingWhitelistApp] packageName: android, mWhitelist: []
10-30 10:05:46.694 11113 11221 D DataShapingService: [isDataShapingWhitelistApp] packageName: com.google.android.gms
10-30 10:05:46.695 11113 11221 D DataShapingUtils: [isDataShapingWhitelistApp] packageName: com.google.android.gms, mWhitelist: []
10-30 10:05:46.696 11113 11221 D DataShapingService: [openLteDataUpLinkGate] isForce: false
10-30 10:05:46.696 11113 11221 D DataShapingService: Alarm manager openLteDataUpLinkGate: false
10-30 10:05:46.696 11113 11221 I DataShapingService: openLteGateSuccess = false
10-30 10:05:46.696 11113 11221 V AlarmManager: sending alarm Alarm{6fbf42b type 3 when 2941488656 android}
10-30 10:05:46.698 11113 11221 D PowerManagerService: acquireWakeLockInternal: lock=122187094, flags=0x1, tag="*alarm*", ws=WorkSource{1000}, uid=1000, pid=11113, packageName=android
10-30 10:05:46.699 11113 11221 V AlarmManager: sending alarm Alarm{c6add34 type 2 when 2941520177 android}
10-30 10:05:46.700 11113 11221 D AlarmManager: wakeup alarm = Alarm{c6add34 type 2 when 2941520177 android}; listener package = WriteBufferAlarm
10-30 10:05:46.700 11113 11221 V AlarmManager: sending alarm Alarm{1ee4088 type 3 when 2941508388 com.google.android.gms}
10-30 10:05:46.702 11113 11253 D PowerManagerService: acquireWakeLockInternal: lock=117818489, flags=0x1, tag="NetworkStats", ws=null, uid=1000, pid=11113, packageName=android
10-30 10:05:46.716 11113 11253 D NetdConnector: SND -> {41258 bandwidth gettetherstats}
10-30 10:05:46.718 11113 11250 D NetdConnector: RCV <- {200 41258 Tethering stats list completed}
10-30 10:05:46.729 11113 11253 I NetworkStatsRecorder: recordSnapshotLocked: ident[[{type=WIFI, subType=COMBINED, networkId="CMT", metered=false}]]
10-30 10:05:46.730 11113 11253 W NetworkStatsRecorder: unknown interfaces [lo, tun0], ignoring those stats
10-30 10:05:46.730 11113 11253 I NetworkStatsRecorder: recordSnapshotLocked: ident[[{type=WIFI, subType=COMBINED, networkId="CMT", metered=false}]]
10-30 10:05:46.731 11113 11253 W NetworkStatsRecorder: unknown interfaces [lo, tun0], ignoring those stats
10-30 10:05:46.732 11113 11253 D NetworkStatsRecorder: vpnArray:[Lcom.android.internal.net.VpnInfo;@7aa18d2
10-30 10:05:46.733 11113 11253 I NetworkStatsRecorder: recordSnapshotLocked: ident[[{type=WIFI, subType=COMBINED, networkId="CMT", metered=false}]]
10-30 10:05:46.734 11113 11253 I chatty  : uid=1000(system) NetworkStats identical 1 line
10-30 10:05:46.734 11113 11253 I NetworkStatsRecorder: recordSnapshotLocked: ident[[{type=WIFI, subType=COMBINED, networkId="CMT", metered=false}]]
10-30 10:05:46.735 11113 11253 W NetworkStatsRecorder: unknown interfaces [lo, tun0], ignoring those stats
10-30 10:05:46.737 11113 11253 D NetworkStatsRecorder: vpnArray:[Lcom.android.internal.net.VpnInfo;@7aa18d2
10-30 10:05:46.737 11113 11253 I NetworkStatsRecorder: recordSnapshotLocked: ident[[{type=WIFI, subType=COMBINED, networkId="CMT", metered=false}]]
10-30 10:05:46.741 11113 11253 I chatty  : uid=1000(system) NetworkStats identical 7 lines
10-30 10:05:46.741 11113 11253 I NetworkStatsRecorder: recordSnapshotLocked: ident[[{type=WIFI, subType=COMBINED, networkId="CMT", metered=false}]]
10-30 10:05:46.742 11113 11253 W NetworkStatsRecorder: unknown interfaces [lo, tun0], ignoring those stats
10-30 10:05:46.753 11113 11253 D PowerManagerService: releaseWakeLockInternal: lock=117818489 [NetworkStats], flags=0x0, total_time=50ms, ws/pid/uid=null/11113/1000, packageName=android
10-30 10:05:46.753 11113 11253 D NetdConnector: SND -> {41259 bandwidth setglobalalert 2097152}
10-30 10:05:46.756 11113 11250 D NetdConnector: RCV <- {200 41259 Bandwidth command succeeeded}
10-30 10:05:46.757 11113 11113 D PowerManagerService: updateWakeLockWorkSourceInternal: lock=122187094 [*alarm*], ws=WorkSource{10044}
10-30 10:05:46.781 11113 11625 D PowerManagerService: acquireWakeLockInternal: lock=185330777, flags=0x1, tag="wake:com.google.android.gms/.chimera.GmsIntentOperationService", ws=null, uid=10044, pid=12129, packageName=com.google.android.gms
10-30 10:05:46.784 11113 11113 D PowerManagerService: releaseWakeLockInternal: lock=122187094 [*alarm*], flags=0x0, total_time=85ms, ws/pid/uid=WorkSource{10044}/11113/1000, packageName=android
10-30 10:05:46.802 11113 11625 V ActivityManager: callerApp:com.google.android.gms
10-30 10:05:46.803 11113 11625 V ActivityManager: bringUpServiceLocked - 2
10-30 10:05:46.829 11113 11603 V ActivityManager: callerApp:com.google.android.gms
10-30 10:05:46.831 11113 11603 V ActivityManager: bringUpServiceLocked - 2
10-30 10:05:46.887 11113 11625 D PowerManagerService: acquireWakeLockInternal: lock=248595740, flags=0x1, tag="RILJ", ws=null, uid=1001, pid=11564, packageName=com.android.phone
10-30 10:05:46.888 11113 11625 D PowerManagerService: updateWakeLockWorkSourceInternal: lock=248595740 [RILJ], ws=WorkSource{10044 com.google.uid.shared:10044}
10-30 10:05:46.902 11113 11625 D PowerManagerService: updateWakeLockWorkSourceInternal: lock=248595740 [RILJ], ws=null
10-30 10:05:46.902 11113 11603 D PowerManagerService: acquireWakeLockInternal: lock=83286968, flags=0x1, tag="RILJ", ws=null, uid=1001, pid=11564, packageName=com.android.phone
10-30 10:05:46.903 11113 11625 D PowerManagerService: releaseWakeLockInternal: lock=248595740 [RILJ], flags=0x0, total_time=17ms, ws/pid/uid=null/11564/1001, packageName=com.android.phone
10-30 10:05:46.907 11113 11625 D PowerManagerService: releaseWakeLockInternal: lock=83286968 [RILJ], flags=0x0, total_time=4ms, ws/pid/uid=null/11564/1001, packageName=com.android.phone
10-30 10:06:00.000 11113 11221 V AlarmManager: Checking for alarms... rtc=1540865160000, elapsed=2941533486
10-30 10:06:00.000 11113 11221 V AlarmManager: Triggering alarm #0: Alarm{7b8e4f6 type 3 when 2941533486 android}
10-30 10:06:12.914 11113 11221 V AlarmManager: Checking for alarms... rtc=1540865172914, elapsed=2941546400
10-30 10:06:12.914 11113 11221 V AlarmManager: Triggering alarm #0: Alarm{bc0a0f7 type 3 when 2941546400 com.google.android.gms}
10-30 10:06:42.750 11113 11113 I DeviceIdleController: updateChargingLocked: charging=true
10-30 10:06:42.751 11113 11113 I DeviceIdleController: becomeActiveLocked, reason = charging
10-30 10:06:42.752 11113 11256 D WifiController: battery changed pluggedType: 2
10-30 10:06:42.753 11113 11256 D WifiController: wifiSleepPolicy:2, means: Never sleep
10-30 10:06:42.753 11113 11256 D WifiController: wifiSleepPolicy:2, means: Never sleep
10-30 10:06:42.795 11113 11131 E BatteryExternalStatsWorker: no controller energy info supplied for wifi
10-30 10:06:42.796 11113 11131 E BatteryExternalStatsWorker: no controller energy info supplied for bluetooth
10-30 10:06:42.797 11113 13526 D PowerManagerService: acquireWakeLockInternal: lock=248595740, flags=0x1, tag="RILJ", ws=null, uid=1001, pid=11564, packageName=com.android.phone
10-30 10:06:42.834 11113 13526 D PowerManagerService: releaseWakeLockInternal: lock=248595740 [RILJ], flags=0x0, total_time=38ms, ws/pid/uid=null/11564/1001, packageName=com.android.phone
10-30 10:06:42.846 11113 11131 E KernelCpuSpeedReader: Failed to read cpu-freq: /sys/devices/system/cpu/cpu0/cpufreq/stats/time_in_state (No such file or directory)
10-30 10:06:46.787 11113 11625 D PowerManagerService: releaseWakeLockInternal: lock=185330777 [wake:com.google.android.gms/.chimera.GmsIntentOperationService], flags=0x10000, total_time=60005ms, ws/pid/uid=null/12129/10044, packageName=com.google.android.gms
10-30 10:07:37.428 11113 11221 V AlarmManager: Checking for alarms... rtc=1540865257428, elapsed=2941630914
10-30 10:07:37.428 11113 11221 V AlarmManager: Triggering alarm #0: Alarm{eee40b type 2 when 2941630914 com.google.android.gms}
10-30 10:07:37.430 11113 11221 D DataShapingService: [isDataShapingWhitelistApp] packageName: android
10-30 10:07:37.431 11113 11221 D DataShapingUtils: [isDataShapingWhitelistApp] packageName: android, mWhitelist: []
10-30 10:07:37.431 11113 11221 D DataShapingService: [isDataShapingWhitelistApp] packageName: com.google.android.gms
10-30 10:07:37.432 11113 11221 D DataShapingUtils: [isDataShapingWhitelistApp] packageName: com.google.android.gms, mWhitelist: []
10-30 10:07:37.433 11113 11221 D DataShapingService: [isDataShapingWhitelistApp] packageName: com.google.android.gms
10-30 10:07:37.433 11113 11221 D DataShapingUtils: [isDataShapingWhitelistApp] packageName: com.google.android.gms, mWhitelist: []
10-30 10:07:37.434 11113 11221 D DataShapingService: [openLteDataUpLinkGate] isForce: false
10-30 10:07:37.435 11113 11221 D DataShapingService: Alarm manager openLteDataUpLinkGate: false
10-30 10:07:37.435 11113 11221 I DataShapingService: openLteGateSuccess = false
10-30 10:07:37.435 11113 11221 V AlarmManager: sending alarm Alarm{7b8e4f6 type 3 when 2941533486 android}
10-30 10:07:37.437 11113 11221 D PowerManagerService: acquireWakeLockInternal: lock=122187094, flags=0x40000001, tag="*alarm*", ws=WorkSource{1000}, uid=1000, pid=11113, packageName=android
10-30 10:07:37.438 11113 11221 V AlarmManager: sending alarm Alarm{bc0a0f7 type 3 when 2941546400 com.google.android.gms}
10-30 10:07:37.442 11113 11221 V AlarmManager: sending alarm Alarm{eee40b type 2 when 2941630914 com.google.android.gms}
10-30 10:07:37.443 11113 11221 D AlarmManager: wakeup alarm = Alarm{eee40b type 2 when 2941630914 com.google.android.gms}; package = com.google.android.gms
10-30 10:07:37.447 11113 11128 I ActivityManager: Killing 8184:com.google.android.gms:snet/u0a44 (adj 906): empty for 1826s
10-30 10:07:37.518 11113 12156 D PowerManagerService: acquireWakeLockInternal: lock=180489599, flags=0x1, tag="*net_scheduler*", ws=WorkSource{10044 com.google.android.gms}, uid=10044, pid=11883, packageName=com.google.android.gms
10-30 10:07:37.519 11113 12152 V ActivityManager: callerApp:com.google.android.gms
10-30 10:07:37.521 11113 12152 V ActivityManager: bringUpServiceLocked - 2
10-30 10:07:37.534 11113 12152 V ActivityManager: callerApp:com.google.android.gms
10-30 10:07:37.535 11113 12152 V ActivityManager: bringUpServiceLocked - 2
10-30 10:07:37.599 11113 29724 D PowerManagerService: acquireWakeLockInternal: lock=146199934, flags=0x1, tag="*net_scheduler*", ws=WorkSource{10044 com.google.android.gms}, uid=10044, pid=11883, packageName=com.google.android.gms
10-30 10:07:37.647 11113 11409 D PowerManagerService: acquireWakeLockInternal: lock=151221036, flags=0x1, tag="*net_scheduler*", ws=WorkSource{10044 com.google.android.gms}, uid=10044, pid=11883, packageName=com.google.android.gms
10-30 10:07:37.650 11113 11113 D PowerManagerService: releaseWakeLockInternal: lock=122187094 [*alarm*], flags=0x0, total_time=213ms, ws/pid/uid=WorkSource{1000}/11113/1000, packageName=android
10-30 10:07:37.671 11113 11409 D PowerManagerService: releaseWakeLockInternal: lock=151221036 [*net_scheduler*], flags=0x0, total_time=24ms, ws/pid/uid=WorkSource{10044 com.google.android.gms}/11883/10044, packageName=com.google.android.gms
10-30 10:07:37.684 11113 29724 D PowerManagerService: releaseWakeLockInternal: lock=180489599 [*net_scheduler*], flags=0x0, total_time=165ms, ws/pid/uid=WorkSource{10044 com.google.android.gms}/11883/10044, packageName=com.google.android.gms
10-30 10:07:37.685 11113 29724 D PowerManagerService: acquireWakeLockInternal: lock=180489599, flags=0x1, tag="*net_scheduler*", ws=WorkSource{10044 com.google.android.gms}, uid=10044, pid=11883, packageName=com.google.android.gms
10-30 10:07:37.707 11113 29724 D PowerManagerService: acquireWakeLockInternal: lock=57068426, flags=0x1, tag="*net_scheduler*", ws=WorkSource{10044 com.google.android.gms}, uid=10044, pid=11883, packageName=com.google.android.gms
10-30 10:07:37.710 11113 11409 V ActivityManager: callerApp:com.google.android.gms
10-30 10:07:37.710 11113 11409 V ActivityManager: bringUpServiceLocked - 2
10-30 10:07:37.731 11113 11409 D PowerManagerService: releaseWakeLockInternal: lock=180489599 [*net_scheduler*], flags=0x0, total_time=47ms, ws/pid/uid=WorkSource{10044 com.google.android.gms}/11883/10044, packageName=com.google.android.gms
10-30 10:07:40.004 11113 11409 D PowerManagerService: releaseWakeLockInternal: lock=146199934 [*net_scheduler*], flags=0x0, total_time=2405ms, ws/pid/uid=WorkSource{10044 com.google.android.gms}/11883/10044, packageName=com.google.android.gms
10-30 10:07:40.083 11113 11409 D PowerManagerService: releaseWakeLockInternal: lock=57068426 [*net_scheduler*], flags=0x0, total_time=2375ms, ws/pid/uid=WorkSource{10044 com.google.android.gms}/11883/10044, packageName=com.google.android.gms
10-30 10:07:40.467 11113 11127 I UsageStatsService: User[0] Flushing usage stats to disk
10-30 10:08:00.000 11113 11221 V AlarmManager: Checking for alarms... rtc=1540865279999, elapsed=2941653486
10-30 10:08:00.000 11113 11221 V AlarmManager: Triggering alarm #0: Alarm{631e6d7 type 3 when 2941653486 android}
10-30 10:08:07.675 11113 11221 V AlarmManager: Checking for alarms... rtc=1540865287675, elapsed=2941661161
10-30 10:08:07.675 11113 11221 V AlarmManager: Triggering alarm #0: Alarm{8defbc4 type 2 when 2941661161 com.google.android.gms}
10-30 10:08:07.677 11113 11221 D DataShapingService: [isDataShapingWhitelistApp] packageName: android
10-30 10:08:07.678 11113 11221 D DataShapingUtils: [isDataShapingWhitelistApp] packageName: android, mWhitelist: []
10-30 10:08:07.678 11113 11221 D DataShapingService: [isDataShapingWhitelistApp] packageName: com.google.android.gms
10-30 10:08:07.679 11113 11221 D DataShapingUtils: [isDataShapingWhitelistApp] packageName: com.google.android.gms, mWhitelist: []
10-30 10:08:07.680 11113 11221 D DataShapingService: [openLteDataUpLinkGate] isForce: false
10-30 10:08:07.680 11113 11221 D DataShapingService: Alarm manager openLteDataUpLinkGate: false
10-30 10:08:07.680 11113 11221 I DataShapingService: openLteGateSuccess = false
10-30 10:08:07.680 11113 11221 V AlarmManager: sending alarm Alarm{631e6d7 type 3 when 2941653486 android}
10-30 10:08:07.682 11113 11221 D PowerManagerService: acquireWakeLockInternal: lock=122187094, flags=0x40000001, tag="*alarm*", ws=WorkSource{1000}, uid=1000, pid=11113, packageName=android
10-30 10:08:07.684 11113 11221 V AlarmManager: sending alarm Alarm{8defbc4 type 2 when 2941661161 com.google.android.gms}
10-30 10:08:07.684 11113 11221 D AlarmManager: wakeup alarm = Alarm{8defbc4 type 2 when 2941661161 com.google.android.gms}; package = com.google.android.gms
10-30 10:08:07.702 11113 12156 D PowerManagerService: acquireWakeLockInternal: lock=180489599, flags=0x1, tag="*net_scheduler*", ws=WorkSource{10044 com.google.android.gms}, uid=10044, pid=11883, packageName=com.google.android.gms
10-30 10:08:07.796 11113 12156 D PowerManagerService: acquireWakeLockInternal: lock=205789555, flags=0x1, tag="*net_scheduler*", ws=WorkSource{10044 com.google.android.gms}, uid=10044, pid=11883, packageName=com.google.android.gms
10-30 10:08:07.865 11113 11113 D PowerManagerService: releaseWakeLockInternal: lock=122187094 [*alarm*], flags=0x0, total_time=182ms, ws/pid/uid=WorkSource{1000}/11113/1000, packageName=android
10-30 10:08:07.880 11113 11409 D PowerManagerService: acquireWakeLockInternal: lock=37542351, flags=0x1, tag="*net_scheduler*", ws=WorkSource{10044 com.google.android.gms}, uid=10044, pid=11883, packageName=com.google.android.gms
10-30 10:08:07.892 11113 11409 D PowerManagerService: releaseWakeLockInternal: lock=205789555 [*net_scheduler*], flags=0x0, total_time=96ms, ws/pid/uid=WorkSource{10044 com.google.android.gms}/11883/10044, packageName=com.google.android.gms
10-30 10:08:07.917 11113 11409 D PowerManagerService: releaseWakeLockInternal: lock=37542351 [*net_scheduler*], flags=0x0, total_time=36ms, ws/pid/uid=WorkSource{10044 com.google.android.gms}/11883/10044, packageName=com.google.android.gms
10-30 10:08:07.927 11113 11409 D PowerManagerService: releaseWakeLockInternal: lock=180489599 [*net_scheduler*], flags=0x0, total_time=225ms, ws/pid/uid=WorkSource{10044 com.google.android.gms}/11883/10044, packageName=com.google.android.gms
10-30 10:08:07.929 11113 11409 D PowerManagerService: acquireWakeLockInternal: lock=180489599, flags=0x1, tag="*net_scheduler*", ws=WorkSource{10044 com.google.android.gms}, uid=10044, pid=11883, packageName=com.google.android.gms
10-30 10:08:07.940 11113 11409 D PowerManagerService: acquireWakeLockInternal: lock=215347813, flags=0x1, tag="*net_scheduler*", ws=WorkSource{10121 com.google.android.videos}, uid=10044, pid=11883, packageName=com.google.android.gms
10-30 10:08:07.947 11113 29724 V ActivityManager: callerApp:com.google.android.gms
10-30 10:08:07.947 11113 29724 V ActivityManager: bringUpServiceLocked - 2
10-30 10:08:07.968 11113 29724 I ActivityManager: Start proc 9167:com.google.android.videos/u0a121 for service com.google.android.videos/com.google.android.apps.play.movies.common.service.drm.RefreshLicenseTaskService
10-30 10:08:07.970 11113 11409 D PowerManagerService: releaseWakeLockInternal: lock=180489599 [*net_scheduler*], flags=0x0, total_time=40ms, ws/pid/uid=WorkSource{10044 com.google.android.gms}/11883/10044, packageName=com.google.android.gms
10-30 10:08:07.970 11113 11409 D PowerManagerService: acquireWakeLockInternal: lock=180489599, flags=0x1, tag="*net_scheduler*", ws=WorkSource{10044 com.google.android.gms}, uid=10044, pid=11883, packageName=com.google.android.gms
10-30 10:08:07.994 11113 11409 D PowerManagerService: acquireWakeLockInternal: lock=60536136, flags=0x1, tag="*net_scheduler*", ws=WorkSource{10044 com.google.android.gms}, uid=10044, pid=11883, packageName=com.google.android.gms
10-30 10:08:08.019 11113 11125 V ActivityManager: callerApp:com.google.android.gms
10-30 10:08:08.023 11113 11125 V ActivityManager: bringUpServiceLocked - 2
10-30 10:08:08.028 11113 12156 D PowerManagerService: releaseWakeLockInternal: lock=180489599 [*net_scheduler*], flags=0x0, total_time=58ms, ws/pid/uid=WorkSource{10044 com.google.android.gms}/11883/10044, packageName=com.google.android.gms
10-30 10:08:08.037 11113 11125 V ActivityManager: callerApp:com.google.android.gms
10-30 10:08:08.038 11113 11125 V ActivityManager: bringUpServiceLocked - 2
10-30 10:08:08.047 11113 11125 V ActivityManager: callerApp:com.google.android.gms
10-30 10:08:08.048 11113 11125 V ActivityManager: bringUpServiceLocked - 2
10-30 10:08:08.167 11113 12156 V SettingsProvider: packageValueForCallResult, name = android_id, value : Bundle[{_track_generation=android.util.MemoryIntArray@64, value=d841267e6f294231, _generation_index=1, _generation=1248}]
10-30 10:08:08.216 11113 12156 V ActivityManager: callerApp:com.google.android.videos
10-30 10:08:08.216 11113 12156 V ActivityManager: bringUpServiceLocked - 2
10-30 10:08:08.234 11113 12156 I ActivityManager: Start proc 9208:com.android.vending/u0a60 for service com.android.vending/com.google.android.finsky.contentfilterui.ContentFiltersService
10-30 10:08:08.267 11113 11255 D NetdConnector: SND -> {41260 firewall set_uid_rule standby 10121 allow}
10-30 10:08:08.268 11113 11125 D PowerManagerService: acquireWakeLockInternal: lock=135300933, flags=0x1, tag="com.google.android.apps.play.movies.common.service.drm.LicenseRefresherImpl_tasks", ws=null, uid=10121, pid=9167, packageName=com.google.android.videos
10-30 10:08:08.273 11113 11409 D PowerManagerService: releaseWakeLockInternal: lock=135300933 [com.google.android.apps.play.movies.common.service.drm.LicenseRefresherImpl_tasks], flags=0x0, total_time=5ms, ws/pid/uid=null/9167/10121, packageName=com.google.android.videos
10-30 10:08:08.274 11113 11250 D NetdConnector: RCV <- {200 41260 Firewall command succeeded}
10-30 10:08:08.297 11113 12156 D PowerManagerService: releaseWakeLockInternal: lock=215347813 [*net_scheduler*], flags=0x0, total_time=357ms, ws/pid/uid=WorkSource{10121 com.google.android.videos}/11883/10044, packageName=com.google.android.gms
10-30 10:08:08.300 11113 12156 D PowerManagerService: acquireWakeLockInternal: lock=180489599, flags=0x1, tag="*net_scheduler*", ws=WorkSource{10044 com.google.android.gms}, uid=10044, pid=11883, packageName=com.google.android.gms
10-30 10:08:08.301 11113 12156 D PowerManagerService: releaseWakeLockInternal: lock=180489599 [*net_scheduler*], flags=0x0, total_time=2ms, ws/pid/uid=WorkSource{10044 com.google.android.gms}/11883/10044, packageName=com.google.android.gms
10-30 10:08:08.302 11113 12156 D PowerManagerService: acquireWakeLockInternal: lock=180489599, flags=0x1, tag="*net_scheduler*", ws=WorkSource{10044 com.google.android.gms}, uid=10044, pid=11883, packageName=com.google.android.gms
10-30 10:08:08.322 11113 11255 D NetdConnector: SND -> {41261 firewall set_uid_rule standby 10121 deny}
10-30 10:08:08.328 11113 11250 D NetdConnector: RCV <- {200 41261 Firewall command succeeded}
10-30 10:08:08.331 11113 11128 W ActivityManager: getContentProviderImpl ignoreProvider name = com.tct.privacymode.provider, cpr.name = ComponentInfo{com.tct.privacymode/com.tct.privacymode.PrivacyModeProvider}, r.processName  = system, cpr.noReleaseNeeded = false
10-30 10:08:08.331 11113 12156 D PowerManagerService: acquireWakeLockInternal: lock=58535998, flags=0x1, tag="*net_scheduler*", ws=WorkSource{10044 com.google.android.gms}, uid=10044, pid=11883, packageName=com.google.android.gms
10-30 10:08:08.351 11113 11128 I ActivityManager: Start proc 9232:com.tct.privacymode/1000 for content provider com.tct.privacymode/.PrivacyModeProvider
10-30 10:08:08.352 11113 29724 D MtkConnectivityService: Returning BLOCKED NetworkInfo to uid=10121
10-30 10:08:08.371 11113 12152 D PowerManagerService: releaseWakeLockInternal: lock=180489599 [*net_scheduler*], flags=0x0, total_time=68ms, ws/pid/uid=WorkSource{10044 com.google.android.gms}/11883/10044, packageName=com.google.android.gms
10-30 10:08:08.440 11113 12152 V SettingsProvider: packageValueForCallResult, name = android_id, value : Bundle[{_track_generation=android.util.MemoryIntArray@64, value=d69c944e82324acf, _generation_index=1, _generation=1248}]
10-30 10:08:08.465 11113 11113 I NotificationService: Cannot find enqueued record for key: 0|com.google.android.videos|1|null|10121
10-30 10:08:08.468 11113 12152 V ActivityManager: callerApp:com.google.android.gms
10-30 10:08:08.469 11113 12152 V ActivityManager: bringUpServiceLocked - 2
10-30 10:08:08.476 11335  9256 I AttrNameManager: <<<<<<<<<mService = android.app.IAttrNameManager$Stub$Proxy@afe4fe6
10-30 10:08:08.645 11113 11125 V SettingsProvider: packageValueForCallResult, name = null, value : Bundle[{_track_generation=android.util.MemoryIntArray@64, value=null, _generation_index=0, _generation=296}]
10-30 10:08:08.753 11113 12152 D PowerManagerService: acquireWakeLockInternal: lock=184974762, flags=0x1, tag="AudioMix", ws=null, uid=1041, pid=0, packageName=audioserver
10-30 10:08:08.754 11113 12152 D PowerManagerService: acquireWakeLockInternal: lock=48617745, flags=0x1, tag="AudioMix", ws=null, uid=1041, pid=0, packageName=audioserver
10-30 10:08:08.754 11113 12152 D PowerManagerService: updateWakeLockWorkSourceInternal: lock=184974762 [AudioMix], ws=null
10-30 10:08:08.755 11113 12152 D PowerManagerService: updateWakeLockWorkSourceInternal: lock=48617745 [AudioMix], ws=null
10-30 10:08:08.797 11113 29724 I ActivityManager: Killing 7654:com.google.process.gapps/u0a44 (adj 906): empty #9
10-30 10:08:08.839 11113 29724 V ActivityManager: callerApp:com.android.vending
10-30 10:08:08.840 11113 29724 V ActivityManager: bringUpServiceLocked - 2
10-30 10:08:10.763 11113 12152 D PowerManagerService: releaseWakeLockInternal: lock=58535998 [*net_scheduler*], flags=0x0, total_time=2432ms, ws/pid/uid=WorkSource{10044 com.google.android.gms}/11883/10044, packageName=com.google.android.gms
10-30 10:08:11.754 11113 11409 D PowerManagerService: releaseWakeLockInternal: lock=48617745 [AudioMix], flags=0x0, total_time=3000ms, ws/pid/uid=null/0/1041, packageName=audioserver
10-30 10:08:11.767 11113 11409 D PowerManagerService: releaseWakeLockInternal: lock=184974762 [AudioMix], flags=0x0, total_time=3014ms, ws/pid/uid=null/0/1041, packageName=audioserver
10-30 10:08:13.714 11113 11221 V AlarmManager: Checking for alarms... rtc=1540865293714, elapsed=2941667201
10-30 10:08:13.715 11113 11221 V AlarmManager: Triggering alarm #0: Alarm{e102350 type 0 when 1540865289714 com.android.vending}
10-30 10:08:13.717 11113 11221 D DataShapingService: [isDataShapingWhitelistApp] packageName: com.android.vending
10-30 10:08:13.717 11113 11221 D DataShapingUtils: [isDataShapingWhitelistApp] packageName: com.android.vending, mWhitelist: []
10-30 10:08:13.717 11113 11221 D DataShapingService: [openLteDataUpLinkGate] isForce: false
10-30 10:08:13.718 11113 11221 D DataShapingService: Alarm manager openLteDataUpLinkGate: false
10-30 10:08:13.718 11113 11221 I DataShapingService: openLteGateSuccess = false
10-30 10:08:13.718 11113 11221 V AlarmManager: sending alarm Alarm{e102350 type 0 when 1540865289714 com.android.vending}
10-30 10:08:13.718 11113 11221 D AlarmManager: wakeup alarm = Alarm{e102350 type 0 when 1540865289714 com.android.vending}; package = com.android.vending
10-30 10:08:13.734 11113 11221 D PowerManagerService: acquireWakeLockInternal: lock=122187094, flags=0x1, tag="*alarm*", ws=WorkSource{10060}, uid=1000, pid=11113, packageName=android
